Archive member included to satisfy reference by file (symbol)

/Applications/MCUXpressoIDE_24.12.148/ide/plugins/com.nxp.mcuxpresso.tools.macosx_24.12.0.202407110909/tools/bin/../lib/gcc/arm-none-eabi/13.2.1/../../../../arm-none-eabi/lib/thumb/v8-m.main+fp/hard/libcr_semihost_nf.a(_cr__main.o)
                              ./startup/startup_lpc55s69_cm33_core0.o (__main)
/Applications/MCUXpressoIDE_24.12.148/ide/plugins/com.nxp.mcuxpresso.tools.macosx_24.12.0.202407110909/tools/bin/../lib/gcc/arm-none-eabi/13.2.1/../../../../arm-none-eabi/lib/thumb/v8-m.main+fp/hard/libcr_c.a(memcpy.o)
                              ./utilities/str/fsl_str.o (memcpy)
/Applications/MCUXpressoIDE_24.12.148/ide/plugins/com.nxp.mcuxpresso.tools.macosx_24.12.0.202407110909/tools/bin/../lib/gcc/arm-none-eabi/13.2.1/../../../../arm-none-eabi/lib/thumb/v8-m.main+fp/hard/libcr_c.a(memset.o)
                              ./source/sd_card.o (memset)
/Applications/MCUXpressoIDE_24.12.148/ide/plugins/com.nxp.mcuxpresso.tools.macosx_24.12.0.202407110909/tools/bin/../lib/gcc/arm-none-eabi/13.2.1/../../../../arm-none-eabi/lib/thumb/v8-m.main+fp/hard/libcr_c.a(alloc.o)
                              ./drivers/fsl_common.o (malloc)
/Applications/MCUXpressoIDE_24.12.148/ide/plugins/com.nxp.mcuxpresso.tools.macosx_24.12.0.202407110909/tools/bin/../lib/gcc/arm-none-eabi/13.2.1/../../../../arm-none-eabi/lib/thumb/v8-m.main+fp/hard/libcr_c.a(errno.o)
                              ./utilities/str/fsl_str.o (errno)
/Applications/MCUXpressoIDE_24.12.148/ide/plugins/com.nxp.mcuxpresso.tools.macosx_24.12.0.202407110909/tools/bin/../lib/gcc/arm-none-eabi/13.2.1/../../../../arm-none-eabi/lib/thumb/v8-m.main+fp/hard/libcr_c.a(initio.o)
                              /Applications/MCUXpressoIDE_24.12.148/ide/plugins/com.nxp.mcuxpresso.tools.macosx_24.12.0.202407110909/tools/bin/../lib/gcc/arm-none-eabi/13.2.1/../../../../arm-none-eabi/lib/thumb/v8-m.main+fp/hard/libcr_semihost_nf.a(_cr__main.o) (_initio)
/Applications/MCUXpressoIDE_24.12.148/ide/plugins/com.nxp.mcuxpresso.tools.macosx_24.12.0.202407110909/tools/bin/../lib/gcc/arm-none-eabi/13.2.1/../../../../arm-none-eabi/lib/thumb/v8-m.main+fp/hard/libcr_c.a(memcmp.o)
                              ./fatfs/source/ff.o (memcmp)
/Applications/MCUXpressoIDE_24.12.148/ide/plugins/com.nxp.mcuxpresso.tools.macosx_24.12.0.202407110909/tools/bin/../lib/gcc/arm-none-eabi/13.2.1/../../../../arm-none-eabi/lib/thumb/v8-m.main+fp/hard/libcr_c.a(printf.o)
                              ./utilities/fsl_assert.o (_printf)
/Applications/MCUXpressoIDE_24.12.148/ide/plugins/com.nxp.mcuxpresso.tools.macosx_24.12.0.202407110909/tools/bin/../lib/gcc/arm-none-eabi/13.2.1/../../../../arm-none-eabi/lib/thumb/v8-m.main+fp/hard/libcr_c.a(scanf.o)
                              ./utilities/str/fsl_str.o (strtoul)
/Applications/MCUXpressoIDE_24.12.148/ide/plugins/com.nxp.mcuxpresso.tools.macosx_24.12.0.202407110909/tools/bin/../lib/gcc/arm-none-eabi/13.2.1/../../../../arm-none-eabi/lib/thumb/v8-m.main+fp/hard/libcr_c.a(setvbuf.o)
                              /Applications/MCUXpressoIDE_24.12.148/ide/plugins/com.nxp.mcuxpresso.tools.macosx_24.12.0.202407110909/tools/bin/../lib/gcc/arm-none-eabi/13.2.1/../../../../arm-none-eabi/lib/thumb/v8-m.main+fp/hard/libcr_c.a(initio.o) (setvbuf)
/Applications/MCUXpressoIDE_24.12.148/ide/plugins/com.nxp.mcuxpresso.tools.macosx_24.12.0.202407110909/tools/bin/../lib/gcc/arm-none-eabi/13.2.1/../../../../arm-none-eabi/lib/thumb/v8-m.main+fp/hard/libcr_c.a(strchr.o)
                              ./fatfs/source/ff.o (strchr)
/Applications/MCUXpressoIDE_24.12.148/ide/plugins/com.nxp.mcuxpresso.tools.macosx_24.12.0.202407110909/tools/bin/../lib/gcc/arm-none-eabi/13.2.1/../../../../arm-none-eabi/lib/thumb/v8-m.main+fp/hard/libcr_c.a(strlen.o)
                              ./utilities/str/fsl_str.o (strlen)
/Applications/MCUXpressoIDE_24.12.148/ide/plugins/com.nxp.mcuxpresso.tools.macosx_24.12.0.202407110909/tools/bin/../lib/gcc/arm-none-eabi/13.2.1/../../../../arm-none-eabi/lib/thumb/v8-m.main+fp/hard/libcr_c.a(ungetc.o)
                              /Applications/MCUXpressoIDE_24.12.148/ide/plugins/com.nxp.mcuxpresso.tools.macosx_24.12.0.202407110909/tools/bin/../lib/gcc/arm-none-eabi/13.2.1/../../../../arm-none-eabi/lib/thumb/v8-m.main+fp/hard/libcr_c.a(scanf.o) (ungetc)
/Applications/MCUXpressoIDE_24.12.148/ide/plugins/com.nxp.mcuxpresso.tools.macosx_24.12.0.202407110909/tools/bin/../lib/gcc/arm-none-eabi/13.2.1/../../../../arm-none-eabi/lib/thumb/v8-m.main+fp/hard/libcr_c.a(__fillbuf.o)
                              /Applications/MCUXpressoIDE_24.12.148/ide/plugins/com.nxp.mcuxpresso.tools.macosx_24.12.0.202407110909/tools/bin/../lib/gcc/arm-none-eabi/13.2.1/../../../../arm-none-eabi/lib/thumb/v8-m.main+fp/hard/libcr_c.a(scanf.o) (__filbuf)
[...]
Memory Configuration

Name             Origin             Length             Attributes
PROGRAM_FLASH    0x00000000         0x0009d800         xr
SRAM             0x20000000         0x00040000         xrw
SRAMX            0x04000000         0x00008000         xrw
USB_RAM          0x40100000         0x00004000         xrw
SRAM4            0x20040000         0x00004000         xrw
*default*        0x00000000         0xffffffff

Linker script and memory map

LOAD ./utilities/str/fsl_str.o
LOAD ./utilities/debug_console/fsl_debug_console.o
LOAD ./utilities/fsl_assert.o
LOAD ./startup/boot_multicore_slave.o
LOAD ./startup/startup_lpc55s69_cm33_core0.o
LOAD ./source/gpio.o
LOAD ./source/main.o
LOAD ./source/sd_card.o
LOAD ./source/semihost_hardfault.o
LOAD ./fatfs/source/diskio.o
LOAD ./fatfs/source/ff.o
LOAD ./fatfs/source/ffsystem.o
LOAD ./fatfs/source/ffunicode.o
LOAD ./drivers/fsl_clock.o
LOAD ./drivers/fsl_common.o
LOAD ./drivers/fsl_common_arm.o
LOAD ./drivers/fsl_flexcomm.o
LOAD ./drivers/fsl_gpio.o
LOAD ./drivers/fsl_i2c.o
LOAD ./drivers/fsl_power.o
LOAD ./drivers/fsl_reset.o
LOAD ./drivers/fsl_spi.o
LOAD ./drivers/fsl_usart.o
LOAD ./device/system_LPC55S69_cm33_core0.o
LOAD ./component/uart/fsl_adapter_usart.o
LOAD ./component/serial_manager/fsl_component_serial_manager.o
LOAD ./component/serial_manager/fsl_component_serial_port_uart.o
LOAD ./component/lists/fsl_component_generic_list.o
LOAD ./board/board.o
LOAD ./board/clock_config.o
LOAD ./board/peripherals.o
LOAD ./board/pin_mux.o
START GROUP
LOAD /Applications/MCUXpressoIDE_24.12.148/ide/plugins/com.nxp.mcuxpresso.tools.macosx_24.12.0.202407110909/tools/bin/../lib/gcc/arm-none-eabi/13.2.1/../../../../arm-none-eabi/lib/thumb/v8-m.main+fp/hard/libcr_semihost_nf.a
LOAD /Applications/MCUXpressoIDE_24.12.148/ide/plugins/com.nxp.mcuxpresso.tools.macosx_24.12.0.202407110909/tools/bin/../lib/gcc/arm-none-eabi/13.2.1/../../../../arm-none-eabi/lib/thumb/v8-m.main+fp/hard/libcr_c.a
LOAD /Applications/MCUXpressoIDE_24.12.148/ide/plugins/com.nxp.mcuxpresso.tools.macosx_24.12.0.202407110909/tools/bin/../lib/gcc/arm-none-eabi/13.2.1/thumb/v8-m.main+fp/hard/libcr_eabihelpers.a
LOAD /Applications/MCUXpressoIDE_24.12.148/ide/plugins/com.nxp.mcuxpresso.tools.macosx_24.12.0.202407110909/tools/bin/../lib/gcc/arm-none-eabi/13.2.1/thumb/v8-m.main+fp/hard/libgcc.a
END GROUP
                0x00000000                        __base_PROGRAM_FLASH = 0x0
                0x00000000                        __base_Flash = 0x0
                0x0009d800                        __top_PROGRAM_FLASH = 0x9d800
                0x0009d800                        __top_Flash = 0x9d800
                0x20000000                        __base_SRAM = 0x20000000
                0x20000000                        __base_RAM = 0x20000000
                0x20040000                        __top_SRAM = 0x20040000
                0x20040000                        __top_RAM = 0x20040000
                0x04000000                        __base_SRAMX = 0x4000000
                0x04000000                        __base_RAM2 = 0x4000000
                0x04008000                        __top_SRAMX = 0x4008000
                0x04008000                        __top_RAM2 = 0x4008000
                0x40100000                        __base_USB_RAM = 0x40100000
                0x40100000                        __base_RAM3 = 0x40100000
                0x40104000                        __top_USB_RAM = 0x40104000
                0x40104000                        __top_RAM3 = 0x40104000
                0x20040000                        __base_SRAM4 = 0x20040000
                0x20040000                        __base_RAM4 = 0x20040000
                0x20044000                        __top_SRAM4 = 0x20044000
                0x20044000                        __top_RAM4 = 0x20044000

.text           0x00000000     0x5b0c
 FILL mask 0xff
                0x00000000                        __vectors_start__ = ABSOLUTE (.)
 *(SORT_BY_ALIGNMENT(.isr_vector))
 .isr_vector    0x00000000      0x130 ./startup/startup_lpc55s69_cm33_core0.o
                0x00000000                __Vectors
                0x00000000                g_pfnVectors
                0x00000130                        . = ALIGN (0x4)
                0x00000130                        __section_table_start = .
                0x00000130                        __data_section_table = .
                0x00000130        0x4 LONG 0x5b0c LOADADDR (.data)
                0x00000134        0x4 LONG 0x20000000 ADDR (.data)
                0x00000138        0x4 LONG 0xc SIZEOF (.data)
                0x0000013c        0x4 LONG 0x5b0c LOADADDR (.data_RAM2)
                0x00000140        0x4 LONG 0x4000000 ADDR (.data_RAM2)
                0x00000144        0x4 LONG 0x0 SIZEOF (.data_RAM2)
                0x00000148        0x4 LONG 0x5b0c LOADADDR (.data_RAM3)
                0x0000014c        0x4 LONG 0x40100000 ADDR (.data_RAM3)
                0x00000150        0x4 LONG 0x0 SIZEOF (.data_RAM3)
                0x00000154        0x4 LONG 0x5b0c LOADADDR (.data_RAM4)
                0x00000158        0x4 LONG 0x20040000 ADDR (.data_RAM4)
                0x0000015c        0x4 LONG 0x0 SIZEOF (.data_RAM4)
                0x00000160                        __data_section_table_end = .
                0x00000160                        __bss_section_table = .
                0x00000160        0x4 LONG 0x2000000c ADDR (.bss)
                0x00000164        0x4 LONG 0x548 SIZEOF (.bss)
                0x00000168        0x4 LONG 0x4000000 ADDR (.bss_RAM2)
                0x0000016c        0x4 LONG 0x0 SIZEOF (.bss_RAM2)
                0x00000170        0x4 LONG 0x40100000 ADDR (.bss_RAM3)
                0x00000174        0x4 LONG 0x0 SIZEOF (.bss_RAM3)
                0x00000178        0x4 LONG 0x20040000 ADDR (.bss_RAM4)
                0x0000017c        0x4 LONG 0x0 SIZEOF (.bss_RAM4)
                0x00000180                        __bss_section_table_end = .
                0x00000180                        __section_table_end = .
 *(SORT_BY_ALIGNMENT(.after_vectors*))
 .after_vectors.reset
                0x00000180       0x68 ./startup/startup_lpc55s69_cm33_core0.o
                0x00000180                ResetISR
 .after_vectors.init_data
                0x000001e8       0x1e ./startup/startup_lpc55s69_cm33_core0.o
                0x000001e8                data_init
 .after_vectors.init_bss
                0x00000206       0x12 ./startup/startup_lpc55s69_cm33_core0.o
                0x00000206                bss_init
 .after_vectors
                0x00000218       0x16 ./startup/startup_lpc55s69_cm33_core0.o
                0x00000218                NMI_Handler
                0x0000021c                MemManage_Handler
                0x0000021e                BusFault_Handler
                0x00000220                UsageFault_Handler
                0x00000222                SecureFault_Handler
                0x00000224                SVC_Handler
                0x00000226                DebugMon_Handler
                0x00000228                PendSV_Handler
                0x0000022a                SysTick_Handler
                0x0000022c                CTIMER2_DriverIRQHandler
                0x0000022c                IntDefaultHandler
                0x0000022c                USB0_DriverIRQHandler
                0x0000022c                CASER_DriverIRQHandler
                0x0000022c                MRT0_DriverIRQHandler
                0x0000022c                UTICK0_DriverIRQHandler
                0x0000022c                Reserved41_DriverIRQHandler
                0x0000022c                PIN_INT4_DriverIRQHandler
                0x0000022c                PIN_INT5_DriverIRQHandler
                0x0000022c                SEC_GPIO_INT0_IRQ0_DriverIRQHandler
                0x0000022c                CTIMER4_DriverIRQHandler
                0x0000022c                GINT1_DriverIRQHandler
                0x0000022c                PIN_INT7_DriverIRQHandler
                0x0000022c                Reserved55_DriverIRQHandler
                0x0000022c                HASHCRYPT_DriverIRQHandler
                0x0000022c                USB0_NEEDCLK_DriverIRQHandler
                0x0000022c                CTIMER0_DriverIRQHandler
                0x0000022c                CTIMER1_DriverIRQHandler
                0x0000022c                PIN_INT6_DriverIRQHandler
                0x0000022c                PQ_DriverIRQHandler
                0x0000022c                MAILBOX_DriverIRQHandler
                0x0000022c                PIN_INT1_DriverIRQHandler
                0x0000022c                CTIMER3_DriverIRQHandler
                0x0000022c                Reserved61_DriverIRQHandler
                0x0000022c                SEC_GPIO_INT0_IRQ1_DriverIRQHandler
                0x0000022c                PUF_DriverIRQHandler
                0x0000022c                RTC_DriverIRQHandler
                0x0000022c                USB1_DriverIRQHandler
                0x0000022c                Reserved60_DriverIRQHandler
                0x0000022c                DMA1_DriverIRQHandler
                0x0000022c                ADC0_DriverIRQHandler
                0x0000022c                USB1_NEEDCLK_DriverIRQHandler
                0x0000022c                Reserved59_DriverIRQHandler
                0x0000022c                SDIO_DriverIRQHandler
                0x0000022c                GINT0_DriverIRQHandler
                0x0000022c                USB1_PHY_DriverIRQHandler
                0x0000022c                ACMP_DriverIRQHandler
                0x0000022c                Reserved57_DriverIRQHandler
                0x0000022c                Reserved46_DriverIRQHandler
                0x0000022c                WDT_BOD_DriverIRQHandler
                0x0000022c                SCT0_DriverIRQHandler
                0x0000022c                PLU_DriverIRQHandler
                0x0000022c                OS_EVENT_DriverIRQHandler
                0x0000022c                SEC_HYPERVISOR_CALL_DriverIRQHandler
                0x0000022c                Reserved39_DriverIRQHandler
                0x0000022c                DMA0_DriverIRQHandler
                0x0000022c                Reserved42_DriverIRQHandler
                0x0000022c                SEC_VIO_DriverIRQHandler
                0x0000022c                PIN_INT3_DriverIRQHandler
                0x0000022c                PIN_INT2_DriverIRQHandler
                0x0000022c                Reserved56_DriverIRQHandler
                0x0000022c                PIN_INT0_DriverIRQHandler
 *(SORT_BY_ALIGNMENT(.text*))
 *fill*         0x0000022e        0x2 ff
 .text.__assertion_failed
                0x00000230       0x2c ./utilities/fsl_assert.o
                0x00000230                __assertion_failed
 .text.GPIO_SPI_Init
                0x0000025c       0xc8 ./source/gpio.o
                0x0000025c                GPIO_SPI_Init
 .text.GPIO_SPI_SetSCK
                0x00000324       0x24 ./source/gpio.o
                0x00000324                GPIO_SPI_SetSCK
 .text.GPIO_SPI_SetMOSI
                0x00000348       0x24 ./source/gpio.o
                0x00000348                GPIO_SPI_SetMOSI
 .text.GPIO_SPI_SetCS
                0x0000036c       0x24 ./source/gpio.o
                0x0000036c                GPIO_SPI_SetCS
 .text.GPIO_SPI_ReadMISO
                0x00000390       0x1c ./source/gpio.o
                0x00000390                GPIO_SPI_ReadMISO
 .text.main     0x000003ac       0xf0 ./source/main.o
                0x000003ac                main
 .text.SD_Init  0x0000049c       0xfc ./source/sd_card.o
                0x0000049c                SD_Init
 .text.SD_WriteBlock
                0x00000598       0xbc ./source/sd_card.o
                0x00000598                SD_WriteBlock
 .text.SD_ReadBlock
                0x00000654       0xc0 ./source/sd_card.o
                0x00000654                SD_ReadBlock
 .text.SD_MountFS
                0x00000714       0x48 ./source/sd_card.o
                0x00000714                SD_MountFS
 .text.SD_CreateFile
                0x0000075c       0x7c ./source/sd_card.o
                0x0000075c                SD_CreateFile
 .text.SD_WriteLineDirect
                0x000007d8       0xcc ./source/sd_card.o
                0x000007d8                SD_WriteLineDirect
 .text.SD_ReadAllLines
                0x000008a4       0xa4 ./source/sd_card.o
                0x000008a4                SD_ReadAllLines
 .text.disk_ioctl
                0x00000948       0x6c ./fatfs/source/diskio.o
                0x00000948                disk_ioctl
 .text.sync_fs  0x000009b4       0xdc ./fatfs/source/ff.o
 .text.create_name
                0x00000a90      0x228 ./fatfs/source/ff.o
 .text.get_ldnumber
                0x00000cb8       0x90 ./fatfs/source/ff.o
 .text.check_fs
                0x00000d48      0x148 ./fatfs/source/ff.o
 .text.mount_volume
                0x00000e90      0x3fc ./fatfs/source/ff.o
 .text.f_mount  0x0000128c       0x94 ./fatfs/source/ff.o
                0x0000128c                f_mount
 .text.f_open   0x00001320      0x314 ./fatfs/source/ff.o
                0x00001320                f_open
 .text.f_sync   0x00001634      0x100 ./fatfs/source/ff.o
                0x00001634                f_sync
 .text.POWER_DisablePD
                0x00001734       0x20 ./drivers/fsl_clock.o
 .text.CLOCK_AttachClk
                0x00001754       0xa0 ./drivers/fsl_clock.o
                0x00001754                CLOCK_AttachClk
 .text.CLOCK_SetClkDiv
                0x000017f4       0x80 ./drivers/fsl_clock.o
                0x000017f4                CLOCK_SetClkDiv
 .text.CLOCK_SetupFROClocking
                0x00001874       0x80 ./drivers/fsl_clock.o
                0x00001874                CLOCK_SetupFROClocking
 .text.CLOCK_SetFLASHAccessCyclesForFreq
                0x000018f4      0x17c ./drivers/fsl_clock.o
                0x000018f4                CLOCK_SetFLASHAccessCyclesForFreq
 .text.FLEXCOMM_GetInstance
                0x00001a70       0x4c ./drivers/fsl_flexcomm.o
                0x00001a70                FLEXCOMM_GetInstance
 .text.FLEXCOMM0_DriverIRQHandler
                0x00001abc       0x5c ./drivers/fsl_flexcomm.o
                0x00001abc                FLEXCOMM0_DriverIRQHandler
 .text.FLEXCOMM1_DriverIRQHandler
                0x00001b18       0x5c ./drivers/fsl_flexcomm.o
                0x00001b18                FLEXCOMM1_DriverIRQHandler
 .text.FLEXCOMM2_DriverIRQHandler
                0x00001b74       0x5c ./drivers/fsl_flexcomm.o
                0x00001b74                FLEXCOMM2_DriverIRQHandler
 .text.FLEXCOMM3_DriverIRQHandler
                0x00001bd0       0x5c ./drivers/fsl_flexcomm.o
                0x00001bd0                FLEXCOMM3_DriverIRQHandler
 .text.FLEXCOMM4_DriverIRQHandler
                0x00001c2c       0x5c ./drivers/fsl_flexcomm.o
                0x00001c2c                FLEXCOMM4_DriverIRQHandler
 .text.FLEXCOMM5_DriverIRQHandler
                0x00001c88       0x5c ./drivers/fsl_flexcomm.o
                0x00001c88                FLEXCOMM5_DriverIRQHandler
 .text.FLEXCOMM6_DriverIRQHandler
                0x00001ce4       0x5c ./drivers/fsl_flexcomm.o
                0x00001ce4                FLEXCOMM6_DriverIRQHandler
 .text.FLEXCOMM7_DriverIRQHandler
                0x00001d40       0x5c ./drivers/fsl_flexcomm.o
                0x00001d40                FLEXCOMM7_DriverIRQHandler
 .text.FLEXCOMM8_DriverIRQHandler
                0x00001d9c       0x5c ./drivers/fsl_flexcomm.o
                0x00001d9c                FLEXCOMM8_DriverIRQHandler
 .text.GPIO_EnablePortClock
                0x00001df8       0x34 ./drivers/fsl_gpio.o
 .text.lowpower_set_system_voltage
                0x00001e2c      0x154 ./drivers/fsl_power.o
 .text.lowpower_set_dcdc_power_profile
                0x00001f80       0xec ./drivers/fsl_power.o
 .text.lowpower_get_part_process_corner
                0x0000206c       0x94 ./drivers/fsl_power.o
 .text.POWER_SetVoltageForFreq
                0x00002100       0x50 ./drivers/fsl_power.o
                0x00002100                POWER_SetVoltageForFreq
 .text.SystemInit
                0x00002150       0x64 ./device/system_LPC55S69_cm33_core0.o
                0x00002150                SystemInit
 .text.POWER_DisablePD
                0x000021b4       0x20 ./board/clock_config.o
 .text.BOARD_BootClockFROHF96M
                0x000021d4       0x58 ./board/clock_config.o
                0x000021d4                BOARD_BootClockFROHF96M
 .text.malloc   0x0000222c       0xc8 /Applications/MCUXpressoIDE_24.12.148/ide/plugins/com.nxp.mcuxpresso.tools.macosx_24.12.0.202407110909/tools/bin/../lib/gcc/arm-none-eabi/13.2.1/../../../../arm-none-eabi/lib/thumb/v8-m.main+fp/hard/libcr_c.a(alloc.o)
                0x0000222c                malloc
 .text._Csys_alloc
                0x000022f4       0x20 /Applications/MCUXpressoIDE_24.12.148/ide/plugins/com.nxp.mcuxpresso.tools.macosx_24.12.0.202407110909/tools/bin/../lib/gcc/arm-none-eabi/13.2.1/../../../../arm-none-eabi/lib/thumb/v8-m.main+fp/hard/libcr_c.a(alloc.o)
                0x000022f4                _Csys_alloc
 .text._initio  0x00002314       0x78 /Applications/MCUXpressoIDE_24.12.148/ide/plugins/com.nxp.mcuxpresso.tools.macosx_24.12.0.202407110909/tools/bin/../lib/gcc/arm-none-eabi/13.2.1/../../../../arm-none-eabi/lib/thumb/v8-m.main+fp/hard/libcr_c.a(initio.o)
                0x00002314                _initio
 .text.__vfprintf
                0x0000238c      0xb70 /Applications/MCUXpressoIDE_24.12.148/ide/plugins/com.nxp.mcuxpresso.tools.macosx_24.12.0.202407110909/tools/bin/../lib/gcc/arm-none-eabi/13.2.1/../../../../arm-none-eabi/lib/thumb/v8-m.main+fp/hard/libcr_c.a(printf.o)
                0x0000238c                __vfprintf
 .text._vsnprintf
                0x00002efc       0x68 /Applications/MCUXpressoIDE_24.12.148/ide/plugins/com.nxp.mcuxpresso.tools.macosx_24.12.0.202407110909/tools/bin/../lib/gcc/arm-none-eabi/13.2.1/../../../../arm-none-eabi/lib/thumb/v8-m.main+fp/hard/libcr_c.a(printf.o)
                0x00002efc                _vsnprintf
 .text._printf  0x00002f64       0x54 /Applications/MCUXpressoIDE_24.12.148/ide/plugins/com.nxp.mcuxpresso.tools.macosx_24.12.0.202407110909/tools/bin/../lib/gcc/arm-none-eabi/13.2.1/../../../../arm-none-eabi/lib/thumb/v8-m.main+fp/hard/libcr_c.a(printf.o)
                0x00002f64                _printf
 .text._sbrk    0x00002fb8       0x3c /Applications/MCUXpressoIDE_24.12.148/ide/plugins/com.nxp.mcuxpresso.tools.macosx_24.12.0.202407110909/tools/bin/../lib/gcc/arm-none-eabi/13.2.1/../../../../arm-none-eabi/lib/thumb/v8-m.main+fp/hard/libcr_c.a(_cr_sbrk.o)
                0x00002fb8                _sbrk
 .text._Cwritebuf
                0x00002ff4       0x6c /Applications/MCUXpressoIDE_24.12.148/ide/plugins/com.nxp.mcuxpresso.tools.macosx_24.12.0.202407110909/tools/bin/../lib/gcc/arm-none-eabi/13.2.1/../../../../arm-none-eabi/lib/thumb/v8-m.main+fp/hard/libcr_c.a(_writebuf.o)
                0x00002ff4                _Cwritebuf
 .text.fflush   0x00003060       0x3c /Applications/MCUXpressoIDE_24.12.148/ide/plugins/com.nxp.mcuxpresso.tools.macosx_24.12.0.202407110909/tools/bin/../lib/gcc/arm-none-eabi/13.2.1/../../../../arm-none-eabi/lib/thumb/v8-m.main+fp/hard/libcr_c.a(fflush.o)
                0x00003060                fflush
 .text.fseek    0x0000309c       0xf8 /Applications/MCUXpressoIDE_24.12.148/ide/plugins/com.nxp.mcuxpresso.tools.macosx_24.12.0.202407110909/tools/bin/../lib/gcc/arm-none-eabi/13.2.1/../../../../arm-none-eabi/lib/thumb/v8-m.main+fp/hard/libcr_c.a(fseek.o)
                0x0000309c                fseek
 .text.ftell    0x00003194       0x44 /Applications/MCUXpressoIDE_24.12.148/ide/plugins/com.nxp.mcuxpresso.tools.macosx_24.12.0.202407110909/tools/bin/../lib/gcc/arm-none-eabi/13.2.1/../../../../arm-none-eabi/lib/thumb/v8-m.main+fp/hard/libcr_c.a(ftell.o)
                0x00003194                ftell
 .text.__check_heap_overflow
                0x000031d8       0x18 /Applications/MCUXpressoIDE_24.12.148/ide/plugins/com.nxp.mcuxpresso.tools.macosx_24.12.0.202407110909/tools/bin/../lib/gcc/arm-none-eabi/13.2.1/../../../../arm-none-eabi/lib/thumb/v8-m.main+fp/hard/libcr_c.a(_cr_check_heap.o)
                0x000031d8                __check_heap_overflow
 .text.__sys_appexit
                0x000031f0        0xc /Applications/MCUXpressoIDE_24.12.148/ide/plugins/com.nxp.mcuxpresso.tools.macosx_24.12.0.202407110909/tools/bin/../lib/gcc/arm-none-eabi/13.2.1/../../../../arm-none-eabi/lib/thumb/v8-m.main+fp/hard/libcr_semihost_nf.a(__sys_appexit.o)
                0x000031f0                __exit
                0x000031f0                __sys_appexit
 .text.fsl_assert_hook
                0x000031fc       0x1a ./utilities/fsl_assert.o
                0x000031fc                fsl_assert_hook
 .text.WDT_BOD_IRQHandler
                0x00003216        0x8 ./startup/startup_lpc55s69_cm33_core0.o
                0x00003216                WDT_BOD_IRQHandler
 .text.DMA0_IRQHandler
                0x0000321e        0x8 ./startup/startup_lpc55s69_cm33_core0.o
                0x0000321e                DMA0_IRQHandler
 .text.GINT0_IRQHandler
                0x00003226        0x8 ./startup/startup_lpc55s69_cm33_core0.o
                0x00003226                GINT0_IRQHandler
 .text.GINT1_IRQHandler
                0x0000322e        0x8 ./startup/startup_lpc55s69_cm33_core0.o
                0x0000322e                GINT1_IRQHandler
 .text.PIN_INT0_IRQHandler
                0x00003236        0x8 ./startup/startup_lpc55s69_cm33_core0.o
                0x00003236                PIN_INT0_IRQHandler
 .text.PIN_INT1_IRQHandler
                0x0000323e        0x8 ./startup/startup_lpc55s69_cm33_core0.o
                0x0000323e                PIN_INT1_IRQHandler
 .text.PIN_INT2_IRQHandler
                0x00003246        0x8 ./startup/startup_lpc55s69_cm33_core0.o
                0x00003246                PIN_INT2_IRQHandler
 .text.PIN_INT3_IRQHandler
                0x0000324e        0x8 ./startup/startup_lpc55s69_cm33_core0.o
                0x0000324e                PIN_INT3_IRQHandler
 .text.UTICK0_IRQHandler
                0x00003256        0x8 ./startup/startup_lpc55s69_cm33_core0.o
                0x00003256                UTICK0_IRQHandler
 .text.MRT0_IRQHandler
                0x0000325e        0x8 ./startup/startup_lpc55s69_cm33_core0.o
                0x0000325e                MRT0_IRQHandler
 .text.CTIMER0_IRQHandler
                0x00003266        0x8 ./startup/startup_lpc55s69_cm33_core0.o
                0x00003266                CTIMER0_IRQHandler
 .text.CTIMER1_IRQHandler
                0x0000326e        0x8 ./startup/startup_lpc55s69_cm33_core0.o
                0x0000326e                CTIMER1_IRQHandler
 .text.SCT0_IRQHandler
                0x00003276        0x8 ./startup/startup_lpc55s69_cm33_core0.o
                0x00003276                SCT0_IRQHandler
 .text.CTIMER3_IRQHandler
                0x0000327e        0x8 ./startup/startup_lpc55s69_cm33_core0.o
                0x0000327e                CTIMER3_IRQHandler
 .text.FLEXCOMM0_IRQHandler
                0x00003286        0x8 ./startup/startup_lpc55s69_cm33_core0.o
                0x00003286                FLEXCOMM0_IRQHandler
 .text.FLEXCOMM1_IRQHandler
                0x0000328e        0x8 ./startup/startup_lpc55s69_cm33_core0.o
                0x0000328e                FLEXCOMM1_IRQHandler
 .text.FLEXCOMM2_IRQHandler
                0x00003296        0x8 ./startup/startup_lpc55s69_cm33_core0.o
                0x00003296                FLEXCOMM2_IRQHandler
 .text.FLEXCOMM3_IRQHandler
                0x0000329e        0x8 ./startup/startup_lpc55s69_cm33_core0.o
                0x0000329e                FLEXCOMM3_IRQHandler
 .text.FLEXCOMM4_IRQHandler
                0x000032a6        0x8 ./startup/startup_lpc55s69_cm33_core0.o
                0x000032a6                FLEXCOMM4_IRQHandler
 .text.FLEXCOMM5_IRQHandler
                0x000032ae        0x8 ./startup/startup_lpc55s69_cm33_core0.o
                0x000032ae                FLEXCOMM5_IRQHandler
 .text.FLEXCOMM6_IRQHandler
                0x000032b6        0x8 ./startup/startup_lpc55s69_cm33_core0.o
                0x000032b6                FLEXCOMM6_IRQHandler
 .text.FLEXCOMM7_IRQHandler
                0x000032be        0x8 ./startup/startup_lpc55s69_cm33_core0.o
                0x000032be                FLEXCOMM7_IRQHandler
 .text.ADC0_IRQHandler
                0x000032c6        0x8 ./startup/startup_lpc55s69_cm33_core0.o
                0x000032c6                ADC0_IRQHandler
 .text.Reserved39_IRQHandler
                0x000032ce        0x8 ./startup/startup_lpc55s69_cm33_core0.o
                0x000032ce                Reserved39_IRQHandler
 .text.ACMP_IRQHandler
                0x000032d6        0x8 ./startup/startup_lpc55s69_cm33_core0.o
                0x000032d6                ACMP_IRQHandler
 .text.Reserved41_IRQHandler
                0x000032de        0x8 ./startup/startup_lpc55s69_cm33_core0.o
                0x000032de                Reserved41_IRQHandler
 .text.Reserved42_IRQHandler
                0x000032e6        0x8 ./startup/startup_lpc55s69_cm33_core0.o
                0x000032e6                Reserved42_IRQHandler
 .text.USB0_NEEDCLK_IRQHandler
                0x000032ee        0x8 ./startup/startup_lpc55s69_cm33_core0.o
                0x000032ee                USB0_NEEDCLK_IRQHandler
 .text.USB0_IRQHandler
                0x000032f6        0x8 ./startup/startup_lpc55s69_cm33_core0.o
                0x000032f6                USB0_IRQHandler
 .text.RTC_IRQHandler
                0x000032fe        0x8 ./startup/startup_lpc55s69_cm33_core0.o
                0x000032fe                RTC_IRQHandler
 .text.Reserved46_IRQHandler
                0x00003306        0x8 ./startup/startup_lpc55s69_cm33_core0.o
                0x00003306                Reserved46_IRQHandler
 .text.MAILBOX_IRQHandler
                0x0000330e        0x8 ./startup/startup_lpc55s69_cm33_core0.o
                0x0000330e                MAILBOX_IRQHandler
 .text.PIN_INT4_IRQHandler
                0x00003316        0x8 ./startup/startup_lpc55s69_cm33_core0.o
                0x00003316                PIN_INT4_IRQHandler
 .text.PIN_INT5_IRQHandler
                0x0000331e        0x8 ./startup/startup_lpc55s69_cm33_core0.o
                0x0000331e                PIN_INT5_IRQHandler
 .text.PIN_INT6_IRQHandler
                0x00003326        0x8 ./startup/startup_lpc55s69_cm33_core0.o
                0x00003326                PIN_INT6_IRQHandler
 .text.PIN_INT7_IRQHandler
                0x0000332e        0x8 ./startup/startup_lpc55s69_cm33_core0.o
                0x0000332e                PIN_INT7_IRQHandler
 .text.CTIMER2_IRQHandler
                0x00003336        0x8 ./startup/startup_lpc55s69_cm33_core0.o
                0x00003336                CTIMER2_IRQHandler
 .text.CTIMER4_IRQHandler
                0x0000333e        0x8 ./startup/startup_lpc55s69_cm33_core0.o
                0x0000333e                CTIMER4_IRQHandler
 .text.OS_EVENT_IRQHandler
                0x00003346        0x8 ./startup/startup_lpc55s69_cm33_core0.o
                0x00003346                OS_EVENT_IRQHandler
 .text.Reserved55_IRQHandler
                0x0000334e        0x8 ./startup/startup_lpc55s69_cm33_core0.o
                0x0000334e                Reserved55_IRQHandler
 .text.Reserved56_IRQHandler
                0x00003356        0x8 ./startup/startup_lpc55s69_cm33_core0.o
                0x00003356                Reserved56_IRQHandler
 .text.Reserved57_IRQHandler
                0x0000335e        0x8 ./startup/startup_lpc55s69_cm33_core0.o
                0x0000335e                Reserved57_IRQHandler
 .text.SDIO_IRQHandler
                0x00003366        0x8 ./startup/startup_lpc55s69_cm33_core0.o
                0x00003366                SDIO_IRQHandler
 .text.Reserved59_IRQHandler
                0x0000336e        0x8 ./startup/startup_lpc55s69_cm33_core0.o
                0x0000336e                Reserved59_IRQHandler
 .text.Reserved60_IRQHandler
                0x00003376        0x8 ./startup/startup_lpc55s69_cm33_core0.o
                0x00003376                Reserved60_IRQHandler
 .text.Reserved61_IRQHandler
                0x0000337e        0x8 ./startup/startup_lpc55s69_cm33_core0.o
                0x0000337e                Reserved61_IRQHandler
 .text.USB1_PHY_IRQHandler
                0x00003386        0x8 ./startup/startup_lpc55s69_cm33_core0.o
                0x00003386                USB1_PHY_IRQHandler
 .text.USB1_IRQHandler
                0x0000338e        0x8 ./startup/startup_lpc55s69_cm33_core0.o
                0x0000338e                USB1_IRQHandler
 .text.USB1_NEEDCLK_IRQHandler
                0x00003396        0x8 ./startup/startup_lpc55s69_cm33_core0.o
                0x00003396                USB1_NEEDCLK_IRQHandler
 .text.SEC_HYPERVISOR_CALL_IRQHandler
                0x0000339e        0x8 ./startup/startup_lpc55s69_cm33_core0.o
                0x0000339e                SEC_HYPERVISOR_CALL_IRQHandler
 .text.SEC_GPIO_INT0_IRQ0_IRQHandler
                0x000033a6        0x8 ./startup/startup_lpc55s69_cm33_core0.o
                0x000033a6                SEC_GPIO_INT0_IRQ0_IRQHandler
 .text.SEC_GPIO_INT0_IRQ1_IRQHandler
                0x000033ae        0x8 ./startup/startup_lpc55s69_cm33_core0.o
                0x000033ae                SEC_GPIO_INT0_IRQ1_IRQHandler
 .text.PLU_IRQHandler
                0x000033b6        0x8 ./startup/startup_lpc55s69_cm33_core0.o
                0x000033b6                PLU_IRQHandler
 .text.SEC_VIO_IRQHandler
                0x000033be        0x8 ./startup/startup_lpc55s69_cm33_core0.o
                0x000033be                SEC_VIO_IRQHandler
 .text.HASHCRYPT_IRQHandler
                0x000033c6        0x8 ./startup/startup_lpc55s69_cm33_core0.o
                0x000033c6                HASHCRYPT_IRQHandler
 .text.CASER_IRQHandler
                0x000033ce        0x8 ./startup/startup_lpc55s69_cm33_core0.o
                0x000033ce                CASER_IRQHandler
 .text.PUF_IRQHandler
                0x000033d6        0x8 ./startup/startup_lpc55s69_cm33_core0.o
                0x000033d6                PUF_IRQHandler
 .text.PQ_IRQHandler
                0x000033de        0x8 ./startup/startup_lpc55s69_cm33_core0.o
                0x000033de                PQ_IRQHandler
 .text.DMA1_IRQHandler
                0x000033e6        0x8 ./startup/startup_lpc55s69_cm33_core0.o
                0x000033e6                DMA1_IRQHandler
 .text.FLEXCOMM8_IRQHandler
                0x000033ee        0x8 ./startup/startup_lpc55s69_cm33_core0.o
                0x000033ee                FLEXCOMM8_IRQHandler
 .text.CLOCK_EnableClock
                0x000033f6       0x30 ./source/gpio.o
 .text.GPIO_PinWrite
                0x00003426       0x2a ./source/gpio.o
 .text.GPIO_PinRead
                0x00003450       0x28 ./source/gpio.o
 .text.IOCON_PinMuxSet
                0x00003478       0x2e ./source/gpio.o
 .text.SPI_TransferByte
                0x000034a6       0x88 ./source/sd_card.o
 .text.SD_SendCommand
                0x0000352e       0xaa ./source/sd_card.o
 .text.SD_ReadExtraBytes
                0x000035d8       0x3a ./source/sd_card.o
 .text.SD_FileExists
                0x00003612       0x28 ./source/sd_card.o
                0x00003612                SD_FileExists
 .text.HardFault_Handler
                0x0000363a       0x36 ./source/semihost_hardfault.o
                0x0000363a                HardFault_Handler
 .text.disk_status
                0x00003670       0x22 ./fatfs/source/diskio.o
                0x00003670                disk_status
 .text.disk_initialize
                0x00003692       0x22 ./fatfs/source/diskio.o
                0x00003692                disk_initialize
 .text.disk_read
                0x000036b4       0x3c ./fatfs/source/diskio.o
                0x000036b4                disk_read
 .text.disk_write
                0x000036f0       0x3c ./fatfs/source/diskio.o
                0x000036f0                disk_write
 .text.ld_word  0x0000372c       0x32 ./fatfs/source/ff.o
 .text.ld_dword
                0x0000375e       0x46 ./fatfs/source/ff.o
 .text.st_word  0x000037a4       0x36 ./fatfs/source/ff.o
 .text.st_dword
                0x000037da       0x58 ./fatfs/source/ff.o
 .text.dbc_1st  0x00003832       0x22 ./fatfs/source/ff.o
 .text.dbc_2nd  0x00003854       0x22 ./fatfs/source/ff.o
 .text.sync_window
                0x00003876       0x78 ./fatfs/source/ff.o
 .text.move_window
                0x000038ee       0x5a ./fatfs/source/ff.o
 .text.clst2sect
                0x00003948       0x3e ./fatfs/source/ff.o
 .text.get_fat  0x00003986      0x14e ./fatfs/source/ff.o
 .text.put_fat  0x00003ad4      0x1d4 ./fatfs/source/ff.o
 .text.remove_chain
                0x00003ca8       0xca ./fatfs/source/ff.o
 .text.create_chain
                0x00003d72      0x1a2 ./fatfs/source/ff.o
 .text.dir_clear
                0x00003f14       0x90 ./fatfs/source/ff.o
 .text.dir_sdi  0x00003fa4       0xf6 ./fatfs/source/ff.o
 .text.dir_next
                0x0000409a      0x12c ./fatfs/source/ff.o
 .text.dir_alloc
                0x000041c6       0x8e ./fatfs/source/ff.o
 .text.ld_clust
                0x00004254       0x3e ./fatfs/source/ff.o
 .text.st_clust
                0x00004292       0x40 ./fatfs/source/ff.o
 .text.dir_find
                0x000042d2       0xaa ./fatfs/source/ff.o
 .text.dir_register
                0x0000437c       0x64 ./fatfs/source/ff.o
 .text.get_fileinfo
                0x000043e0       0xd0 ./fatfs/source/ff.o
 .text.follow_path
                0x000044b0      0x11c ./fatfs/source/ff.o
 .text.find_volume
                0x000045cc       0xbe ./fatfs/source/ff.o
 .text.validate
                0x0000468a       0x6a ./fatfs/source/ff.o
 .text.f_read   0x000046f4      0x266 ./fatfs/source/ff.o
                0x000046f4                f_read
 .text.f_write  0x0000495a      0x2d2 ./fatfs/source/ff.o
                0x0000495a                f_write
 .text.f_close  0x00004c2c       0x40 ./fatfs/source/ff.o
                0x00004c2c                f_close
 .text.f_stat   0x00004c6c       0x72 ./fatfs/source/ff.o
                0x00004c6c                f_stat
 .text.f_gets   0x00004cde       0x78 ./fatfs/source/ff.o
                0x00004cde                f_gets
 .text.CLOCK_EnableClock
                0x00004d56       0x30 ./drivers/fsl_gpio.o
 .text.GPIO_PinInit
                0x00004d86       0xa4 ./drivers/fsl_gpio.o
                0x00004d86                GPIO_PinInit
 .text.lowpower_set_voltage_for_process
                0x00004e2a       0xaa ./drivers/fsl_power.o
 .text.SystemInitHook
                0x00004ed4        0xe ./device/system_LPC55S69_cm33_core0.o
                0x00004ed4                SystemInitHook
 .text.__main   0x00004ee2        0xe /Applications/MCUXpressoIDE_24.12.148/ide/plugins/com.nxp.mcuxpresso.tools.macosx_24.12.0.202407110909/tools/bin/../lib/gcc/arm-none-eabi/13.2.1/../../../../arm-none-eabi/lib/thumb/v8-m.main+fp/hard/libcr_semihost_nf.a(_cr__main.o)
                0x00004ee2                __main
                0x00004ee2                __CR_SEMIHOST
 .text.memcpy   0x00004ef0        0x4 /Applications/MCUXpressoIDE_24.12.148/ide/plugins/com.nxp.mcuxpresso.tools.macosx_24.12.0.202407110909/tools/bin/../lib/gcc/arm-none-eabi/13.2.1/../../../../arm-none-eabi/lib/thumb/v8-m.main+fp/hard/libcr_c.a(memcpy.o)
                0x00004ef0                memcpy
 .text.memset   0x00004ef4        0x4 /Applications/MCUXpressoIDE_24.12.148/ide/plugins/com.nxp.mcuxpresso.tools.macosx_24.12.0.202407110909/tools/bin/../lib/gcc/arm-none-eabi/13.2.1/../../../../arm-none-eabi/lib/thumb/v8-m.main+fp/hard/libcr_c.a(memset.o)
                0x00004ef4                memset
 .text.free     0x00004ef8       0x30 /Applications/MCUXpressoIDE_24.12.148/ide/plugins/com.nxp.mcuxpresso.tools.macosx_24.12.0.202407110909/tools/bin/../lib/gcc/arm-none-eabi/13.2.1/../../../../arm-none-eabi/lib/thumb/v8-m.main+fp/hard/libcr_c.a(alloc.o)
                0x00004ef8                free
 .text.memcmp   0x00004f28       0x42 /Applications/MCUXpressoIDE_24.12.148/ide/plugins/com.nxp.mcuxpresso.tools.macosx_24.12.0.202407110909/tools/bin/../lib/gcc/arm-none-eabi/13.2.1/../../../../arm-none-eabi/lib/thumb/v8-m.main+fp/hard/libcr_c.a(memcmp.o)
                0x00004f28                memcmp
 .text.no_fp_display
                0x00004f6a        0x4 /Applications/MCUXpressoIDE_24.12.148/ide/plugins/com.nxp.mcuxpresso.tools.macosx_24.12.0.202407110909/tools/bin/../lib/gcc/arm-none-eabi/13.2.1/../../../../arm-none-eabi/lib/thumb/v8-m.main+fp/hard/libcr_c.a(printf.o)
 .text.setvbuf  0x00004f6e       0x3e /Applications/MCUXpressoIDE_24.12.148/ide/plugins/com.nxp.mcuxpresso.tools.macosx_24.12.0.202407110909/tools/bin/../lib/gcc/arm-none-eabi/13.2.1/../../../../arm-none-eabi/lib/thumb/v8-m.main+fp/hard/libcr_c.a(setvbuf.o)
                0x00004f6e                setvbuf
 .text.strchr   0x00004fac       0x18 /Applications/MCUXpressoIDE_24.12.148/ide/plugins/com.nxp.mcuxpresso.tools.macosx_24.12.0.202407110909/tools/bin/../lib/gcc/arm-none-eabi/13.2.1/../../../../arm-none-eabi/lib/thumb/v8-m.main+fp/hard/libcr_c.a(strchr.o)
                0x00004fac                strchr
 .text.strlen   0x00004fc4       0x4e /Applications/MCUXpressoIDE_24.12.148/ide/plugins/com.nxp.mcuxpresso.tools.macosx_24.12.0.202407110909/tools/bin/../lib/gcc/arm-none-eabi/13.2.1/../../../../arm-none-eabi/lib/thumb/v8-m.main+fp/hard/libcr_c.a(strlen.o)
                0x00004fc4                strlen
 .text._deferredlazyseek
                0x00005012       0x40 /Applications/MCUXpressoIDE_24.12.148/ide/plugins/com.nxp.mcuxpresso.tools.macosx_24.12.0.202407110909/tools/bin/../lib/gcc/arm-none-eabi/13.2.1/../../../../arm-none-eabi/lib/thumb/v8-m.main+fp/hard/libcr_c.a(_deferredlazyseek.o)
                0x00005012                _deferredlazyseek
 .text.__flsbuf
                0x00005052      0x126 /Applications/MCUXpressoIDE_24.12.148/ide/plugins/com.nxp.mcuxpresso.tools.macosx_24.12.0.202407110909/tools/bin/../lib/gcc/arm-none-eabi/13.2.1/../../../../arm-none-eabi/lib/thumb/v8-m.main+fp/hard/libcr_c.a(_deferredlazyseek.o)
                0x00005052                __flsbuf
 .text._fdopen  0x00005178       0x68 /Applications/MCUXpressoIDE_24.12.148/ide/plugins/com.nxp.mcuxpresso.tools.macosx_24.12.0.202407110909/tools/bin/../lib/gcc/arm-none-eabi/13.2.1/../../../../arm-none-eabi/lib/thumb/v8-m.main+fp/hard/libcr_c.a(_fdopen.o)
                0x00005178                _fdopen
 .text._fflush  0x000051e0       0x52 /Applications/MCUXpressoIDE_24.12.148/ide/plugins/com.nxp.mcuxpresso.tools.macosx_24.12.0.202407110909/tools/bin/../lib/gcc/arm-none-eabi/13.2.1/../../../../arm-none-eabi/lib/thumb/v8-m.main+fp/hard/libcr_c.a(_fflush.o)
                0x000051e0                _fflush
 .text.fclose   0x00005232       0x58 /Applications/MCUXpressoIDE_24.12.148/ide/plugins/com.nxp.mcuxpresso.tools.macosx_24.12.0.202407110909/tools/bin/../lib/gcc/arm-none-eabi/13.2.1/../../../../arm-none-eabi/lib/thumb/v8-m.main+fp/hard/libcr_c.a(fclose.o)
                0x00005232                fclose
 .text.remove   0x0000528a       0x14 /Applications/MCUXpressoIDE_24.12.148/ide/plugins/com.nxp.mcuxpresso.tools.macosx_24.12.0.202407110909/tools/bin/../lib/gcc/arm-none-eabi/13.2.1/../../../../arm-none-eabi/lib/thumb/v8-m.main+fp/hard/libcr_c.a(remove.o)
                0x0000528a                remove
 .text._do_fflush
                0x0000529e       0x40 /Applications/MCUXpressoIDE_24.12.148/ide/plugins/com.nxp.mcuxpresso.tools.macosx_24.12.0.202407110909/tools/bin/../lib/gcc/arm-none-eabi/13.2.1/../../../../arm-none-eabi/lib/thumb/v8-m.main+fp/hard/libcr_c.a(_do_fflush.o)
                0x0000529e                _do_fflush
 .text.__aeabi_memcpy
                0x000052de       0x34 /Applications/MCUXpressoIDE_24.12.148/ide/plugins/com.nxp.mcuxpresso.tools.macosx_24.12.0.202407110909/tools/bin/../lib/gcc/arm-none-eabi/13.2.1/thumb/v8-m.main+fp/hard/libcr_eabihelpers.a(memcpy.o)
                0x000052de                __aeabi_memcpy
                0x000052e8                __aeabi_memcpy4
                0x000052e8                __aeabi_memcpy8
 .text.__aeabi_memset_lowlevel
                0x00005312       0x32 /Applications/MCUXpressoIDE_24.12.148/ide/plugins/com.nxp.mcuxpresso.tools.macosx_24.12.0.202407110909/tools/bin/../lib/gcc/arm-none-eabi/13.2.1/thumb/v8-m.main+fp/hard/libcr_eabihelpers.a(memcpy.o)
                0x00005312                __aeabi_lowlevel_memset
 .text.__sys_close
                0x00005344        0xc /Applications/MCUXpressoIDE_24.12.148/ide/plugins/com.nxp.mcuxpresso.tools.macosx_24.12.0.202407110909/tools/bin/../lib/gcc/arm-none-eabi/13.2.1/../../../../arm-none-eabi/lib/thumb/v8-m.main+fp/hard/libcr_semihost_nf.a(__sys_close.o)
                0x00005344                __sys_close
 .text.__sys_flen
                0x00005350        0xc /Applications/MCUXpressoIDE_24.12.148/ide/plugins/com.nxp.mcuxpresso.tools.macosx_24.12.0.202407110909/tools/bin/../lib/gcc/arm-none-eabi/13.2.1/../../../../arm-none-eabi/lib/thumb/v8-m.main+fp/hard/libcr_semihost_nf.a(__sys_flen.o)
                0x00005350                __sys_flen
 .text.__sys_istty
                0x0000535c        0xc /Applications/MCUXpressoIDE_24.12.148/ide/plugins/com.nxp.mcuxpresso.tools.macosx_24.12.0.202407110909/tools/bin/../lib/gcc/arm-none-eabi/13.2.1/../../../../arm-none-eabi/lib/thumb/v8-m.main+fp/hard/libcr_semihost_nf.a(__sys_istty.o)
                0x0000535c                __sys_istty
 .text.__sys_remove
                0x00005368        0xc /Applications/MCUXpressoIDE_24.12.148/ide/plugins/com.nxp.mcuxpresso.tools.macosx_24.12.0.202407110909/tools/bin/../lib/gcc/arm-none-eabi/13.2.1/../../../../arm-none-eabi/lib/thumb/v8-m.main+fp/hard/libcr_semihost_nf.a(__sys_remove.o)
                0x00005368                __sys_remove
 .text.__sys_seek
                0x00005374        0xc /Applications/MCUXpressoIDE_24.12.148/ide/plugins/com.nxp.mcuxpresso.tools.macosx_24.12.0.202407110909/tools/bin/../lib/gcc/arm-none-eabi/13.2.1/../../../../arm-none-eabi/lib/thumb/v8-m.main+fp/hard/libcr_semihost_nf.a(__sys_seek.o)
                0x00005374                __sys_seek
 .text.__sys_tmpnam
                0x00005380        0xc /Applications/MCUXpressoIDE_24.12.148/ide/plugins/com.nxp.mcuxpresso.tools.macosx_24.12.0.202407110909/tools/bin/../lib/gcc/arm-none-eabi/13.2.1/../../../../arm-none-eabi/lib/thumb/v8-m.main+fp/hard/libcr_semihost_nf.a(__sys_tmpnam.o)
                0x00005380                __sys_tmpnam
 .text.__sys_write
                0x0000538c        0xc /Applications/MCUXpressoIDE_24.12.148/ide/plugins/com.nxp.mcuxpresso.tools.macosx_24.12.0.202407110909/tools/bin/../lib/gcc/arm-none-eabi/13.2.1/../../../../arm-none-eabi/lib/thumb/v8-m.main+fp/hard/libcr_semihost_nf.a(__sys_write.o)
                0x0000538c                __sys_write
 *(SORT_BY_ALIGNMENT(.rodata) SORT_BY_ALIGNMENT(.rodata.*) SORT_BY_ALIGNMENT(.constdata) SORT_BY_ALIGNMENT(.constdata.*))
 .rodata.__assertion_failed.str1.4
                0x00005398      0x66b ./utilities/fsl_assert.o
                                 0x14 (size before relaxing)
 *fill*         0x00005a03        0x1 ff
 .rodata        0x00005a04        0x2 ./source/gpio.o
 .rodata.str1.4
                0x00005a06        0xd ./source/main.o
 .rodata.main.str1.4
                0x00005a06      0x11a ./source/main.o
 .rodata.SD_Init.str1.4
                0x00005a06       0xa0 ./source/sd_card.o
 .rodata.SD_WriteBlock.str1.4
                0x00005a06       0x4f ./source/sd_card.o
 .rodata.SD_ReadBlock.str1.4
                0x00005a06       0x41 ./source/sd_card.o
 .rodata.SD_MountFS.str1.4
                0x00005a06       0x65 ./source/sd_card.o
 .rodata.SD_CreateFile.str1.4
                0x00005a06       0x51 ./source/sd_card.o
 .rodata.SD_WriteLineDirect.str1.4
                0x00005a06       0x57 ./source/sd_card.o
 .rodata.SD_ReadAllLines.str1.4
                0x00005a06       0x53 ./source/sd_card.o
 *fill*         0x00005a06        0x2 ff
 .rodata.ExCvt  0x00005a08       0x80 ./fatfs/source/ff.o
 .rodata.create_name.str1.4
                0x00005a88        0xf ./fatfs/source/ff.o
 .rodata.check_fs.str1.4
                0x00005a88        0x9 ./fatfs/source/ff.o
 .rodata.s_flexcommBaseAddrs
                0x00005a88       0x24 ./drivers/fsl_flexcomm.o
 .rodata.FLEXCOMM_GetInstance.str1.4
                0x00005aac       0x41 ./drivers/fsl_flexcomm.o
 .rodata.FLEXCOMM0_DriverIRQHandler.str1.4
                0x00005aac       0x3c ./drivers/fsl_flexcomm.o
 .rodata.FLEXCOMM1_DriverIRQHandler.str1.4
                0x00005aac       0x3c ./drivers/fsl_flexcomm.o
 .rodata.FLEXCOMM2_DriverIRQHandler.str1.4
                0x00005aac       0x3c ./drivers/fsl_flexcomm.o
 .rodata.FLEXCOMM3_DriverIRQHandler.str1.4
                0x00005aac       0x3c ./drivers/fsl_flexcomm.o
 .rodata.FLEXCOMM4_DriverIRQHandler.str1.4
                0x00005aac       0x3c ./drivers/fsl_flexcomm.o
 .rodata.FLEXCOMM5_DriverIRQHandler.str1.4
                0x00005aac       0x3c ./drivers/fsl_flexcomm.o
 .rodata.FLEXCOMM6_DriverIRQHandler.str1.4
                0x00005aac       0x3c ./drivers/fsl_flexcomm.o
 .rodata.FLEXCOMM7_DriverIRQHandler.str1.4
                0x00005aac       0x3c ./drivers/fsl_flexcomm.o
 .rodata.FLEXCOMM8_DriverIRQHandler.str1.4
                0x00005aac       0x3c ./drivers/fsl_flexcomm.o
 .rodata.s_gpioClockName
                0x00005aac        0x8 ./drivers/fsl_gpio.o
 .rodata.GPIO_EnablePortClock.str1.4
                0x00005ab4       0x33 ./drivers/fsl_gpio.o
 .rodata.__num_Ciob_streams
                0x00005ab4        0x4 /Applications/MCUXpressoIDE_24.12.148/ide/plugins/com.nxp.mcuxpresso.tools.macosx_24.12.0.202407110909/tools/bin/../lib/gcc/arm-none-eabi/13.2.1/../../../../arm-none-eabi/lib/thumb/v8-m.main+fp/hard/libcr_semihost_nf.a(__ciob.o)
                0x00005ab4                __num_Ciob_streams
 .rodata._Csys_alloc.str1.1
                0x00005ab8       0x53 /Applications/MCUXpressoIDE_24.12.148/ide/plugins/com.nxp.mcuxpresso.tools.macosx_24.12.0.202407110909/tools/bin/../lib/gcc/arm-none-eabi/13.2.1/../../../../arm-none-eabi/lib/thumb/v8-m.main+fp/hard/libcr_c.a(alloc.o)
                                 0x18 (size before relaxing)
 .rodata._initio.str1.1
                0x00005b0b        0x4 /Applications/MCUXpressoIDE_24.12.148/ide/plugins/com.nxp.mcuxpresso.tools.macosx_24.12.0.202407110909/tools/bin/../lib/gcc/arm-none-eabi/13.2.1/../../../../arm-none-eabi/lib/thumb/v8-m.main+fp/hard/libcr_c.a(initio.o)
 .rodata.__vfprintf.str1.1
                0x00005b0b       0x38 /Applications/MCUXpressoIDE_24.12.148/ide/plugins/com.nxp.mcuxpresso.tools.macosx_24.12.0.202407110909/tools/bin/../lib/gcc/arm-none-eabi/13.2.1/../../../../arm-none-eabi/lib/thumb/v8-m.main+fp/hard/libcr_c.a(printf.o)
                0x00005b44                        . = ALIGN (0x4)
 *fill*         0x00005b0b        0x1 ff

.glue_7         0x00005b0c        0x0
 .glue_7        0x00005b0c        0x0 linker stubs

.glue_7t        0x00005b0c        0x0
 .glue_7t       0x00005b0c        0x0 linker stubs

.vfp11_veneer   0x00005b0c        0x0
 .vfp11_veneer  0x00005b0c        0x0 linker stubs

.v4_bx          0x00005b0c        0x0
 .v4_bx         0x00005b0c        0x0 linker stubs

.iplt           0x00005b0c        0x0
 .iplt          0x00005b0c        0x0 ./utilities/fsl_assert.o

.rel.dyn        0x00005b0c        0x0
 .rel.iplt      0x00005b0c        0x0 ./utilities/fsl_assert.o

.ARM.extab
 *(SORT_BY_ALIGNMENT(.ARM.extab*) SORT_BY_ALIGNMENT(.gnu.linkonce.armextab.*))

.ARM.exidx      0x00005b0c        0x0
                0x00005b0c                        __exidx_start = .
 *(SORT_BY_ALIGNMENT(.ARM.exidx*) SORT_BY_ALIGNMENT(.gnu.linkonce.armexidx.*))
                0x00005b0c                        __exidx_end = .
                0x00005b0c                        _etext = .

.m_usb_data
 *(SORT_BY_ALIGNMENT(m_usb_global))

.data_RAM2      0x04000000        0x0 load address 0x00005b0c
 FILL mask 0xff
                [!provide]                        PROVIDE (__start_data_RAM2 = .)
                [!provide]                        PROVIDE (__start_data_SRAMX = .)
 *(SORT_BY_ALIGNMENT(.ramfunc.$RAM2))
 *(SORT_BY_ALIGNMENT(.ramfunc.$SRAMX))
 *(SORT_BY_ALIGNMENT(.data.$RAM2))
 *(SORT_BY_ALIGNMENT(.data.$SRAMX))
 *(SORT_BY_ALIGNMENT(.data.$RAM2.*))
 *(SORT_BY_ALIGNMENT(.data.$SRAMX.*))
                0x04000000                        . = ALIGN (0x4)
                [!provide]                        PROVIDE (__end_data_RAM2 = .)
                [!provide]                        PROVIDE (__end_data_SRAMX = .)

.data_RAM3      0x40100000        0x0 load address 0x00005b0c
 FILL mask 0xff
                [!provide]                        PROVIDE (__start_data_RAM3 = .)
                [!provide]                        PROVIDE (__start_data_USB_RAM = .)
 *(SORT_BY_ALIGNMENT(.ramfunc.$RAM3))
 *(SORT_BY_ALIGNMENT(.ramfunc.$USB_RAM))
 *(SORT_BY_ALIGNMENT(.data.$RAM3))
 *(SORT_BY_ALIGNMENT(.data.$USB_RAM))
 *(SORT_BY_ALIGNMENT(.data.$RAM3.*))
 *(SORT_BY_ALIGNMENT(.data.$USB_RAM.*))
                0x40100000                        . = ALIGN (0x4)
                [!provide]                        PROVIDE (__end_data_RAM3 = .)
                [!provide]                        PROVIDE (__end_data_USB_RAM = .)

.data_RAM4      0x20040000        0x0 load address 0x00005b0c
 FILL mask 0xff
                [!provide]                        PROVIDE (__start_data_RAM4 = .)
                [!provide]                        PROVIDE (__start_data_SRAM4 = .)
 *(SORT_BY_ALIGNMENT(.ramfunc.$RAM4))
 *(SORT_BY_ALIGNMENT(.ramfunc.$SRAM4))
 *(SORT_BY_ALIGNMENT(.data.$RAM4))
 *(SORT_BY_ALIGNMENT(.data.$SRAM4))
 *(SORT_BY_ALIGNMENT(.data.$RAM4.*))
 *(SORT_BY_ALIGNMENT(.data.$SRAM4.*))
                0x20040000                        . = ALIGN (0x4)
                [!provide]                        PROVIDE (__end_data_RAM4 = .)
                [!provide]                        PROVIDE (__end_data_SRAM4 = .)

.uninit_RESERVED
                0x20000000        0x0
                0x20000000                        _start_uninit_RESERVED = .
 *(SORT_BY_ALIGNMENT(.bss.$RESERVED*))
                0x20000000                        . = ALIGN (0x4)
                0x20000000                        _end_uninit_RESERVED = .

.data           0x20000000        0xc load address 0x00005b0c
 FILL mask 0xff
                0x20000000                        _data = .
                [!provide]                        PROVIDE (__start_data_RAM = .)
                [!provide]                        PROVIDE (__start_data_SRAM = .)
 *(SORT_BY_ALIGNMENT(vtable))
 *(SORT_BY_ALIGNMENT(.ramfunc*))
 *(SORT_BY_ALIGNMENT(CodeQuickAccess))
 *(SORT_BY_ALIGNMENT(DataQuickAccess))
 *(SORT_BY_ALIGNMENT(RamFunction))
 *(SORT_BY_ALIGNMENT(.data*))
 .data.filename
                0x20000000        0x4 ./source/main.o
                0x20000000                filename
 .data.sector_actual
                0x20000004        0x4 ./source/sd_card.o
 .data.SystemCoreClock
                0x20000008        0x4 ./device/system_LPC55S69_cm33_core0.o
                0x20000008                SystemCoreClock
                0x2000000c                        . = ALIGN (0x4)
                0x2000000c                        _edata = .
                [!provide]                        PROVIDE (__end_data_RAM = .)
                [!provide]                        PROVIDE (__end_data_SRAM = .)

.igot.plt       0x2000000c        0x0 load address 0x00005b18
 .igot.plt      0x2000000c        0x0 ./utilities/fsl_assert.o

.bss_RAM2       0x04000000        0x0
                [!provide]                        PROVIDE (__start_bss_RAM2 = .)
                [!provide]                        PROVIDE (__start_bss_SRAMX = .)
 *(SORT_BY_ALIGNMENT(.bss.$RAM2))
 *(SORT_BY_ALIGNMENT(.bss.$SRAMX))
 *(SORT_BY_ALIGNMENT(.bss.$RAM2.*))
 *(SORT_BY_ALIGNMENT(.bss.$SRAMX.*))
                0x04000000                        . = ALIGN ((. != 0x0)?0x4:0x1)
                [!provide]                        PROVIDE (__end_bss_RAM2 = .)
                [!provide]                        PROVIDE (__end_bss_SRAMX = .)

.bss_RAM3       0x40100000        0x0
                [!provide]                        PROVIDE (__start_bss_RAM3 = .)
                [!provide]                        PROVIDE (__start_bss_USB_RAM = .)
 *(SORT_BY_ALIGNMENT(.bss.$RAM3))
 *(SORT_BY_ALIGNMENT(.bss.$USB_RAM))
 *(SORT_BY_ALIGNMENT(.bss.$RAM3.*))
 *(SORT_BY_ALIGNMENT(.bss.$USB_RAM.*))
                0x40100000                        . = ALIGN ((. != 0x0)?0x4:0x1)
                [!provide]                        PROVIDE (__end_bss_RAM3 = .)
                [!provide]                        PROVIDE (__end_bss_USB_RAM = .)

.bss_RAM4       0x20040000        0x0
                [!provide]                        PROVIDE (__start_bss_RAM4 = .)
                [!provide]                        PROVIDE (__start_bss_SRAM4 = .)
 *(SORT_BY_ALIGNMENT(.bss.$RAM4))
 *(SORT_BY_ALIGNMENT(.bss.$SRAM4))
 *(SORT_BY_ALIGNMENT(.bss.$RAM4.*))
 *(SORT_BY_ALIGNMENT(.bss.$SRAM4.*))
                0x20040000                        . = ALIGN ((. != 0x0)?0x4:0x1)
                [!provide]                        PROVIDE (__end_bss_RAM4 = .)
                [!provide]                        PROVIDE (__end_bss_SRAM4 = .)

.bss            0x2000000c      0x548
                0x2000000c                        _bss = .
                [!provide]                        PROVIDE (__start_bss_RAM = .)
                [!provide]                        PROVIDE (__start_bss_SRAM = .)
 *(SORT_BY_ALIGNMENT(.bss*))
 .bss.fs        0x2000000c      0x234 ./source/main.o
                0x2000000c                fs
 .bss.current_block
                0x20000240      0x200 ./source/sd_card.o
 .bss.FatFs     0x20000440        0x4 ./fatfs/source/ff.o
 .bss.s_flexcommIrqHandler
                0x20000444       0x24 ./drivers/fsl_flexcomm.o
 .bss.s_flexcommHandle
                0x20000468       0x24 ./drivers/fsl_flexcomm.o
 .bss.errno     0x2000048c        0x4 /Applications/MCUXpressoIDE_24.12.148/ide/plugins/com.nxp.mcuxpresso.tools.macosx_24.12.0.202407110909/tools/bin/../lib/gcc/arm-none-eabi/13.2.1/../../../../arm-none-eabi/lib/thumb/v8-m.main+fp/hard/libcr_c.a(errno.o)
                0x2000048c                errno
 .bss.__end_of_heap
                0x20000490        0x4 /Applications/MCUXpressoIDE_24.12.148/ide/plugins/com.nxp.mcuxpresso.tools.macosx_24.12.0.202407110909/tools/bin/../lib/gcc/arm-none-eabi/13.2.1/../../../../arm-none-eabi/lib/thumb/v8-m.main+fp/hard/libcr_c.a(__init_alloc.o)
                0x20000490                __end_of_heap
 .bss.__heaps   0x20000494        0x4 /Applications/MCUXpressoIDE_24.12.148/ide/plugins/com.nxp.mcuxpresso.tools.macosx_24.12.0.202407110909/tools/bin/../lib/gcc/arm-none-eabi/13.2.1/../../../../arm-none-eabi/lib/thumb/v8-m.main+fp/hard/libcr_c.a(__init_alloc.o)
                0x20000494                __heaps
 .bss.__Ciob    0x20000498       0xb4 /Applications/MCUXpressoIDE_24.12.148/ide/plugins/com.nxp.mcuxpresso.tools.macosx_24.12.0.202407110909/tools/bin/../lib/gcc/arm-none-eabi/13.2.1/../../../../arm-none-eabi/lib/thumb/v8-m.main+fp/hard/libcr_semihost_nf.a(__ciob.o)
                0x20000498                __Ciob
 .bss.write_pos
                0x2000054c        0x2 ./source/sd_card.o
 .bss.Fsid      0x2000054e        0x2 ./fatfs/source/ff.o
 .bss.CurrVol   0x20000550        0x1 ./fatfs/source/ff.o
 *(SORT_BY_ALIGNMENT(COMMON))
                0x20000554                        . = ALIGN (0x4)
 *fill*         0x20000551        0x3 
                0x20000554                        _ebss = .
                [!provide]                        PROVIDE (__end_bss_RAM = .)
                [!provide]                        PROVIDE (__end_bss_SRAM = .)
                [!provide]                        PROVIDE (end = .)

.noinit_RAM2    0x04000000        0x0
                [!provide]                        PROVIDE (__start_noinit_RAM2 = .)
                [!provide]                        PROVIDE (__start_noinit_SRAMX = .)
 *(SORT_BY_ALIGNMENT(.noinit.$RAM2))
 *(SORT_BY_ALIGNMENT(.noinit.$SRAMX))
 *(SORT_BY_ALIGNMENT(.noinit.$RAM2.*))
 *(SORT_BY_ALIGNMENT(.noinit.$SRAMX.*))
                0x04000000                        . = ALIGN (0x4)
                [!provide]                        PROVIDE (__end_noinit_RAM2 = .)
                [!provide]                        PROVIDE (__end_noinit_SRAMX = .)

.noinit_RAM3    0x40100000        0x0
                [!provide]                        PROVIDE (__start_noinit_RAM3 = .)
                [!provide]                        PROVIDE (__start_noinit_USB_RAM = .)
 *(SORT_BY_ALIGNMENT(.noinit.$RAM3))
 *(SORT_BY_ALIGNMENT(.noinit.$USB_RAM))
 *(SORT_BY_ALIGNMENT(.noinit.$RAM3.*))
 *(SORT_BY_ALIGNMENT(.noinit.$USB_RAM.*))
                0x40100000                        . = ALIGN (0x4)
                [!provide]                        PROVIDE (__end_noinit_RAM3 = .)
                [!provide]                        PROVIDE (__end_noinit_USB_RAM = .)

.noinit_RAM4    0x20040000        0x0
                [!provide]                        PROVIDE (__start_noinit_RAM4 = .)
                [!provide]                        PROVIDE (__start_noinit_SRAM4 = .)
 *(SORT_BY_ALIGNMENT(.noinit.$RAM4))
 *(SORT_BY_ALIGNMENT(.noinit.$SRAM4))
 *(SORT_BY_ALIGNMENT(.noinit.$RAM4.*))
 *(SORT_BY_ALIGNMENT(.noinit.$SRAM4.*))
                0x20040000                        . = ALIGN (0x4)
                [!provide]                        PROVIDE (__end_noinit_RAM4 = .)
                [!provide]                        PROVIDE (__end_noinit_SRAM4 = .)

.noinit         0x20000554        0x0
                0x20000554                        _noinit = .
                [!provide]                        PROVIDE (__start_noinit_RAM = .)
                [!provide]                        PROVIDE (__start_noinit_SRAM = .)
 *(SORT_BY_ALIGNMENT(.noinit*))
                0x20000554                        . = ALIGN (0x4)
                0x20000554                        _end_noinit = .
                [!provide]                        PROVIDE (__end_noinit_RAM = .)
                [!provide]                        PROVIDE (__end_noinit_SRAM = .)
                0x00001000                        _HeapSize = 0x1000

.heap           0x20000554     0x1000
                0x20000554                        _pvHeapStart = .
                0x20001554                        . = (. + _HeapSize)
 *fill*         0x20000554     0x1000 
                0x20001554                        . = ALIGN (0x4)
                0x20001554                        _pvHeapLimit = .
                0x00001000                        _StackSize = 0x1000

.heap2stackfill
                0x20001554     0x1000
                0x20002554                        . = (. + _StackSize)
 *fill*         0x20001554     0x1000 

.stack          0x2003f000        0x0
                0x2003f000                        _vStackBase = .
                0x2003f000                        . = ALIGN (0x4)
                0x20040000                        _vStackTop = (. + _StackSize)
                [!provide]                        PROVIDE (__valid_user_code_checksum = (0x0 - ((((((_vStackTop + (ResetISR + 0x1)) + (NMI_Handler + 0x1)) + (HardFault_Handler + 0x1)) + (DEFINED (MemManage_Handler)?MemManage_Handler:0x0 + 0x1)) + (DEFINED (BusFault_Handler)?BusFault_Handler:0x0 + 0x1)) + (DEFINED (UsageFault_Handler)?UsageFault_Handler:0x0 + 0x1))))
                0x00000000                        _image_start = LOADADDR (.text)
                0x00005b18                        _image_end = (LOADADDR (.data) + SIZEOF (.data))
                0x00005b18                        _image_size = (_image_end - _image_start)
OUTPUT(SD_Card_SPI_v4.axf elf32-littlearm)
LOAD linker stubs

.debug_info     0x00000000    0x14fe4
 .debug_info    0x00000000      0x135 ./utilities/fsl_assert.o
 .debug_info    0x00000135      0x9d0 ./startup/startup_lpc55s69_cm33_core0.o
 .debug_info    0x00000b05     0x1249 ./source/gpio.o
 .debug_info    0x00001d4e      0x70b ./source/main.o
 .debug_info    0x00002459      0xe3e ./source/sd_card.o
 .debug_info    0x00003297       0x3c ./source/semihost_hardfault.o
 .debug_info    0x000032d3      0x2c3 ./fatfs/source/diskio.o
 .debug_info    0x00003596     0x2133 ./fatfs/source/ff.o
 .debug_info    0x000056c9     0x3338 ./drivers/fsl_clock.o
 .debug_info    0x00008a01     0x1ac4 ./drivers/fsl_flexcomm.o
 .debug_info    0x0000a4c5     0x175f ./drivers/fsl_gpio.o
 .debug_info    0x0000bc24     0x2a64 ./drivers/fsl_power.o
 .debug_info    0x0000e688     0x1449 ./device/system_LPC55S69_cm33_core0.o
 .debug_info    0x0000fad1     0x176e ./board/clock_config.o
 .debug_info    0x0001123f       0x85 /Applications/MCUXpressoIDE_24.12.148/ide/plugins/com.nxp.mcuxpresso.tools.macosx_24.12.0.202407110909/tools/bin/../lib/gcc/arm-none-eabi/13.2.1/../../../../arm-none-eabi/lib/thumb/v8-m.main+fp/hard/libcr_semihost_nf.a(_cr__main.o)
 .debug_info    0x000112c4      0x12b /Applications/MCUXpressoIDE_24.12.148/ide/plugins/com.nxp.mcuxpresso.tools.macosx_24.12.0.202407110909/tools/bin/../lib/gcc/arm-none-eabi/13.2.1/../../../../arm-none-eabi/lib/thumb/v8-m.main+fp/hard/libcr_c.a(memcpy.o)
 .debug_info    0x000113ef       0xfc /Applications/MCUXpressoIDE_24.12.148/ide/plugins/com.nxp.mcuxpresso.tools.macosx_24.12.0.202407110909/tools/bin/../lib/gcc/arm-none-eabi/13.2.1/../../../../arm-none-eabi/lib/thumb/v8-m.main+fp/hard/libcr_c.a(memset.o)
 .debug_info    0x000114eb      0x520 /Applications/MCUXpressoIDE_24.12.148/ide/plugins/com.nxp.mcuxpresso.tools.macosx_24.12.0.202407110909/tools/bin/../lib/gcc/arm-none-eabi/13.2.1/../../../../arm-none-eabi/lib/thumb/v8-m.main+fp/hard/libcr_c.a(alloc.o)
 .debug_info    0x00011a0b       0x44 /Applications/MCUXpressoIDE_24.12.148/ide/plugins/com.nxp.mcuxpresso.tools.macosx_24.12.0.202407110909/tools/bin/../lib/gcc/arm-none-eabi/13.2.1/../../../../arm-none-eabi/lib/thumb/v8-m.main+fp/hard/libcr_c.a(errno.o)
 .debug_info    0x00011a4f      0x339 /Applications/MCUXpressoIDE_24.12.148/ide/plugins/com.nxp.mcuxpresso.tools.macosx_24.12.0.202407110909/tools/bin/../lib/gcc/arm-none-eabi/13.2.1/../../../../arm-none-eabi/lib/thumb/v8-m.main+fp/hard/libcr_c.a(initio.o)
 .debug_info    0x00011d88      0x115 /Applications/MCUXpressoIDE_24.12.148/ide/plugins/com.nxp.mcuxpresso.tools.macosx_24.12.0.202407110909/tools/bin/../lib/gcc/arm-none-eabi/13.2.1/../../../../arm-none-eabi/lib/thumb/v8-m.main+fp/hard/libcr_c.a(memcmp.o)
 .debug_info    0x00011e9d     0x1284 /Applications/MCUXpressoIDE_24.12.148/ide/plugins/com.nxp.mcuxpresso.tools.macosx_24.12.0.202407110909/tools/bin/../lib/gcc/arm-none-eabi/13.2.1/../../../../arm-none-eabi/lib/thumb/v8-m.main+fp/hard/libcr_c.a(printf.o)
 .debug_info    0x00013121      0x1fd /Applications/MCUXpressoIDE_24.12.148/ide/plugins/com.nxp.mcuxpresso.tools.macosx_24.12.0.202407110909/tools/bin/../lib/gcc/arm-none-eabi/13.2.1/../../../../arm-none-eabi/lib/thumb/v8-m.main+fp/hard/libcr_c.a(setvbuf.o)
 .debug_info    0x0001331e       0xa8 /Applications/MCUXpressoIDE_24.12.148/ide/plugins/com.nxp.mcuxpresso.tools.macosx_24.12.0.202407110909/tools/bin/../lib/gcc/arm-none-eabi/13.2.1/../../../../arm-none-eabi/lib/thumb/v8-m.main+fp/hard/libcr_c.a(strchr.o)
 .debug_info    0x000133c6       0xe1 /Applications/MCUXpressoIDE_24.12.148/ide/plugins/com.nxp.mcuxpresso.tools.macosx_24.12.0.202407110909/tools/bin/../lib/gcc/arm-none-eabi/13.2.1/../../../../arm-none-eabi/lib/thumb/v8-m.main+fp/hard/libcr_c.a(strlen.o)
 .debug_info    0x000134a7       0xd4 /Applications/MCUXpressoIDE_24.12.148/ide/plugins/com.nxp.mcuxpresso.tools.macosx_24.12.0.202407110909/tools/bin/../lib/gcc/arm-none-eabi/13.2.1/../../../../arm-none-eabi/lib/thumb/v8-m.main+fp/hard/libcr_c.a(__init_alloc.o)
 .debug_info    0x0001357b      0x107 /Applications/MCUXpressoIDE_24.12.148/ide/plugins/com.nxp.mcuxpresso.tools.macosx_24.12.0.202407110909/tools/bin/../lib/gcc/arm-none-eabi/13.2.1/../../../../arm-none-eabi/lib/thumb/v8-m.main+fp/hard/libcr_c.a(_cr_sbrk.o)
 .debug_info    0x00013682      0x369 /Applications/MCUXpressoIDE_24.12.148/ide/plugins/com.nxp.mcuxpresso.tools.macosx_24.12.0.202407110909/tools/bin/../lib/gcc/arm-none-eabi/13.2.1/../../../../arm-none-eabi/lib/thumb/v8-m.main+fp/hard/libcr_c.a(_deferredlazyseek.o)
 .debug_info    0x000139eb      0x24b /Applications/MCUXpressoIDE_24.12.148/ide/plugins/com.nxp.mcuxpresso.tools.macosx_24.12.0.202407110909/tools/bin/../lib/gcc/arm-none-eabi/13.2.1/../../../../arm-none-eabi/lib/thumb/v8-m.main+fp/hard/libcr_c.a(_fdopen.o)
 .debug_info    0x00013c36      0x1e3 /Applications/MCUXpressoIDE_24.12.148/ide/plugins/com.nxp.mcuxpresso.tools.macosx_24.12.0.202407110909/tools/bin/../lib/gcc/arm-none-eabi/13.2.1/../../../../arm-none-eabi/lib/thumb/v8-m.main+fp/hard/libcr_c.a(_fflush.o)
 .debug_info    0x00013e19      0x289 /Applications/MCUXpressoIDE_24.12.148/ide/plugins/com.nxp.mcuxpresso.tools.macosx_24.12.0.202407110909/tools/bin/../lib/gcc/arm-none-eabi/13.2.1/../../../../arm-none-eabi/lib/thumb/v8-m.main+fp/hard/libcr_c.a(_writebuf.o)
 .debug_info    0x000140a2      0x318 /Applications/MCUXpressoIDE_24.12.148/ide/plugins/com.nxp.mcuxpresso.tools.macosx_24.12.0.202407110909/tools/bin/../lib/gcc/arm-none-eabi/13.2.1/../../../../arm-none-eabi/lib/thumb/v8-m.main+fp/hard/libcr_c.a(fclose.o)
 .debug_info    0x000143ba      0x209 /Applications/MCUXpressoIDE_24.12.148/ide/plugins/com.nxp.mcuxpresso.tools.macosx_24.12.0.202407110909/tools/bin/../lib/gcc/arm-none-eabi/13.2.1/../../../../arm-none-eabi/lib/thumb/v8-m.main+fp/hard/libcr_c.a(fflush.o)
 .debug_info    0x000145c3      0x276 /Applications/MCUXpressoIDE_24.12.148/ide/plugins/com.nxp.mcuxpresso.tools.macosx_24.12.0.202407110909/tools/bin/../lib/gcc/arm-none-eabi/13.2.1/../../../../arm-none-eabi/lib/thumb/v8-m.main+fp/hard/libcr_c.a(fseek.o)
 .debug_info    0x00014839      0x197 /Applications/MCUXpressoIDE_24.12.148/ide/plugins/com.nxp.mcuxpresso.tools.macosx_24.12.0.202407110909/tools/bin/../lib/gcc/arm-none-eabi/13.2.1/../../../../arm-none-eabi/lib/thumb/v8-m.main+fp/hard/libcr_c.a(ftell.o)
 .debug_info    0x000149d0      0x1d7 /Applications/MCUXpressoIDE_24.12.148/ide/plugins/com.nxp.mcuxpresso.tools.macosx_24.12.0.202407110909/tools/bin/../lib/gcc/arm-none-eabi/13.2.1/../../../../arm-none-eabi/lib/thumb/v8-m.main+fp/hard/libcr_c.a(remove.o)
 .debug_info    0x00014ba7       0x78 /Applications/MCUXpressoIDE_24.12.148/ide/plugins/com.nxp.mcuxpresso.tools.macosx_24.12.0.202407110909/tools/bin/../lib/gcc/arm-none-eabi/13.2.1/../../../../arm-none-eabi/lib/thumb/v8-m.main+fp/hard/libcr_c.a(_cr_check_heap.o)
 .debug_info    0x00014c1f      0x23a /Applications/MCUXpressoIDE_24.12.148/ide/plugins/com.nxp.mcuxpresso.tools.macosx_24.12.0.202407110909/tools/bin/../lib/gcc/arm-none-eabi/13.2.1/../../../../arm-none-eabi/lib/thumb/v8-m.main+fp/hard/libcr_c.a(_do_fflush.o)
 .debug_info    0x00014e59      0x18b /Applications/MCUXpressoIDE_24.12.148/ide/plugins/com.nxp.mcuxpresso.tools.macosx_24.12.0.202407110909/tools/bin/../lib/gcc/arm-none-eabi/13.2.1/../../../../arm-none-eabi/lib/thumb/v8-m.main+fp/hard/libcr_semihost_nf.a(__ciob.o)

.debug_abbrev   0x00000000     0x3743
 .debug_abbrev  0x00000000       0xbd ./utilities/fsl_assert.o
 .debug_abbrev  0x000000bd      0x147 ./startup/startup_lpc55s69_cm33_core0.o
 .debug_abbrev  0x00000204      0x25b ./source/gpio.o
 .debug_abbrev  0x0000045f      0x184 ./source/main.o
 .debug_abbrev  0x000005e3      0x2eb ./source/sd_card.o
 .debug_abbrev  0x000008ce       0x31 ./source/semihost_hardfault.o
 .debug_abbrev  0x000008ff      0x107 ./fatfs/source/diskio.o
 .debug_abbrev  0x00000a06      0x25f ./fatfs/source/ff.o
 .debug_abbrev  0x00000c65      0x3ca ./drivers/fsl_clock.o
 .debug_abbrev  0x0000102f      0x2cf ./drivers/fsl_flexcomm.o
 .debug_abbrev  0x000012fe      0x244 ./drivers/fsl_gpio.o
 .debug_abbrev  0x00001542      0x379 ./drivers/fsl_power.o
 .debug_abbrev  0x000018bb      0x247 ./device/system_LPC55S69_cm33_core0.o
 .debug_abbrev  0x00001b02      0x248 ./board/clock_config.o
 .debug_abbrev  0x00001d4a       0x70 /Applications/MCUXpressoIDE_24.12.148/ide/plugins/com.nxp.mcuxpresso.tools.macosx_24.12.0.202407110909/tools/bin/../lib/gcc/arm-none-eabi/13.2.1/../../../../arm-none-eabi/lib/thumb/v8-m.main+fp/hard/libcr_semihost_nf.a(_cr__main.o)
 .debug_abbrev  0x00001dba       0xb6 /Applications/MCUXpressoIDE_24.12.148/ide/plugins/com.nxp.mcuxpresso.tools.macosx_24.12.0.202407110909/tools/bin/../lib/gcc/arm-none-eabi/13.2.1/../../../../arm-none-eabi/lib/thumb/v8-m.main+fp/hard/libcr_c.a(memcpy.o)
 .debug_abbrev  0x00001e70       0xa8 /Applications/MCUXpressoIDE_24.12.148/ide/plugins/com.nxp.mcuxpresso.tools.macosx_24.12.0.202407110909/tools/bin/../lib/gcc/arm-none-eabi/13.2.1/../../../../arm-none-eabi/lib/thumb/v8-m.main+fp/hard/libcr_c.a(memset.o)
 .debug_abbrev  0x00001f18      0x284 /Applications/MCUXpressoIDE_24.12.148/ide/plugins/com.nxp.mcuxpresso.tools.macosx_24.12.0.202407110909/tools/bin/../lib/gcc/arm-none-eabi/13.2.1/../../../../arm-none-eabi/lib/thumb/v8-m.main+fp/hard/libcr_c.a(alloc.o)
 .debug_abbrev  0x0000219c       0x44 /Applications/MCUXpressoIDE_24.12.148/ide/plugins/com.nxp.mcuxpresso.tools.macosx_24.12.0.202407110909/tools/bin/../lib/gcc/arm-none-eabi/13.2.1/../../../../arm-none-eabi/lib/thumb/v8-m.main+fp/hard/libcr_c.a(errno.o)
 .debug_abbrev  0x000021e0      0x169 /Applications/MCUXpressoIDE_24.12.148/ide/plugins/com.nxp.mcuxpresso.tools.macosx_24.12.0.202407110909/tools/bin/../lib/gcc/arm-none-eabi/13.2.1/../../../../arm-none-eabi/lib/thumb/v8-m.main+fp/hard/libcr_c.a(initio.o)
 .debug_abbrev  0x00002349       0x9d /Applications/MCUXpressoIDE_24.12.148/ide/plugins/com.nxp.mcuxpresso.tools.macosx_24.12.0.202407110909/tools/bin/../lib/gcc/arm-none-eabi/13.2.1/../../../../arm-none-eabi/lib/thumb/v8-m.main+fp/hard/libcr_c.a(memcmp.o)
 .debug_abbrev  0x000023e6      0x3c7 /Applications/MCUXpressoIDE_24.12.148/ide/plugins/com.nxp.mcuxpresso.tools.macosx_24.12.0.202407110909/tools/bin/../lib/gcc/arm-none-eabi/13.2.1/../../../../arm-none-eabi/lib/thumb/v8-m.main+fp/hard/libcr_c.a(printf.o)
 .debug_abbrev  0x000027ad       0xe1 /Applications/MCUXpressoIDE_24.12.148/ide/plugins/com.nxp.mcuxpresso.tools.macosx_24.12.0.202407110909/tools/bin/../lib/gcc/arm-none-eabi/13.2.1/../../../../arm-none-eabi/lib/thumb/v8-m.main+fp/hard/libcr_c.a(setvbuf.o)
 .debug_abbrev  0x0000288e       0x6c /Applications/MCUXpressoIDE_24.12.148/ide/plugins/com.nxp.mcuxpresso.tools.macosx_24.12.0.202407110909/tools/bin/../lib/gcc/arm-none-eabi/13.2.1/../../../../arm-none-eabi/lib/thumb/v8-m.main+fp/hard/libcr_c.a(strchr.o)
 .debug_abbrev  0x000028fa       0xa7 /Applications/MCUXpressoIDE_24.12.148/ide/plugins/com.nxp.mcuxpresso.tools.macosx_24.12.0.202407110909/tools/bin/../lib/gcc/arm-none-eabi/13.2.1/../../../../arm-none-eabi/lib/thumb/v8-m.main+fp/hard/libcr_c.a(strlen.o)
 .debug_abbrev  0x000029a1       0xaf /Applications/MCUXpressoIDE_24.12.148/ide/plugins/com.nxp.mcuxpresso.tools.macosx_24.12.0.202407110909/tools/bin/../lib/gcc/arm-none-eabi/13.2.1/../../../../arm-none-eabi/lib/thumb/v8-m.main+fp/hard/libcr_c.a(__init_alloc.o)
 .debug_abbrev  0x00002a50       0xd3 /Applications/MCUXpressoIDE_24.12.148/ide/plugins/com.nxp.mcuxpresso.tools.macosx_24.12.0.202407110909/tools/bin/../lib/gcc/arm-none-eabi/13.2.1/../../../../arm-none-eabi/lib/thumb/v8-m.main+fp/hard/libcr_c.a(_cr_sbrk.o)
 .debug_abbrev  0x00002b23      0x152 /Applications/MCUXpressoIDE_24.12.148/ide/plugins/com.nxp.mcuxpresso.tools.macosx_24.12.0.202407110909/tools/bin/../lib/gcc/arm-none-eabi/13.2.1/../../../../arm-none-eabi/lib/thumb/v8-m.main+fp/hard/libcr_c.a(_deferredlazyseek.o)
 .debug_abbrev  0x00002c75      0x119 /Applications/MCUXpressoIDE_24.12.148/ide/plugins/com.nxp.mcuxpresso.tools.macosx_24.12.0.202407110909/tools/bin/../lib/gcc/arm-none-eabi/13.2.1/../../../../arm-none-eabi/lib/thumb/v8-m.main+fp/hard/libcr_c.a(_fdopen.o)
 .debug_abbrev  0x00002d8e       0xf1 /Applications/MCUXpressoIDE_24.12.148/ide/plugins/com.nxp.mcuxpresso.tools.macosx_24.12.0.202407110909/tools/bin/../lib/gcc/arm-none-eabi/13.2.1/../../../../arm-none-eabi/lib/thumb/v8-m.main+fp/hard/libcr_c.a(_fflush.o)
 .debug_abbrev  0x00002e7f      0x126 /Applications/MCUXpressoIDE_24.12.148/ide/plugins/com.nxp.mcuxpresso.tools.macosx_24.12.0.202407110909/tools/bin/../lib/gcc/arm-none-eabi/13.2.1/../../../../arm-none-eabi/lib/thumb/v8-m.main+fp/hard/libcr_c.a(_writebuf.o)
 .debug_abbrev  0x00002fa5      0x155 /Applications/MCUXpressoIDE_24.12.148/ide/plugins/com.nxp.mcuxpresso.tools.macosx_24.12.0.202407110909/tools/bin/../lib/gcc/arm-none-eabi/13.2.1/../../../../arm-none-eabi/lib/thumb/v8-m.main+fp/hard/libcr_c.a(fclose.o)
 .debug_abbrev  0x000030fa      0x125 /Applications/MCUXpressoIDE_24.12.148/ide/plugins/com.nxp.mcuxpresso.tools.macosx_24.12.0.202407110909/tools/bin/../lib/gcc/arm-none-eabi/13.2.1/../../../../arm-none-eabi/lib/thumb/v8-m.main+fp/hard/libcr_c.a(fflush.o)
 .debug_abbrev  0x0000321f      0x11b /Applications/MCUXpressoIDE_24.12.148/ide/plugins/com.nxp.mcuxpresso.tools.macosx_24.12.0.202407110909/tools/bin/../lib/gcc/arm-none-eabi/13.2.1/../../../../arm-none-eabi/lib/thumb/v8-m.main+fp/hard/libcr_c.a(fseek.o)
 .debug_abbrev  0x0000333a       0xc2 /Applications/MCUXpressoIDE_24.12.148/ide/plugins/com.nxp.mcuxpresso.tools.macosx_24.12.0.202407110909/tools/bin/../lib/gcc/arm-none-eabi/13.2.1/../../../../arm-none-eabi/lib/thumb/v8-m.main+fp/hard/libcr_c.a(ftell.o)
 .debug_abbrev  0x000033fc       0xfb /Applications/MCUXpressoIDE_24.12.148/ide/plugins/com.nxp.mcuxpresso.tools.macosx_24.12.0.202407110909/tools/bin/../lib/gcc/arm-none-eabi/13.2.1/../../../../arm-none-eabi/lib/thumb/v8-m.main+fp/hard/libcr_c.a(remove.o)
 .debug_abbrev  0x000034f7       0x6b /Applications/MCUXpressoIDE_24.12.148/ide/plugins/com.nxp.mcuxpresso.tools.macosx_24.12.0.202407110909/tools/bin/../lib/gcc/arm-none-eabi/13.2.1/../../../../arm-none-eabi/lib/thumb/v8-m.main+fp/hard/libcr_c.a(_cr_check_heap.o)
 .debug_abbrev  0x00003562      0x12c /Applications/MCUXpressoIDE_24.12.148/ide/plugins/com.nxp.mcuxpresso.tools.macosx_24.12.0.202407110909/tools/bin/../lib/gcc/arm-none-eabi/13.2.1/../../../../arm-none-eabi/lib/thumb/v8-m.main+fp/hard/libcr_c.a(_do_fflush.o)
 .debug_abbrev  0x0000368e       0xb5 /Applications/MCUXpressoIDE_24.12.148/ide/plugins/com.nxp.mcuxpresso.tools.macosx_24.12.0.202407110909/tools/bin/../lib/gcc/arm-none-eabi/13.2.1/../../../../arm-none-eabi/lib/thumb/v8-m.main+fp/hard/libcr_semihost_nf.a(__ciob.o)

.debug_aranges  0x00000000      0xe08
 .debug_aranges
                0x00000000       0x28 ./utilities/fsl_assert.o
 .debug_aranges
                0x00000028      0x268 ./startup/startup_lpc55s69_cm33_core0.o
 .debug_aranges
                0x00000290       0x60 ./source/gpio.o
 .debug_aranges
                0x000002f0       0x20 ./source/main.o
 .debug_aranges
                0x00000310       0x80 ./source/sd_card.o
 .debug_aranges
                0x00000390       0x20 ./source/semihost_hardfault.o
 .debug_aranges
                0x000003b0       0x40 ./fatfs/source/diskio.o
 .debug_aranges
                0x000003f0      0x1f0 ./fatfs/source/ff.o
 .debug_aranges
                0x000005e0      0x228 ./drivers/fsl_clock.o
 .debug_aranges
                0x00000808       0x90 ./drivers/fsl_flexcomm.o
 .debug_aranges
                0x00000898       0x38 ./drivers/fsl_gpio.o
 .debug_aranges
                0x000008d0       0xc8 ./drivers/fsl_power.o
 .debug_aranges
                0x00000998       0x88 ./device/system_LPC55S69_cm33_core0.o
 .debug_aranges
                0x00000a20       0x50 ./board/clock_config.o
 .debug_aranges
                0x00000a70       0x20 /Applications/MCUXpressoIDE_24.12.148/ide/plugins/com.nxp.mcuxpresso.tools.macosx_24.12.0.202407110909/tools/bin/../lib/gcc/arm-none-eabi/13.2.1/../../../../arm-none-eabi/lib/thumb/v8-m.main+fp/hard/libcr_semihost_nf.a(_cr__main.o)
 .debug_aranges
                0x00000a90       0x20 /Applications/MCUXpressoIDE_24.12.148/ide/plugins/com.nxp.mcuxpresso.tools.macosx_24.12.0.202407110909/tools/bin/../lib/gcc/arm-none-eabi/13.2.1/../../../../arm-none-eabi/lib/thumb/v8-m.main+fp/hard/libcr_c.a(memcpy.o)
 .debug_aranges
                0x00000ab0       0x20 /Applications/MCUXpressoIDE_24.12.148/ide/plugins/com.nxp.mcuxpresso.tools.macosx_24.12.0.202407110909/tools/bin/../lib/gcc/arm-none-eabi/13.2.1/../../../../arm-none-eabi/lib/thumb/v8-m.main+fp/hard/libcr_c.a(memset.o)
 .debug_aranges
                0x00000ad0       0x40 /Applications/MCUXpressoIDE_24.12.148/ide/plugins/com.nxp.mcuxpresso.tools.macosx_24.12.0.202407110909/tools/bin/../lib/gcc/arm-none-eabi/13.2.1/../../../../arm-none-eabi/lib/thumb/v8-m.main+fp/hard/libcr_c.a(alloc.o)
 .debug_aranges
                0x00000b10       0x18 /Applications/MCUXpressoIDE_24.12.148/ide/plugins/com.nxp.mcuxpresso.tools.macosx_24.12.0.202407110909/tools/bin/../lib/gcc/arm-none-eabi/13.2.1/../../../../arm-none-eabi/lib/thumb/v8-m.main+fp/hard/libcr_c.a(errno.o)
 .debug_aranges
                0x00000b28       0x28 /Applications/MCUXpressoIDE_24.12.148/ide/plugins/com.nxp.mcuxpresso.tools.macosx_24.12.0.202407110909/tools/bin/../lib/gcc/arm-none-eabi/13.2.1/../../../../arm-none-eabi/lib/thumb/v8-m.main+fp/hard/libcr_c.a(initio.o)
 .debug_aranges
                0x00000b50       0x20 /Applications/MCUXpressoIDE_24.12.148/ide/plugins/com.nxp.mcuxpresso.tools.macosx_24.12.0.202407110909/tools/bin/../lib/gcc/arm-none-eabi/13.2.1/../../../../arm-none-eabi/lib/thumb/v8-m.main+fp/hard/libcr_c.a(memcmp.o)
 .debug_aranges
                0x00000b70       0x70 /Applications/MCUXpressoIDE_24.12.148/ide/plugins/com.nxp.mcuxpresso.tools.macosx_24.12.0.202407110909/tools/bin/../lib/gcc/arm-none-eabi/13.2.1/../../../../arm-none-eabi/lib/thumb/v8-m.main+fp/hard/libcr_c.a(printf.o)
 .debug_aranges
                0x00000be0       0x20 /Applications/MCUXpressoIDE_24.12.148/ide/plugins/com.nxp.mcuxpresso.tools.macosx_24.12.0.202407110909/tools/bin/../lib/gcc/arm-none-eabi/13.2.1/../../../../arm-none-eabi/lib/thumb/v8-m.main+fp/hard/libcr_c.a(setvbuf.o)
 .debug_aranges
                0x00000c00       0x20 /Applications/MCUXpressoIDE_24.12.148/ide/plugins/com.nxp.mcuxpresso.tools.macosx_24.12.0.202407110909/tools/bin/../lib/gcc/arm-none-eabi/13.2.1/../../../../arm-none-eabi/lib/thumb/v8-m.main+fp/hard/libcr_c.a(strchr.o)
 .debug_aranges
                0x00000c20       0x20 /Applications/MCUXpressoIDE_24.12.148/ide/plugins/com.nxp.mcuxpresso.tools.macosx_24.12.0.202407110909/tools/bin/../lib/gcc/arm-none-eabi/13.2.1/../../../../arm-none-eabi/lib/thumb/v8-m.main+fp/hard/libcr_c.a(strlen.o)
 .debug_aranges
                0x00000c40       0x20 /Applications/MCUXpressoIDE_24.12.148/ide/plugins/com.nxp.mcuxpresso.tools.macosx_24.12.0.202407110909/tools/bin/../lib/gcc/arm-none-eabi/13.2.1/../../../../arm-none-eabi/lib/thumb/v8-m.main+fp/hard/libcr_c.a(__init_alloc.o)
 .debug_aranges
                0x00000c60       0x20 /Applications/MCUXpressoIDE_24.12.148/ide/plugins/com.nxp.mcuxpresso.tools.macosx_24.12.0.202407110909/tools/bin/../lib/gcc/arm-none-eabi/13.2.1/../../../../arm-none-eabi/lib/thumb/v8-m.main+fp/hard/libcr_c.a(_cr_sbrk.o)
 .debug_aranges
                0x00000c80       0x28 /Applications/MCUXpressoIDE_24.12.148/ide/plugins/com.nxp.mcuxpresso.tools.macosx_24.12.0.202407110909/tools/bin/../lib/gcc/arm-none-eabi/13.2.1/../../../../arm-none-eabi/lib/thumb/v8-m.main+fp/hard/libcr_c.a(_deferredlazyseek.o)
 .debug_aranges
                0x00000ca8       0x20 /Applications/MCUXpressoIDE_24.12.148/ide/plugins/com.nxp.mcuxpresso.tools.macosx_24.12.0.202407110909/tools/bin/../lib/gcc/arm-none-eabi/13.2.1/../../../../arm-none-eabi/lib/thumb/v8-m.main+fp/hard/libcr_c.a(_fdopen.o)
 .debug_aranges
                0x00000cc8       0x20 /Applications/MCUXpressoIDE_24.12.148/ide/plugins/com.nxp.mcuxpresso.tools.macosx_24.12.0.202407110909/tools/bin/../lib/gcc/arm-none-eabi/13.2.1/../../../../arm-none-eabi/lib/thumb/v8-m.main+fp/hard/libcr_c.a(_fflush.o)
 .debug_aranges
                0x00000ce8       0x20 /Applications/MCUXpressoIDE_24.12.148/ide/plugins/com.nxp.mcuxpresso.tools.macosx_24.12.0.202407110909/tools/bin/../lib/gcc/arm-none-eabi/13.2.1/../../../../arm-none-eabi/lib/thumb/v8-m.main+fp/hard/libcr_c.a(_writebuf.o)
 .debug_aranges
                0x00000d08       0x20 /Applications/MCUXpressoIDE_24.12.148/ide/plugins/com.nxp.mcuxpresso.tools.macosx_24.12.0.202407110909/tools/bin/../lib/gcc/arm-none-eabi/13.2.1/../../../../arm-none-eabi/lib/thumb/v8-m.main+fp/hard/libcr_c.a(fclose.o)
 .debug_aranges
                0x00000d28       0x20 /Applications/MCUXpressoIDE_24.12.148/ide/plugins/com.nxp.mcuxpresso.tools.macosx_24.12.0.202407110909/tools/bin/../lib/gcc/arm-none-eabi/13.2.1/../../../../arm-none-eabi/lib/thumb/v8-m.main+fp/hard/libcr_c.a(fflush.o)
 .debug_aranges
                0x00000d48       0x20 /Applications/MCUXpressoIDE_24.12.148/ide/plugins/com.nxp.mcuxpresso.tools.macosx_24.12.0.202407110909/tools/bin/../lib/gcc/arm-none-eabi/13.2.1/../../../../arm-none-eabi/lib/thumb/v8-m.main+fp/hard/libcr_c.a(fseek.o)
 .debug_aranges
                0x00000d68       0x20 /Applications/MCUXpressoIDE_24.12.148/ide/plugins/com.nxp.mcuxpresso.tools.macosx_24.12.0.202407110909/tools/bin/../lib/gcc/arm-none-eabi/13.2.1/../../../../arm-none-eabi/lib/thumb/v8-m.main+fp/hard/libcr_c.a(ftell.o)
 .debug_aranges
                0x00000d88       0x28 /Applications/MCUXpressoIDE_24.12.148/ide/plugins/com.nxp.mcuxpresso.tools.macosx_24.12.0.202407110909/tools/bin/../lib/gcc/arm-none-eabi/13.2.1/../../../../arm-none-eabi/lib/thumb/v8-m.main+fp/hard/libcr_c.a(remove.o)
 .debug_aranges
                0x00000db0       0x20 /Applications/MCUXpressoIDE_24.12.148/ide/plugins/com.nxp.mcuxpresso.tools.macosx_24.12.0.202407110909/tools/bin/../lib/gcc/arm-none-eabi/13.2.1/../../../../arm-none-eabi/lib/thumb/v8-m.main+fp/hard/libcr_c.a(_cr_check_heap.o)
 .debug_aranges
                0x00000dd0       0x20 /Applications/MCUXpressoIDE_24.12.148/ide/plugins/com.nxp.mcuxpresso.tools.macosx_24.12.0.202407110909/tools/bin/../lib/gcc/arm-none-eabi/13.2.1/../../../../arm-none-eabi/lib/thumb/v8-m.main+fp/hard/libcr_c.a(_do_fflush.o)
 .debug_aranges
                0x00000df0       0x18 /Applications/MCUXpressoIDE_24.12.148/ide/plugins/com.nxp.mcuxpresso.tools.macosx_24.12.0.202407110909/tools/bin/../lib/gcc/arm-none-eabi/13.2.1/../../../../arm-none-eabi/lib/thumb/v8-m.main+fp/hard/libcr_semihost_nf.a(__ciob.o)

.debug_ranges   0x00000000      0xd98
 .debug_ranges  0x00000000       0x18 ./utilities/fsl_assert.o
 .debug_ranges  0x00000018      0x258 ./startup/startup_lpc55s69_cm33_core0.o
 .debug_ranges  0x00000270       0x50 ./source/gpio.o
 .debug_ranges  0x000002c0       0x10 ./source/main.o
 .debug_ranges  0x000002d0       0x70 ./source/sd_card.o
 .debug_ranges  0x00000340       0x10 ./source/semihost_hardfault.o
 .debug_ranges  0x00000350       0x30 ./fatfs/source/diskio.o
 .debug_ranges  0x00000380      0x1e0 ./fatfs/source/ff.o
 .debug_ranges  0x00000560      0x218 ./drivers/fsl_clock.o
 .debug_ranges  0x00000778       0x80 ./drivers/fsl_flexcomm.o
 .debug_ranges  0x000007f8       0x28 ./drivers/fsl_gpio.o
 .debug_ranges  0x00000820       0xb8 ./drivers/fsl_power.o
 .debug_ranges  0x000008d8       0x78 ./device/system_LPC55S69_cm33_core0.o
 .debug_ranges  0x00000950       0x40 ./board/clock_config.o
 .debug_ranges  0x00000990       0x10 /Applications/MCUXpressoIDE_24.12.148/ide/plugins/com.nxp.mcuxpresso.tools.macosx_24.12.0.202407110909/tools/bin/../lib/gcc/arm-none-eabi/13.2.1/../../../../arm-none-eabi/lib/thumb/v8-m.main+fp/hard/libcr_semihost_nf.a(_cr__main.o)
 .debug_ranges  0x000009a0       0x10 /Applications/MCUXpressoIDE_24.12.148/ide/plugins/com.nxp.mcuxpresso.tools.macosx_24.12.0.202407110909/tools/bin/../lib/gcc/arm-none-eabi/13.2.1/../../../../arm-none-eabi/lib/thumb/v8-m.main+fp/hard/libcr_c.a(memcpy.o)
 .debug_ranges  0x000009b0       0x10 /Applications/MCUXpressoIDE_24.12.148/ide/plugins/com.nxp.mcuxpresso.tools.macosx_24.12.0.202407110909/tools/bin/../lib/gcc/arm-none-eabi/13.2.1/../../../../arm-none-eabi/lib/thumb/v8-m.main+fp/hard/libcr_c.a(memset.o)
 .debug_ranges  0x000009c0       0x48 /Applications/MCUXpressoIDE_24.12.148/ide/plugins/com.nxp.mcuxpresso.tools.macosx_24.12.0.202407110909/tools/bin/../lib/gcc/arm-none-eabi/13.2.1/../../../../arm-none-eabi/lib/thumb/v8-m.main+fp/hard/libcr_c.a(alloc.o)
 .debug_ranges  0x00000a08       0x18 /Applications/MCUXpressoIDE_24.12.148/ide/plugins/com.nxp.mcuxpresso.tools.macosx_24.12.0.202407110909/tools/bin/../lib/gcc/arm-none-eabi/13.2.1/../../../../arm-none-eabi/lib/thumb/v8-m.main+fp/hard/libcr_c.a(initio.o)
 .debug_ranges  0x00000a20       0x10 /Applications/MCUXpressoIDE_24.12.148/ide/plugins/com.nxp.mcuxpresso.tools.macosx_24.12.0.202407110909/tools/bin/../lib/gcc/arm-none-eabi/13.2.1/../../../../arm-none-eabi/lib/thumb/v8-m.main+fp/hard/libcr_c.a(memcmp.o)
 .debug_ranges  0x00000a30      0x210 /Applications/MCUXpressoIDE_24.12.148/ide/plugins/com.nxp.mcuxpresso.tools.macosx_24.12.0.202407110909/tools/bin/../lib/gcc/arm-none-eabi/13.2.1/../../../../arm-none-eabi/lib/thumb/v8-m.main+fp/hard/libcr_c.a(printf.o)
 .debug_ranges  0x00000c40       0x10 /Applications/MCUXpressoIDE_24.12.148/ide/plugins/com.nxp.mcuxpresso.tools.macosx_24.12.0.202407110909/tools/bin/../lib/gcc/arm-none-eabi/13.2.1/../../../../arm-none-eabi/lib/thumb/v8-m.main+fp/hard/libcr_c.a(setvbuf.o)
 .debug_ranges  0x00000c50       0x10 /Applications/MCUXpressoIDE_24.12.148/ide/plugins/com.nxp.mcuxpresso.tools.macosx_24.12.0.202407110909/tools/bin/../lib/gcc/arm-none-eabi/13.2.1/../../../../arm-none-eabi/lib/thumb/v8-m.main+fp/hard/libcr_c.a(strchr.o)
 .debug_ranges  0x00000c60       0x10 /Applications/MCUXpressoIDE_24.12.148/ide/plugins/com.nxp.mcuxpresso.tools.macosx_24.12.0.202407110909/tools/bin/../lib/gcc/arm-none-eabi/13.2.1/../../../../arm-none-eabi/lib/thumb/v8-m.main+fp/hard/libcr_c.a(strlen.o)
 .debug_ranges  0x00000c70       0x10 /Applications/MCUXpressoIDE_24.12.148/ide/plugins/com.nxp.mcuxpresso.tools.macosx_24.12.0.202407110909/tools/bin/../lib/gcc/arm-none-eabi/13.2.1/../../../../arm-none-eabi/lib/thumb/v8-m.main+fp/hard/libcr_c.a(__init_alloc.o)
 .debug_ranges  0x00000c80       0x10 /Applications/MCUXpressoIDE_24.12.148/ide/plugins/com.nxp.mcuxpresso.tools.macosx_24.12.0.202407110909/tools/bin/../lib/gcc/arm-none-eabi/13.2.1/../../../../arm-none-eabi/lib/thumb/v8-m.main+fp/hard/libcr_c.a(_cr_sbrk.o)
 .debug_ranges  0x00000c90       0x30 /Applications/MCUXpressoIDE_24.12.148/ide/plugins/com.nxp.mcuxpresso.tools.macosx_24.12.0.202407110909/tools/bin/../lib/gcc/arm-none-eabi/13.2.1/../../../../arm-none-eabi/lib/thumb/v8-m.main+fp/hard/libcr_c.a(_deferredlazyseek.o)
 .debug_ranges  0x00000cc0       0x10 /Applications/MCUXpressoIDE_24.12.148/ide/plugins/com.nxp.mcuxpresso.tools.macosx_24.12.0.202407110909/tools/bin/../lib/gcc/arm-none-eabi/13.2.1/../../../../arm-none-eabi/lib/thumb/v8-m.main+fp/hard/libcr_c.a(_fdopen.o)
 .debug_ranges  0x00000cd0       0x10 /Applications/MCUXpressoIDE_24.12.148/ide/plugins/com.nxp.mcuxpresso.tools.macosx_24.12.0.202407110909/tools/bin/../lib/gcc/arm-none-eabi/13.2.1/../../../../arm-none-eabi/lib/thumb/v8-m.main+fp/hard/libcr_c.a(_fflush.o)
 .debug_ranges  0x00000ce0       0x10 /Applications/MCUXpressoIDE_24.12.148/ide/plugins/com.nxp.mcuxpresso.tools.macosx_24.12.0.202407110909/tools/bin/../lib/gcc/arm-none-eabi/13.2.1/../../../../arm-none-eabi/lib/thumb/v8-m.main+fp/hard/libcr_c.a(_writebuf.o)
 .debug_ranges  0x00000cf0       0x10 /Applications/MCUXpressoIDE_24.12.148/ide/plugins/com.nxp.mcuxpresso.tools.macosx_24.12.0.202407110909/tools/bin/../lib/gcc/arm-none-eabi/13.2.1/../../../../arm-none-eabi/lib/thumb/v8-m.main+fp/hard/libcr_c.a(fclose.o)
 .debug_ranges  0x00000d00       0x28 /Applications/MCUXpressoIDE_24.12.148/ide/plugins/com.nxp.mcuxpresso.tools.macosx_24.12.0.202407110909/tools/bin/../lib/gcc/arm-none-eabi/13.2.1/../../../../arm-none-eabi/lib/thumb/v8-m.main+fp/hard/libcr_c.a(fflush.o)
 .debug_ranges  0x00000d28       0x10 /Applications/MCUXpressoIDE_24.12.148/ide/plugins/com.nxp.mcuxpresso.tools.macosx_24.12.0.202407110909/tools/bin/../lib/gcc/arm-none-eabi/13.2.1/../../../../arm-none-eabi/lib/thumb/v8-m.main+fp/hard/libcr_c.a(fseek.o)
 .debug_ranges  0x00000d38       0x10 /Applications/MCUXpressoIDE_24.12.148/ide/plugins/com.nxp.mcuxpresso.tools.macosx_24.12.0.202407110909/tools/bin/../lib/gcc/arm-none-eabi/13.2.1/../../../../arm-none-eabi/lib/thumb/v8-m.main+fp/hard/libcr_c.a(ftell.o)
 .debug_ranges  0x00000d48       0x18 /Applications/MCUXpressoIDE_24.12.148/ide/plugins/com.nxp.mcuxpresso.tools.macosx_24.12.0.202407110909/tools/bin/../lib/gcc/arm-none-eabi/13.2.1/../../../../arm-none-eabi/lib/thumb/v8-m.main+fp/hard/libcr_c.a(remove.o)
 .debug_ranges  0x00000d60       0x10 /Applications/MCUXpressoIDE_24.12.148/ide/plugins/com.nxp.mcuxpresso.tools.macosx_24.12.0.202407110909/tools/bin/../lib/gcc/arm-none-eabi/13.2.1/../../../../arm-none-eabi/lib/thumb/v8-m.main+fp/hard/libcr_c.a(_cr_check_heap.o)
 .debug_ranges  0x00000d70       0x28 /Applications/MCUXpressoIDE_24.12.148/ide/plugins/com.nxp.mcuxpresso.tools.macosx_24.12.0.202407110909/tools/bin/../lib/gcc/arm-none-eabi/13.2.1/../../../../arm-none-eabi/lib/thumb/v8-m.main+fp/hard/libcr_c.a(_do_fflush.o)

.debug_macro    0x00000000     0x3656
 .debug_macro   0x00000000      0x34b ./utilities/fsl_assert.o
 .debug_macro   0x0000034b       0x1c ./utilities/fsl_assert.o
 .debug_macro   0x00000367       0x22 ./utilities/fsl_assert.o
 .debug_macro   0x00000389       0x16 ./utilities/fsl_assert.o
 .debug_macro   0x0000039f       0x29 ./startup/startup_lpc55s69_cm33_core0.o
 .debug_macro   0x000003c8      0x31c ./source/gpio.o
 .debug_macro   0x000006e4       0x34 ./source/gpio.o
 .debug_macro   0x00000718       0xfe ./source/gpio.o
 .debug_macro   0x00000816      0x3a3 ./source/main.o
 .debug_macro   0x00000bb9       0x2f ./source/main.o
 .debug_macro   0x00000be8       0x10 ./source/main.o
 .debug_macro   0x00000bf8      0x1f0 ./source/main.o
 .debug_macro   0x00000de8       0x82 ./source/main.o
 .debug_macro   0x00000e6a       0xe8 ./source/main.o
 .debug_macro   0x00000f52       0x3a ./source/main.o
 .debug_macro   0x00000f8c       0x16 ./source/main.o
 .debug_macro   0x00000fa2      0x391 ./source/sd_card.o
 .debug_macro   0x00001333       0x10 ./source/sd_card.o
 .debug_macro   0x00001343       0x11 ./source/semihost_hardfault.o
 .debug_macro   0x00001354       0x7f ./fatfs/source/diskio.o
 .debug_macro   0x000013d3       0xe2 ./fatfs/source/diskio.o
 .debug_macro   0x000014b5       0xb8 ./fatfs/source/diskio.o
 .debug_macro   0x0000156d      0x5ca ./fatfs/source/ff.o
 .debug_macro   0x00001b37      0x399 ./drivers/fsl_clock.o
 .debug_macro   0x00001ed0      0x304 ./drivers/fsl_clock.o
 .debug_macro   0x000021d4      0x303 ./drivers/fsl_flexcomm.o
 .debug_macro   0x000024d7       0x10 ./drivers/fsl_flexcomm.o
 .debug_macro   0x000024e7      0x30a ./drivers/fsl_gpio.o
 .debug_macro   0x000027f1      0x5ce ./drivers/fsl_power.o
 .debug_macro   0x00002dbf      0x27f ./device/system_LPC55S69_cm33_core0.o
 .debug_macro   0x0000303e      0x31a ./board/clock_config.o
 .debug_macro   0x00003358      0x2fe ./board/clock_config.o

.debug_line     0x00000000     0xe0ad
 .debug_line    0x00000000      0x957 ./utilities/fsl_assert.o
 .debug_line    0x00000957      0x794 ./startup/startup_lpc55s69_cm33_core0.o
 .debug_line    0x000010eb      0x8cd ./source/gpio.o
 .debug_line    0x000019b8      0xa8e ./source/main.o
 .debug_line    0x00002446      0xdc0 ./source/sd_card.o
 .debug_line    0x00003206       0x59 ./source/semihost_hardfault.o
 .debug_line    0x0000325f      0x372 ./fatfs/source/diskio.o
 .debug_line    0x000035d1     0x2abc ./fatfs/source/ff.o
 .debug_line    0x0000608d     0x1bf1 ./drivers/fsl_clock.o
 .debug_line    0x00007c7e      0xa3e ./drivers/fsl_flexcomm.o
 .debug_line    0x000086bc      0x828 ./drivers/fsl_gpio.o
 .debug_line    0x00008ee4     0x131a ./drivers/fsl_power.o
 .debug_line    0x0000a1fe      0xb31 ./device/system_LPC55S69_cm33_core0.o
 .debug_line    0x0000ad2f      0x8f3 ./board/clock_config.o
 .debug_line    0x0000b622       0xc4 /Applications/MCUXpressoIDE_24.12.148/ide/plugins/com.nxp.mcuxpresso.tools.macosx_24.12.0.202407110909/tools/bin/../lib/gcc/arm-none-eabi/13.2.1/../../../../arm-none-eabi/lib/thumb/v8-m.main+fp/hard/libcr_semihost_nf.a(_cr__main.o)
 .debug_line    0x0000b6e6       0x9b /Applications/MCUXpressoIDE_24.12.148/ide/plugins/com.nxp.mcuxpresso.tools.macosx_24.12.0.202407110909/tools/bin/../lib/gcc/arm-none-eabi/13.2.1/../../../../arm-none-eabi/lib/thumb/v8-m.main+fp/hard/libcr_c.a(memcpy.o)
 .debug_line    0x0000b781       0x7b /Applications/MCUXpressoIDE_24.12.148/ide/plugins/com.nxp.mcuxpresso.tools.macosx_24.12.0.202407110909/tools/bin/../lib/gcc/arm-none-eabi/13.2.1/../../../../arm-none-eabi/lib/thumb/v8-m.main+fp/hard/libcr_c.a(memset.o)
 .debug_line    0x0000b7fc      0x37d /Applications/MCUXpressoIDE_24.12.148/ide/plugins/com.nxp.mcuxpresso.tools.macosx_24.12.0.202407110909/tools/bin/../lib/gcc/arm-none-eabi/13.2.1/../../../../arm-none-eabi/lib/thumb/v8-m.main+fp/hard/libcr_c.a(alloc.o)
 .debug_line    0x0000bb79       0x4e /Applications/MCUXpressoIDE_24.12.148/ide/plugins/com.nxp.mcuxpresso.tools.macosx_24.12.0.202407110909/tools/bin/../lib/gcc/arm-none-eabi/13.2.1/../../../../arm-none-eabi/lib/thumb/v8-m.main+fp/hard/libcr_c.a(errno.o)
 .debug_line    0x0000bbc7      0x149 /Applications/MCUXpressoIDE_24.12.148/ide/plugins/com.nxp.mcuxpresso.tools.macosx_24.12.0.202407110909/tools/bin/../lib/gcc/arm-none-eabi/13.2.1/../../../../arm-none-eabi/lib/thumb/v8-m.main+fp/hard/libcr_c.a(initio.o)
 .debug_line    0x0000bd10       0xc9 /Applications/MCUXpressoIDE_24.12.148/ide/plugins/com.nxp.mcuxpresso.tools.macosx_24.12.0.202407110909/tools/bin/../lib/gcc/arm-none-eabi/13.2.1/../../../../arm-none-eabi/lib/thumb/v8-m.main+fp/hard/libcr_c.a(memcmp.o)