Archive member included to satisfy reference by file (symbol)

/Applications/MCUXpressoIDE_24.12.148/ide/plugins/com.nxp.mcuxpresso.tools.macosx_24.12.0.202407110909/tools/bin/../lib/gcc/arm-none-eabi/13.2.1/../../../../arm-none-eabi/lib/thumb/v8-m.main+fp/hard/libcr_semihost_nf.a(_cr__main.o)
                              ./startup/startup_lpc55s69_cm33_core0.o (__main)
/Applications/MCUXpressoIDE_24.12.148/ide/plugins/com.nxp.mcuxpresso.tools.macosx_24.12.0.202407110909/tools/bin/../lib/gcc/arm-none-eabi/13.2.1/../../../../arm-none-eabi/lib/thumb/v8-m.main+fp/hard/libcr_c.a(memcpy.o)
                              ./utilities/str/fsl_str.o (memcpy)
/Applications/MCUXpressoIDE_24.12.148/ide/plugins/com.nxp.mcuxpresso.tools.macosx_24.12.0.202407110909/tools/bin/../lib/gcc/arm-none-eabi/13.2.1/../../../../arm-none-eabi/lib/thumb/v8-m.main+fp/hard/libcr_c.a(memset.o)
                              ./source/main.o (memset)
/Applications/MCUXpressoIDE_24.12.148/ide/plugins/com.nxp.mcuxpresso.tools.macosx_24.12.0.202407110909/tools/bin/../lib/gcc/arm-none-eabi/13.2.1/../../../../arm-none-eabi/lib/thumb/v8-m.main+fp/hard/libcr_c.a(alloc.o)
                              ./drivers/fsl_common.o (malloc)
/Applications/MCUXpressoIDE_24.12.148/ide/plugins/com.nxp.mcuxpresso.tools.macosx_24.12.0.202407110909/tools/bin/../lib/gcc/arm-none-eabi/13.2.1/../../../../arm-none-eabi/lib/thumb/v8-m.main+fp/hard/libcr_c.a(errno.o)
                              ./utilities/str/fsl_str.o (errno)
/Applications/MCUXpressoIDE_24.12.148/ide/plugins/com.nxp.mcuxpresso.tools.macosx_24.12.0.202407110909/tools/bin/../lib/gcc/arm-none-eabi/13.2.1/../../../../arm-none-eabi/lib/thumb/v8-m.main+fp/hard/libcr_c.a(initio.o)
                              /Applications/MCUXpressoIDE_24.12.148/ide/plugins/com.nxp.mcuxpresso.tools.macosx_24.12.0.202407110909/tools/bin/../lib/gcc/arm-none-eabi/13.2.1/../../../../arm-none-eabi/lib/thumb/v8-m.main+fp/hard/libcr_semihost_nf.a(_cr__main.o) (_initio)
/Applications/MCUXpressoIDE_24.12.148/ide/plugins/com.nxp.mcuxpresso.tools.macosx_24.12.0.202407110909/tools/bin/../lib/gcc/arm-none-eabi/13.2.1/../../../../arm-none-eabi/lib/thumb/v8-m.main+fp/hard/libcr_c.a(printf.o)
                              ./utilities/fsl_assert.o (_printf)
/Applications/MCUXpressoIDE_24.12.148/ide/plugins/com.nxp.mcuxpresso.tools.macosx_24.12.0.202407110909/tools/bin/../lib/gcc/arm-none-eabi/13.2.1/../../../../arm-none-eabi/lib/thumb/v8-m.main+fp/hard/libcr_c.a(scanf.o)
                              ./utilities/str/fsl_str.o (strtoul)
/Applications/MCUXpressoIDE_24.12.148/ide/plugins/com.nxp.mcuxpresso.tools.macosx_24.12.0.202407110909/tools/bin/../lib/gcc/arm-none-eabi/13.2.1/../../../../arm-none-eabi/lib/thumb/v8-m.main+fp/hard/libcr_c.a(setvbuf.o)
                              /Applications/MCUXpressoIDE_24.12.148/ide/plugins/com.nxp.mcuxpresso.tools.macosx_24.12.0.202407110909/tools/bin/../lib/gcc/arm-none-eabi/13.2.1/../../../../arm-none-eabi/lib/thumb/v8-m.main+fp/hard/libcr_c.a(initio.o) (setvbuf)
/Applications/MCUXpressoIDE_24.12.148/ide/plugins/com.nxp.mcuxpresso.tools.macosx_24.12.0.202407110909/tools/bin/../lib/gcc/arm-none-eabi/13.2.1/../../../../arm-none-eabi/lib/thumb/v8-m.main+fp/hard/libcr_c.a(strlen.o)
                              ./utilities/str/fsl_str.o (strlen)
/Applications/MCUXpressoIDE_24.12.148/ide/plugins/com.nxp.mcuxpresso.tools.macosx_24.12.0.202407110909/tools/bin/../lib/gcc/arm-none-eabi/13.2.1/../../../../arm-none-eabi/lib/thumb/v8-m.main+fp/hard/libcr_c.a(ungetc.o)
                              /Applications/MCUXpressoIDE_24.12.148/ide/plugins/com.nxp.mcuxpresso.tools.macosx_24.12.0.202407110909/tools/bin/../lib/gcc/arm-none-eabi/13.2.1/../../../../arm-none-eabi/lib/thumb/v8-m.main+fp/hard/libcr_c.a(scanf.o) (ungetc)
/Applications/MCUXpressoIDE_24.12.148/ide/plugins/com.nxp.mcuxpresso.tools.macosx_24.12.0.202407110909/tools/bin/../lib/gcc/arm-none-eabi/13.2.1/../../../../arm-none-eabi/lib/thumb/v8-m.main+fp/hard/libcr_c.a(__fillbuf.o)
                              /Applications/MCUXpressoIDE_24.12.148/ide/plugins/com.nxp.mcuxpresso.tools.macosx_24.12.0.202407110909/tools/bin/../lib/gcc/arm-none-eabi/13.2.1/../../../../arm-none-eabi/lib/thumb/v8-m.main+fp/hard/libcr_c.a(scanf.o) (__filbuf)
/Applications/MCUXpressoIDE_24.12.148/ide/plugins/com.nxp.mcuxpresso.tools.macosx_24.12.0.202407110909/tools/bin/../lib/gcc/arm-none-eabi/13.2.1/../../../../arm-none-eabi/lib/thumb/v8-m.main+fp/hard/libcr_c.a(__init_alloc.o)
                              /Applications/MCUXpressoIDE_24.12.148/ide/plugins/com.nxp.mcuxpresso.tools.macosx_24.12.0.202407110909/tools/bin/../lib/gcc/arm-none-eabi/13.2.1/../../../../arm-none-eabi/lib/thumb/v8-m.main+fp/hard/libcr_c.a(alloc.o) (__heaps)
/Applications/MCUXpressoIDE_24.12.148/ide/plugins/com.nxp.mcuxpresso.tools.macosx_24.12.0.202407110909/tools/bin/../lib/gcc/arm-none-eabi/13.2.1/../../../../arm-none-eabi/lib/thumb/v8-m.main+fp/hard/libcr_c.a(_cr_sbrk.o)
[...]
Memory Configuration

Name             Origin             Length             Attributes
PROGRAM_FLASH    0x00000000         0x0009d800         xr
SRAM             0x20000000         0x00040000         xrw
SRAMX            0x04000000         0x00008000         xrw
USB_RAM          0x40100000         0x00004000         xrw
SRAM4            0x20040000         0x00004000         xrw
*default*        0x00000000         0xffffffff

Linker script and memory map

LOAD ./utilities/str/fsl_str.o
LOAD ./utilities/debug_console/fsl_debug_console.o
LOAD ./utilities/fsl_assert.o
LOAD ./startup/boot_multicore_slave.o
LOAD ./startup/startup_lpc55s69_cm33_core0.o
LOAD ./source/gpio.o
LOAD ./source/main.o
LOAD ./source/sd_card.o
LOAD ./source/semihost_hardfault.o
LOAD ./drivers/fsl_clock.o
LOAD ./drivers/fsl_common.o
LOAD ./drivers/fsl_common_arm.o
LOAD ./drivers/fsl_flexcomm.o
LOAD ./drivers/fsl_gpio.o
LOAD ./drivers/fsl_i2c.o
LOAD ./drivers/fsl_power.o
LOAD ./drivers/fsl_reset.o
LOAD ./drivers/fsl_spi.o
LOAD ./drivers/fsl_usart.o
LOAD ./device/system_LPC55S69_cm33_core0.o
LOAD ./component/uart/fsl_adapter_usart.o
LOAD ./component/serial_manager/fsl_component_serial_manager.o
LOAD ./component/serial_manager/fsl_component_serial_port_uart.o
LOAD ./component/lists/fsl_component_generic_list.o
LOAD ./board/board.o
LOAD ./board/clock_config.o
LOAD ./board/peripherals.o
LOAD ./board/pin_mux.o
START GROUP
LOAD /Applications/MCUXpressoIDE_24.12.148/ide/plugins/com.nxp.mcuxpresso.tools.macosx_24.12.0.202407110909/tools/bin/../lib/gcc/arm-none-eabi/13.2.1/../../../../arm-none-eabi/lib/thumb/v8-m.main+fp/hard/libcr_semihost_nf.a
LOAD /Applications/MCUXpressoIDE_24.12.148/ide/plugins/com.nxp.mcuxpresso.tools.macosx_24.12.0.202407110909/tools/bin/../lib/gcc/arm-none-eabi/13.2.1/../../../../arm-none-eabi/lib/thumb/v8-m.main+fp/hard/libcr_c.a
LOAD /Applications/MCUXpressoIDE_24.12.148/ide/plugins/com.nxp.mcuxpresso.tools.macosx_24.12.0.202407110909/tools/bin/../lib/gcc/arm-none-eabi/13.2.1/thumb/v8-m.main+fp/hard/libcr_eabihelpers.a
LOAD /Applications/MCUXpressoIDE_24.12.148/ide/plugins/com.nxp.mcuxpresso.tools.macosx_24.12.0.202407110909/tools/bin/../lib/gcc/arm-none-eabi/13.2.1/thumb/v8-m.main+fp/hard/libgcc.a
END GROUP
                0x00000000                        __base_PROGRAM_FLASH = 0x0
                0x00000000                        __base_Flash = 0x0
                0x0009d800                        __top_PROGRAM_FLASH = 0x9d800
                0x0009d800                        __top_Flash = 0x9d800
                0x20000000                        __base_SRAM = 0x20000000
                0x20000000                        __base_RAM = 0x20000000
                0x20040000                        __top_SRAM = 0x20040000
                0x20040000                        __top_RAM = 0x20040000
                0x04000000                        __base_SRAMX = 0x4000000
                0x04000000                        __base_RAM2 = 0x4000000
                0x04008000                        __top_SRAMX = 0x4008000
                0x04008000                        __top_RAM2 = 0x4008000
                0x40100000                        __base_USB_RAM = 0x40100000
                0x40100000                        __base_RAM3 = 0x40100000
                0x40104000                        __top_USB_RAM = 0x40104000
                0x40104000                        __top_RAM3 = 0x40104000
                0x20040000                        __base_SRAM4 = 0x20040000
                0x20040000                        __base_RAM4 = 0x20040000
                0x20044000                        __top_SRAM4 = 0x20044000
                0x20044000                        __top_RAM4 = 0x20044000

.text           0x00000000     0x32dc
 FILL mask 0xff
                0x00000000                        __vectors_start__ = ABSOLUTE (.)
 *(SORT_BY_ALIGNMENT(.isr_vector))
 .isr_vector    0x00000000      0x130 ./startup/startup_lpc55s69_cm33_core0.o
                0x00000000                __Vectors
                0x00000000                g_pfnVectors
                0x00000130                        . = ALIGN (0x4)
                0x00000130                        __section_table_start = .
                0x00000130                        __data_section_table = .
                0x00000130        0x4 LONG 0x32dc LOADADDR (.data)
                0x00000134        0x4 LONG 0x20000000 ADDR (.data)
                0x00000138        0x4 LONG 0x8 SIZEOF (.data)
                0x0000013c        0x4 LONG 0x32dc LOADADDR (.data_RAM2)
                0x00000140        0x4 LONG 0x4000000 ADDR (.data_RAM2)
                0x00000144        0x4 LONG 0x0 SIZEOF (.data_RAM2)
                0x00000148        0x4 LONG 0x32dc LOADADDR (.data_RAM3)
                0x0000014c        0x4 LONG 0x40100000 ADDR (.data_RAM3)
                0x00000150        0x4 LONG 0x0 SIZEOF (.data_RAM3)
                0x00000154        0x4 LONG 0x32dc LOADADDR (.data_RAM4)
                0x00000158        0x4 LONG 0x20040000 ADDR (.data_RAM4)
                0x0000015c        0x4 LONG 0x0 SIZEOF (.data_RAM4)
                0x00000160                        __data_section_table_end = .
                0x00000160                        __bss_section_table = .
                0x00000160        0x4 LONG 0x20000008 ADDR (.bss)
                0x00000164        0x4 LONG 0x30c SIZEOF (.bss)
                0x00000168        0x4 LONG 0x4000000 ADDR (.bss_RAM2)
                0x0000016c        0x4 LONG 0x0 SIZEOF (.bss_RAM2)
                0x00000170        0x4 LONG 0x40100000 ADDR (.bss_RAM3)
                0x00000174        0x4 LONG 0x0 SIZEOF (.bss_RAM3)
                0x00000178        0x4 LONG 0x20040000 ADDR (.bss_RAM4)
                0x0000017c        0x4 LONG 0x0 SIZEOF (.bss_RAM4)
                0x00000180                        __bss_section_table_end = .
                0x00000180                        __section_table_end = .
 *(SORT_BY_ALIGNMENT(.after_vectors*))
 .after_vectors.reset
                0x00000180       0x68 ./startup/startup_lpc55s69_cm33_core0.o
                0x00000180                ResetISR
 .after_vectors.init_data
                0x000001e8       0x1e ./startup/startup_lpc55s69_cm33_core0.o
                0x000001e8                data_init
 .after_vectors.init_bss
                0x00000206       0x12 ./startup/startup_lpc55s69_cm33_core0.o
                0x00000206                bss_init
 .after_vectors
                0x00000218       0x16 ./startup/startup_lpc55s69_cm33_core0.o
                0x00000218                NMI_Handler
                0x0000021c                MemManage_Handler
                0x0000021e                BusFault_Handler
                0x00000220                UsageFault_Handler
                0x00000222                SecureFault_Handler
                0x00000224                SVC_Handler
                0x00000226                DebugMon_Handler
                0x00000228                PendSV_Handler
                0x0000022a                SysTick_Handler
                0x0000022c                CTIMER2_DriverIRQHandler
                0x0000022c                IntDefaultHandler
                0x0000022c                USB0_DriverIRQHandler
                0x0000022c                CASER_DriverIRQHandler
                0x0000022c                MRT0_DriverIRQHandler
                0x0000022c                UTICK0_DriverIRQHandler
                0x0000022c                Reserved41_DriverIRQHandler
                0x0000022c                PIN_INT4_DriverIRQHandler
                0x0000022c                PIN_INT5_DriverIRQHandler
                0x0000022c                SEC_GPIO_INT0_IRQ0_DriverIRQHandler
                0x0000022c                CTIMER4_DriverIRQHandler
                0x0000022c                GINT1_DriverIRQHandler
                0x0000022c                PIN_INT7_DriverIRQHandler
                0x0000022c                Reserved55_DriverIRQHandler
                0x0000022c                HASHCRYPT_DriverIRQHandler
                0x0000022c                USB0_NEEDCLK_DriverIRQHandler
                0x0000022c                CTIMER0_DriverIRQHandler
                0x0000022c                CTIMER1_DriverIRQHandler
                0x0000022c                PIN_INT6_DriverIRQHandler
                0x0000022c                PQ_DriverIRQHandler
                0x0000022c                MAILBOX_DriverIRQHandler
                0x0000022c                PIN_INT1_DriverIRQHandler
                0x0000022c                CTIMER3_DriverIRQHandler
                0x0000022c                Reserved61_DriverIRQHandler
                0x0000022c                SEC_GPIO_INT0_IRQ1_DriverIRQHandler
                0x0000022c                PUF_DriverIRQHandler
                0x0000022c                RTC_DriverIRQHandler
                0x0000022c                USB1_DriverIRQHandler
                0x0000022c                Reserved60_DriverIRQHandler
                0x0000022c                DMA1_DriverIRQHandler
                0x0000022c                ADC0_DriverIRQHandler
                0x0000022c                USB1_NEEDCLK_DriverIRQHandler
                0x0000022c                Reserved59_DriverIRQHandler
                0x0000022c                SDIO_DriverIRQHandler
                0x0000022c                GINT0_DriverIRQHandler
                0x0000022c                USB1_PHY_DriverIRQHandler
                0x0000022c                ACMP_DriverIRQHandler
                0x0000022c                Reserved57_DriverIRQHandler
                0x0000022c                Reserved46_DriverIRQHandler
                0x0000022c                WDT_BOD_DriverIRQHandler
                0x0000022c                SCT0_DriverIRQHandler
                0x0000022c                PLU_DriverIRQHandler
                0x0000022c                OS_EVENT_DriverIRQHandler
                0x0000022c                SEC_HYPERVISOR_CALL_DriverIRQHandler
                0x0000022c                Reserved39_DriverIRQHandler
                0x0000022c                DMA0_DriverIRQHandler
                0x0000022c                Reserved42_DriverIRQHandler
                0x0000022c                SEC_VIO_DriverIRQHandler
                0x0000022c                PIN_INT3_DriverIRQHandler
                0x0000022c                PIN_INT2_DriverIRQHandler
                0x0000022c                Reserved56_DriverIRQHandler
                0x0000022c                PIN_INT0_DriverIRQHandler
 *(SORT_BY_ALIGNMENT(.text*))
 *fill*         0x0000022e        0x2 ff
 .text.__assertion_failed
                0x00000230       0x2c ./utilities/fsl_assert.o
                0x00000230                __assertion_failed
 .text.GPIO_SPI_Init
                0x0000025c       0xc8 ./source/gpio.o
                0x0000025c                GPIO_SPI_Init
 .text.GPIO_SPI_SetSCK
                0x00000324       0x24 ./source/gpio.o
                0x00000324                GPIO_SPI_SetSCK
 .text.GPIO_SPI_SetMOSI
                0x00000348       0x24 ./source/gpio.o
                0x00000348                GPIO_SPI_SetMOSI
 .text.GPIO_SPI_SetCS
                0x0000036c       0x24 ./source/gpio.o
                0x0000036c                GPIO_SPI_SetCS
 .text.GPIO_SPI_ReadMISO
                0x00000390       0x1c ./source/gpio.o
                0x00000390                GPIO_SPI_ReadMISO
 .text.main     0x000003ac       0xd8 ./source/main.o
                0x000003ac                main
 .text.SD_Init  0x00000484       0xfc ./source/sd_card.o
                0x00000484                SD_Init
 .text.SD_WriteBlock
                0x00000580       0xbc ./source/sd_card.o
                0x00000580                SD_WriteBlock
 .text.SD_ReadBlock
                0x0000063c       0xc0 ./source/sd_card.o
                0x0000063c                SD_ReadBlock
 .text.SD_AppendLine
                0x000006fc       0xa8 ./source/sd_card.o
                0x000006fc                SD_AppendLine
 .text.SD_Finalize
                0x000007a4       0x38 ./source/sd_card.o
                0x000007a4                SD_Finalize
 .text.POWER_DisablePD
                0x000007dc       0x20 ./drivers/fsl_clock.o
 .text.CLOCK_AttachClk
                0x000007fc       0xa0 ./drivers/fsl_clock.o
                0x000007fc                CLOCK_AttachClk
 .text.CLOCK_SetClkDiv
                0x0000089c       0x80 ./drivers/fsl_clock.o
                0x0000089c                CLOCK_SetClkDiv
 .text.CLOCK_SetupFROClocking
                0x0000091c       0x80 ./drivers/fsl_clock.o
                0x0000091c                CLOCK_SetupFROClocking
 .text.CLOCK_SetFLASHAccessCyclesForFreq
                0x0000099c      0x17c ./drivers/fsl_clock.o
                0x0000099c                CLOCK_SetFLASHAccessCyclesForFreq
 .text.FLEXCOMM_GetInstance
                0x00000b18       0x4c ./drivers/fsl_flexcomm.o
                0x00000b18                FLEXCOMM_GetInstance
 .text.FLEXCOMM0_DriverIRQHandler
                0x00000b64       0x5c ./drivers/fsl_flexcomm.o
                0x00000b64                FLEXCOMM0_DriverIRQHandler
 .text.FLEXCOMM1_DriverIRQHandler
                0x00000bc0       0x5c ./drivers/fsl_flexcomm.o
                0x00000bc0                FLEXCOMM1_DriverIRQHandler
 .text.FLEXCOMM2_DriverIRQHandler
                0x00000c1c       0x5c ./drivers/fsl_flexcomm.o
                0x00000c1c                FLEXCOMM2_DriverIRQHandler
 .text.FLEXCOMM3_DriverIRQHandler
                0x00000c78       0x5c ./drivers/fsl_flexcomm.o
                0x00000c78                FLEXCOMM3_DriverIRQHandler
 .text.FLEXCOMM4_DriverIRQHandler
                0x00000cd4       0x5c ./drivers/fsl_flexcomm.o
                0x00000cd4                FLEXCOMM4_DriverIRQHandler
 .text.FLEXCOMM5_DriverIRQHandler
                0x00000d30       0x5c ./drivers/fsl_flexcomm.o
                0x00000d30                FLEXCOMM5_DriverIRQHandler
 .text.FLEXCOMM6_DriverIRQHandler
                0x00000d8c       0x5c ./drivers/fsl_flexcomm.o
                0x00000d8c                FLEXCOMM6_DriverIRQHandler
 .text.FLEXCOMM7_DriverIRQHandler
                0x00000de8       0x5c ./drivers/fsl_flexcomm.o
                0x00000de8                FLEXCOMM7_DriverIRQHandler
 .text.FLEXCOMM8_DriverIRQHandler
                0x00000e44       0x5c ./drivers/fsl_flexcomm.o
                0x00000e44                FLEXCOMM8_DriverIRQHandler
 .text.GPIO_EnablePortClock
                0x00000ea0       0x34 ./drivers/fsl_gpio.o
 .text.lowpower_set_system_voltage
                0x00000ed4      0x154 ./drivers/fsl_power.o
 .text.lowpower_set_dcdc_power_profile
                0x00001028       0xec ./drivers/fsl_power.o
 .text.lowpower_get_part_process_corner
                0x00001114       0x94 ./drivers/fsl_power.o
 .text.POWER_SetVoltageForFreq
                0x000011a8       0x50 ./drivers/fsl_power.o
                0x000011a8                POWER_SetVoltageForFreq
 .text.RESET_ClearPeripheralReset
                0x000011f8       0x60 ./drivers/fsl_reset.o
                0x000011f8                RESET_ClearPeripheralReset
 .text.SystemInit
                0x00001258       0x64 ./device/system_LPC55S69_cm33_core0.o
                0x00001258                SystemInit
 .text.BOARD_InitDebugConsole
                0x000012bc       0x38 ./board/board.o
                0x000012bc                BOARD_InitDebugConsole
 .text.POWER_DisablePD
                0x000012f4       0x20 ./board/clock_config.o
 .text.BOARD_BootClockFROHF96M
                0x00001314       0x58 ./board/clock_config.o
                0x00001314                BOARD_BootClockFROHF96M
 .text.malloc   0x0000136c       0xc8 /Applications/MCUXpressoIDE_24.12.148/ide/plugins/com.nxp.mcuxpresso.tools.macosx_24.12.0.202407110909/tools/bin/../lib/gcc/arm-none-eabi/13.2.1/../../../../arm-none-eabi/lib/thumb/v8-m.main+fp/hard/libcr_c.a(alloc.o)
                0x0000136c                malloc
 .text._Csys_alloc
                0x00001434       0x20 /Applications/MCUXpressoIDE_24.12.148/ide/plugins/com.nxp.mcuxpresso.tools.macosx_24.12.0.202407110909/tools/bin/../lib/gcc/arm-none-eabi/13.2.1/../../../../arm-none-eabi/lib/thumb/v8-m.main+fp/hard/libcr_c.a(alloc.o)
                0x00001434                _Csys_alloc
 .text._initio  0x00001454       0x78 /Applications/MCUXpressoIDE_24.12.148/ide/plugins/com.nxp.mcuxpresso.tools.macosx_24.12.0.202407110909/tools/bin/../lib/gcc/arm-none-eabi/13.2.1/../../../../arm-none-eabi/lib/thumb/v8-m.main+fp/hard/libcr_c.a(initio.o)
                0x00001454                _initio
 .text.__vfprintf
                0x000014cc      0xb70 /Applications/MCUXpressoIDE_24.12.148/ide/plugins/com.nxp.mcuxpresso.tools.macosx_24.12.0.202407110909/tools/bin/../lib/gcc/arm-none-eabi/13.2.1/../../../../arm-none-eabi/lib/thumb/v8-m.main+fp/hard/libcr_c.a(printf.o)
                0x000014cc                __vfprintf
 .text._vsnprintf
                0x0000203c       0x68 /Applications/MCUXpressoIDE_24.12.148/ide/plugins/com.nxp.mcuxpresso.tools.macosx_24.12.0.202407110909/tools/bin/../lib/gcc/arm-none-eabi/13.2.1/../../../../arm-none-eabi/lib/thumb/v8-m.main+fp/hard/libcr_c.a(printf.o)
                0x0000203c                _vsnprintf
 .text._printf  0x000020a4       0x54 /Applications/MCUXpressoIDE_24.12.148/ide/plugins/com.nxp.mcuxpresso.tools.macosx_24.12.0.202407110909/tools/bin/../lib/gcc/arm-none-eabi/13.2.1/../../../../arm-none-eabi/lib/thumb/v8-m.main+fp/hard/libcr_c.a(printf.o)
                0x000020a4                _printf
 .text._sbrk    0x000020f8       0x3c /Applications/MCUXpressoIDE_24.12.148/ide/plugins/com.nxp.mcuxpresso.tools.macosx_24.12.0.202407110909/tools/bin/../lib/gcc/arm-none-eabi/13.2.1/../../../../arm-none-eabi/lib/thumb/v8-m.main+fp/hard/libcr_c.a(_cr_sbrk.o)
                0x000020f8                _sbrk
 .text._Cwritebuf
                0x00002134       0x6c /Applications/MCUXpressoIDE_24.12.148/ide/plugins/com.nxp.mcuxpresso.tools.macosx_24.12.0.202407110909/tools/bin/../lib/gcc/arm-none-eabi/13.2.1/../../../../arm-none-eabi/lib/thumb/v8-m.main+fp/hard/libcr_c.a(_writebuf.o)
                0x00002134                _Cwritebuf
 .text.fflush   0x000021a0       0x3c /Applications/MCUXpressoIDE_24.12.148/ide/plugins/com.nxp.mcuxpresso.tools.macosx_24.12.0.202407110909/tools/bin/../lib/gcc/arm-none-eabi/13.2.1/../../../../arm-none-eabi/lib/thumb/v8-m.main+fp/hard/libcr_c.a(fflush.o)
                0x000021a0                fflush
 .text.fseek    0x000021dc       0xf8 /Applications/MCUXpressoIDE_24.12.148/ide/plugins/com.nxp.mcuxpresso.tools.macosx_24.12.0.202407110909/tools/bin/../lib/gcc/arm-none-eabi/13.2.1/../../../../arm-none-eabi/lib/thumb/v8-m.main+fp/hard/libcr_c.a(fseek.o)
                0x000021dc                fseek
 .text.ftell    0x000022d4       0x44 /Applications/MCUXpressoIDE_24.12.148/ide/plugins/com.nxp.mcuxpresso.tools.macosx_24.12.0.202407110909/tools/bin/../lib/gcc/arm-none-eabi/13.2.1/../../../../arm-none-eabi/lib/thumb/v8-m.main+fp/hard/libcr_c.a(ftell.o)
                0x000022d4                ftell
 .text.__check_heap_overflow
                0x00002318       0x18 /Applications/MCUXpressoIDE_24.12.148/ide/plugins/com.nxp.mcuxpresso.tools.macosx_24.12.0.202407110909/tools/bin/../lib/gcc/arm-none-eabi/13.2.1/../../../../arm-none-eabi/lib/thumb/v8-m.main+fp/hard/libcr_c.a(_cr_check_heap.o)
                0x00002318                __check_heap_overflow
 .text.__sys_appexit
                0x00002330        0xc /Applications/MCUXpressoIDE_24.12.148/ide/plugins/com.nxp.mcuxpresso.tools.macosx_24.12.0.202407110909/tools/bin/../lib/gcc/arm-none-eabi/13.2.1/../../../../arm-none-eabi/lib/thumb/v8-m.main+fp/hard/libcr_semihost_nf.a(__sys_appexit.o)
                0x00002330                __exit
                0x00002330                __sys_appexit
 .text.fsl_assert_hook
                0x0000233c       0x1a ./utilities/fsl_assert.o
                0x0000233c                fsl_assert_hook
 .text.WDT_BOD_IRQHandler
                0x00002356        0x8 ./startup/startup_lpc55s69_cm33_core0.o
                0x00002356                WDT_BOD_IRQHandler
 .text.DMA0_IRQHandler
                0x0000235e        0x8 ./startup/startup_lpc55s69_cm33_core0.o
                0x0000235e                DMA0_IRQHandler
 .text.GINT0_IRQHandler
                0x00002366        0x8 ./startup/startup_lpc55s69_cm33_core0.o
                0x00002366                GINT0_IRQHandler
 .text.GINT1_IRQHandler
                0x0000236e        0x8 ./startup/startup_lpc55s69_cm33_core0.o
                0x0000236e                GINT1_IRQHandler
 .text.PIN_INT0_IRQHandler
                0x00002376        0x8 ./startup/startup_lpc55s69_cm33_core0.o
                0x00002376                PIN_INT0_IRQHandler
 .text.PIN_INT1_IRQHandler
                0x0000237e        0x8 ./startup/startup_lpc55s69_cm33_core0.o
                0x0000237e                PIN_INT1_IRQHandler
 .text.PIN_INT2_IRQHandler
                0x00002386        0x8 ./startup/startup_lpc55s69_cm33_core0.o
                0x00002386                PIN_INT2_IRQHandler
 .text.PIN_INT3_IRQHandler
                0x0000238e        0x8 ./startup/startup_lpc55s69_cm33_core0.o
                0x0000238e                PIN_INT3_IRQHandler
 .text.UTICK0_IRQHandler
                0x00002396        0x8 ./startup/startup_lpc55s69_cm33_core0.o
                0x00002396                UTICK0_IRQHandler
 .text.MRT0_IRQHandler
                0x0000239e        0x8 ./startup/startup_lpc55s69_cm33_core0.o
                0x0000239e                MRT0_IRQHandler
 .text.CTIMER0_IRQHandler
                0x000023a6        0x8 ./startup/startup_lpc55s69_cm33_core0.o
                0x000023a6                CTIMER0_IRQHandler
 .text.CTIMER1_IRQHandler
                0x000023ae        0x8 ./startup/startup_lpc55s69_cm33_core0.o
                0x000023ae                CTIMER1_IRQHandler
 .text.SCT0_IRQHandler
                0x000023b6        0x8 ./startup/startup_lpc55s69_cm33_core0.o
                0x000023b6                SCT0_IRQHandler
 .text.CTIMER3_IRQHandler
                0x000023be        0x8 ./startup/startup_lpc55s69_cm33_core0.o
                0x000023be                CTIMER3_IRQHandler
 .text.FLEXCOMM0_IRQHandler
                0x000023c6        0x8 ./startup/startup_lpc55s69_cm33_core0.o
                0x000023c6                FLEXCOMM0_IRQHandler
 .text.FLEXCOMM1_IRQHandler
                0x000023ce        0x8 ./startup/startup_lpc55s69_cm33_core0.o
                0x000023ce                FLEXCOMM1_IRQHandler
 .text.FLEXCOMM2_IRQHandler
                0x000023d6        0x8 ./startup/startup_lpc55s69_cm33_core0.o
                0x000023d6                FLEXCOMM2_IRQHandler
 .text.FLEXCOMM3_IRQHandler
                0x000023de        0x8 ./startup/startup_lpc55s69_cm33_core0.o
                0x000023de                FLEXCOMM3_IRQHandler
 .text.FLEXCOMM4_IRQHandler
                0x000023e6        0x8 ./startup/startup_lpc55s69_cm33_core0.o
                0x000023e6                FLEXCOMM4_IRQHandler
 .text.FLEXCOMM5_IRQHandler
                0x000023ee        0x8 ./startup/startup_lpc55s69_cm33_core0.o
                0x000023ee                FLEXCOMM5_IRQHandler
 .text.FLEXCOMM6_IRQHandler
                0x000023f6        0x8 ./startup/startup_lpc55s69_cm33_core0.o
                0x000023f6                FLEXCOMM6_IRQHandler
 .text.FLEXCOMM7_IRQHandler
                0x000023fe        0x8 ./startup/startup_lpc55s69_cm33_core0.o
                0x000023fe                FLEXCOMM7_IRQHandler
 .text.ADC0_IRQHandler
                0x00002406        0x8 ./startup/startup_lpc55s69_cm33_core0.o
                0x00002406                ADC0_IRQHandler
 .text.Reserved39_IRQHandler
                0x0000240e        0x8 ./startup/startup_lpc55s69_cm33_core0.o
                0x0000240e                Reserved39_IRQHandler
 .text.ACMP_IRQHandler
                0x00002416        0x8 ./startup/startup_lpc55s69_cm33_core0.o
                0x00002416                ACMP_IRQHandler
 .text.Reserved41_IRQHandler
                0x0000241e        0x8 ./startup/startup_lpc55s69_cm33_core0.o
                0x0000241e                Reserved41_IRQHandler
 .text.Reserved42_IRQHandler
                0x00002426        0x8 ./startup/startup_lpc55s69_cm33_core0.o
                0x00002426                Reserved42_IRQHandler
 .text.USB0_NEEDCLK_IRQHandler
                0x0000242e        0x8 ./startup/startup_lpc55s69_cm33_core0.o
                0x0000242e                USB0_NEEDCLK_IRQHandler
 .text.USB0_IRQHandler
                0x00002436        0x8 ./startup/startup_lpc55s69_cm33_core0.o
                0x00002436                USB0_IRQHandler
 .text.RTC_IRQHandler
                0x0000243e        0x8 ./startup/startup_lpc55s69_cm33_core0.o
                0x0000243e                RTC_IRQHandler
 .text.Reserved46_IRQHandler
                0x00002446        0x8 ./startup/startup_lpc55s69_cm33_core0.o
                0x00002446                Reserved46_IRQHandler
 .text.MAILBOX_IRQHandler
                0x0000244e        0x8 ./startup/startup_lpc55s69_cm33_core0.o
                0x0000244e                MAILBOX_IRQHandler
 .text.PIN_INT4_IRQHandler
                0x00002456        0x8 ./startup/startup_lpc55s69_cm33_core0.o
                0x00002456                PIN_INT4_IRQHandler
 .text.PIN_INT5_IRQHandler
                0x0000245e        0x8 ./startup/startup_lpc55s69_cm33_core0.o
                0x0000245e                PIN_INT5_IRQHandler
 .text.PIN_INT6_IRQHandler
                0x00002466        0x8 ./startup/startup_lpc55s69_cm33_core0.o
                0x00002466                PIN_INT6_IRQHandler
 .text.PIN_INT7_IRQHandler
                0x0000246e        0x8 ./startup/startup_lpc55s69_cm33_core0.o
                0x0000246e                PIN_INT7_IRQHandler
 .text.CTIMER2_IRQHandler
                0x00002476        0x8 ./startup/startup_lpc55s69_cm33_core0.o
                0x00002476                CTIMER2_IRQHandler
 .text.CTIMER4_IRQHandler
                0x0000247e        0x8 ./startup/startup_lpc55s69_cm33_core0.o
                0x0000247e                CTIMER4_IRQHandler
 .text.OS_EVENT_IRQHandler
                0x00002486        0x8 ./startup/startup_lpc55s69_cm33_core0.o
                0x00002486                OS_EVENT_IRQHandler
 .text.Reserved55_IRQHandler
                0x0000248e        0x8 ./startup/startup_lpc55s69_cm33_core0.o
                0x0000248e                Reserved55_IRQHandler
 .text.Reserved56_IRQHandler
                0x00002496        0x8 ./startup/startup_lpc55s69_cm33_core0.o
                0x00002496                Reserved56_IRQHandler
 .text.Reserved57_IRQHandler
                0x0000249e        0x8 ./startup/startup_lpc55s69_cm33_core0.o
                0x0000249e                Reserved57_IRQHandler
 .text.SDIO_IRQHandler
                0x000024a6        0x8 ./startup/startup_lpc55s69_cm33_core0.o
                0x000024a6                SDIO_IRQHandler
 .text.Reserved59_IRQHandler
                0x000024ae        0x8 ./startup/startup_lpc55s69_cm33_core0.o
                0x000024ae                Reserved59_IRQHandler
 .text.Reserved60_IRQHandler
                0x000024b6        0x8 ./startup/startup_lpc55s69_cm33_core0.o
                0x000024b6                Reserved60_IRQHandler
 .text.Reserved61_IRQHandler
                0x000024be        0x8 ./startup/startup_lpc55s69_cm33_core0.o
                0x000024be                Reserved61_IRQHandler
 .text.USB1_PHY_IRQHandler
                0x000024c6        0x8 ./startup/startup_lpc55s69_cm33_core0.o
                0x000024c6                USB1_PHY_IRQHandler
 .text.USB1_IRQHandler
                0x000024ce        0x8 ./startup/startup_lpc55s69_cm33_core0.o
                0x000024ce                USB1_IRQHandler
 .text.USB1_NEEDCLK_IRQHandler
                0x000024d6        0x8 ./startup/startup_lpc55s69_cm33_core0.o
                0x000024d6                USB1_NEEDCLK_IRQHandler
 .text.SEC_HYPERVISOR_CALL_IRQHandler
                0x000024de        0x8 ./startup/startup_lpc55s69_cm33_core0.o
                0x000024de                SEC_HYPERVISOR_CALL_IRQHandler
 .text.SEC_GPIO_INT0_IRQ0_IRQHandler
                0x000024e6        0x8 ./startup/startup_lpc55s69_cm33_core0.o
                0x000024e6                SEC_GPIO_INT0_IRQ0_IRQHandler
 .text.SEC_GPIO_INT0_IRQ1_IRQHandler
                0x000024ee        0x8 ./startup/startup_lpc55s69_cm33_core0.o
                0x000024ee                SEC_GPIO_INT0_IRQ1_IRQHandler
 .text.PLU_IRQHandler
                0x000024f6        0x8 ./startup/startup_lpc55s69_cm33_core0.o
                0x000024f6                PLU_IRQHandler
 .text.SEC_VIO_IRQHandler
                0x000024fe        0x8 ./startup/startup_lpc55s69_cm33_core0.o
                0x000024fe                SEC_VIO_IRQHandler
 .text.HASHCRYPT_IRQHandler
                0x00002506        0x8 ./startup/startup_lpc55s69_cm33_core0.o
                0x00002506                HASHCRYPT_IRQHandler
 .text.CASER_IRQHandler
                0x0000250e        0x8 ./startup/startup_lpc55s69_cm33_core0.o
                0x0000250e                CASER_IRQHandler
 .text.PUF_IRQHandler
                0x00002516        0x8 ./startup/startup_lpc55s69_cm33_core0.o
                0x00002516                PUF_IRQHandler
 .text.PQ_IRQHandler
                0x0000251e        0x8 ./startup/startup_lpc55s69_cm33_core0.o
                0x0000251e                PQ_IRQHandler
 .text.DMA1_IRQHandler
                0x00002526        0x8 ./startup/startup_lpc55s69_cm33_core0.o
                0x00002526                DMA1_IRQHandler
 .text.FLEXCOMM8_IRQHandler
                0x0000252e        0x8 ./startup/startup_lpc55s69_cm33_core0.o
                0x0000252e                FLEXCOMM8_IRQHandler
 .text.CLOCK_EnableClock
                0x00002536       0x30 ./source/gpio.o
 .text.GPIO_PinWrite
                0x00002566       0x2a ./source/gpio.o
 .text.GPIO_PinRead
                0x00002590       0x28 ./source/gpio.o
 .text.IOCON_PinMuxSet
                0x000025b8       0x2e ./source/gpio.o
 .text.SPI_TransferByte
                0x000025e6       0x88 ./source/sd_card.o
 .text.SD_SendCommand
                0x0000266e       0xaa ./source/sd_card.o
 .text.SD_ReadExtraBytes
                0x00002718       0x3a ./source/sd_card.o
 .text.HardFault_Handler
                0x00002752       0x36 ./source/semihost_hardfault.o
                0x00002752                HardFault_Handler
 .text.CLOCK_EnableClock
                0x00002788       0x30 ./drivers/fsl_gpio.o
 .text.GPIO_PinInit
                0x000027b8       0xa4 ./drivers/fsl_gpio.o
                0x000027b8                GPIO_PinInit
 .text.lowpower_set_voltage_for_process
                0x0000285c       0xaa ./drivers/fsl_power.o
 .text.SystemInitHook
                0x00002906        0xe ./device/system_LPC55S69_cm33_core0.o
                0x00002906                SystemInitHook
 .text.DbgConsole_Init
                0x00002914       0x20 ./board/board.o
 .text.__main   0x00002934        0xe /Applications/MCUXpressoIDE_24.12.148/ide/plugins/com.nxp.mcuxpresso.tools.macosx_24.12.0.202407110909/tools/bin/../lib/gcc/arm-none-eabi/13.2.1/../../../../arm-none-eabi/lib/thumb/v8-m.main+fp/hard/libcr_semihost_nf.a(_cr__main.o)
                0x00002934                __main
                0x00002934                __CR_SEMIHOST
 .text.memcpy   0x00002942        0x4 /Applications/MCUXpressoIDE_24.12.148/ide/plugins/com.nxp.mcuxpresso.tools.macosx_24.12.0.202407110909/tools/bin/../lib/gcc/arm-none-eabi/13.2.1/../../../../arm-none-eabi/lib/thumb/v8-m.main+fp/hard/libcr_c.a(memcpy.o)
                0x00002942                memcpy
 .text.memset   0x00002946        0x4 /Applications/MCUXpressoIDE_24.12.148/ide/plugins/com.nxp.mcuxpresso.tools.macosx_24.12.0.202407110909/tools/bin/../lib/gcc/arm-none-eabi/13.2.1/../../../../arm-none-eabi/lib/thumb/v8-m.main+fp/hard/libcr_c.a(memset.o)
                0x00002946                memset
 .text.free     0x0000294a       0x30 /Applications/MCUXpressoIDE_24.12.148/ide/plugins/com.nxp.mcuxpresso.tools.macosx_24.12.0.202407110909/tools/bin/../lib/gcc/arm-none-eabi/13.2.1/../../../../arm-none-eabi/lib/thumb/v8-m.main+fp/hard/libcr_c.a(alloc.o)
                0x0000294a                free
 .text.no_fp_display
                0x0000297a        0x4 /Applications/MCUXpressoIDE_24.12.148/ide/plugins/com.nxp.mcuxpresso.tools.macosx_24.12.0.202407110909/tools/bin/../lib/gcc/arm-none-eabi/13.2.1/../../../../arm-none-eabi/lib/thumb/v8-m.main+fp/hard/libcr_c.a(printf.o)
 .text.setvbuf  0x0000297e       0x3e /Applications/MCUXpressoIDE_24.12.148/ide/plugins/com.nxp.mcuxpresso.tools.macosx_24.12.0.202407110909/tools/bin/../lib/gcc/arm-none-eabi/13.2.1/../../../../arm-none-eabi/lib/thumb/v8-m.main+fp/hard/libcr_c.a(setvbuf.o)
                0x0000297e                setvbuf
 .text.strlen   0x000029bc       0x4e /Applications/MCUXpressoIDE_24.12.148/ide/plugins/com.nxp.mcuxpresso.tools.macosx_24.12.0.202407110909/tools/bin/../lib/gcc/arm-none-eabi/13.2.1/../../../../arm-none-eabi/lib/thumb/v8-m.main+fp/hard/libcr_c.a(strlen.o)
                0x000029bc                strlen
 .text._deferredlazyseek
                0x00002a0a       0x40 /Applications/MCUXpressoIDE_24.12.148/ide/plugins/com.nxp.mcuxpresso.tools.macosx_24.12.0.202407110909/tools/bin/../lib/gcc/arm-none-eabi/13.2.1/../../../../arm-none-eabi/lib/thumb/v8-m.main+fp/hard/libcr_c.a(_deferredlazyseek.o)
                0x00002a0a                _deferredlazyseek
 .text.__flsbuf
                0x00002a4a      0x126 /Applications/MCUXpressoIDE_24.12.148/ide/plugins/com.nxp.mcuxpresso.tools.macosx_24.12.0.202407110909/tools/bin/../lib/gcc/arm-none-eabi/13.2.1/../../../../arm-none-eabi/lib/thumb/v8-m.main+fp/hard/libcr_c.a(_deferredlazyseek.o)
                0x00002a4a                __flsbuf
 .text._fdopen  0x00002b70       0x68 /Applications/MCUXpressoIDE_24.12.148/ide/plugins/com.nxp.mcuxpresso.tools.macosx_24.12.0.202407110909/tools/bin/../lib/gcc/arm-none-eabi/13.2.1/../../../../arm-none-eabi/lib/thumb/v8-m.main+fp/hard/libcr_c.a(_fdopen.o)
                0x00002b70                _fdopen
 .text._fflush  0x00002bd8       0x52 /Applications/MCUXpressoIDE_24.12.148/ide/plugins/com.nxp.mcuxpresso.tools.macosx_24.12.0.202407110909/tools/bin/../lib/gcc/arm-none-eabi/13.2.1/../../../../arm-none-eabi/lib/thumb/v8-m.main+fp/hard/libcr_c.a(_fflush.o)
                0x00002bd8                _fflush
 .text.fclose   0x00002c2a       0x58 /Applications/MCUXpressoIDE_24.12.148/ide/plugins/com.nxp.mcuxpresso.tools.macosx_24.12.0.202407110909/tools/bin/../lib/gcc/arm-none-eabi/13.2.1/../../../../arm-none-eabi/lib/thumb/v8-m.main+fp/hard/libcr_c.a(fclose.o)
                0x00002c2a                fclose
 .text.remove   0x00002c82       0x14 /Applications/MCUXpressoIDE_24.12.148/ide/plugins/com.nxp.mcuxpresso.tools.macosx_24.12.0.202407110909/tools/bin/../lib/gcc/arm-none-eabi/13.2.1/../../../../arm-none-eabi/lib/thumb/v8-m.main+fp/hard/libcr_c.a(remove.o)
                0x00002c82                remove
 .text._do_fflush
                0x00002c96       0x40 /Applications/MCUXpressoIDE_24.12.148/ide/plugins/com.nxp.mcuxpresso.tools.macosx_24.12.0.202407110909/tools/bin/../lib/gcc/arm-none-eabi/13.2.1/../../../../arm-none-eabi/lib/thumb/v8-m.main+fp/hard/libcr_c.a(_do_fflush.o)
                0x00002c96                _do_fflush
 .text.__aeabi_memcpy
                0x00002cd6       0x34 /Applications/MCUXpressoIDE_24.12.148/ide/plugins/com.nxp.mcuxpresso.tools.macosx_24.12.0.202407110909/tools/bin/../lib/gcc/arm-none-eabi/13.2.1/thumb/v8-m.main+fp/hard/libcr_eabihelpers.a(memcpy.o)
                0x00002cd6                __aeabi_memcpy
                0x00002ce0                __aeabi_memcpy4
                0x00002ce0                __aeabi_memcpy8
 .text.__aeabi_memset_lowlevel
                0x00002d0a       0x32 /Applications/MCUXpressoIDE_24.12.148/ide/plugins/com.nxp.mcuxpresso.tools.macosx_24.12.0.202407110909/tools/bin/../lib/gcc/arm-none-eabi/13.2.1/thumb/v8-m.main+fp/hard/libcr_eabihelpers.a(memcpy.o)
                0x00002d0a                __aeabi_lowlevel_memset
 .text.__sys_close
                0x00002d3c        0xc /Applications/MCUXpressoIDE_24.12.148/ide/plugins/com.nxp.mcuxpresso.tools.macosx_24.12.0.202407110909/tools/bin/../lib/gcc/arm-none-eabi/13.2.1/../../../../arm-none-eabi/lib/thumb/v8-m.main+fp/hard/libcr_semihost_nf.a(__sys_close.o)
                0x00002d3c                __sys_close
 .text.__sys_flen
                0x00002d48        0xc /Applications/MCUXpressoIDE_24.12.148/ide/plugins/com.nxp.mcuxpresso.tools.macosx_24.12.0.202407110909/tools/bin/../lib/gcc/arm-none-eabi/13.2.1/../../../../arm-none-eabi/lib/thumb/v8-m.main+fp/hard/libcr_semihost_nf.a(__sys_flen.o)
                0x00002d48                __sys_flen
 .text.__sys_istty
                0x00002d54        0xc /Applications/MCUXpressoIDE_24.12.148/ide/plugins/com.nxp.mcuxpresso.tools.macosx_24.12.0.202407110909/tools/bin/../lib/gcc/arm-none-eabi/13.2.1/../../../../arm-none-eabi/lib/thumb/v8-m.main+fp/hard/libcr_semihost_nf.a(__sys_istty.o)
                0x00002d54                __sys_istty
 .text.__sys_remove
                0x00002d60        0xc /Applications/MCUXpressoIDE_24.12.148/ide/plugins/com.nxp.mcuxpresso.tools.macosx_24.12.0.202407110909/tools/bin/../lib/gcc/arm-none-eabi/13.2.1/../../../../arm-none-eabi/lib/thumb/v8-m.main+fp/hard/libcr_semihost_nf.a(__sys_remove.o)
                0x00002d60                __sys_remove
 .text.__sys_seek
                0x00002d6c        0xc /Applications/MCUXpressoIDE_24.12.148/ide/plugins/com.nxp.mcuxpresso.tools.macosx_24.12.0.202407110909/tools/bin/../lib/gcc/arm-none-eabi/13.2.1/../../../../arm-none-eabi/lib/thumb/v8-m.main+fp/hard/libcr_semihost_nf.a(__sys_seek.o)
                0x00002d6c                __sys_seek
 .text.__sys_tmpnam
                0x00002d78        0xc /Applications/MCUXpressoIDE_24.12.148/ide/plugins/com.nxp.mcuxpresso.tools.macosx_24.12.0.202407110909/tools/bin/../lib/gcc/arm-none-eabi/13.2.1/../../../../arm-none-eabi/lib/thumb/v8-m.main+fp/hard/libcr_semihost_nf.a(__sys_tmpnam.o)
                0x00002d78                __sys_tmpnam
 .text.__sys_write
                0x00002d84        0xc /Applications/MCUXpressoIDE_24.12.148/ide/plugins/com.nxp.mcuxpresso.tools.macosx_24.12.0.202407110909/tools/bin/../lib/gcc/arm-none-eabi/13.2.1/../../../../arm-none-eabi/lib/thumb/v8-m.main+fp/hard/libcr_semihost_nf.a(__sys_write.o)
                0x00002d84                __sys_write
 *(SORT_BY_ALIGNMENT(.rodata) SORT_BY_ALIGNMENT(.rodata.*) SORT_BY_ALIGNMENT(.constdata) SORT_BY_ALIGNMENT(.constdata.*))
 .rodata.__assertion_failed.str1.4
                0x00002d90      0x4c2 ./utilities/fsl_assert.o
                                 0x14 (size before relaxing)
 *fill*         0x00003252        0x2 ff
 .rodata        0x00003254        0x2 ./source/gpio.o
 .rodata.main.str1.4
                0x00003256       0x83 ./source/main.o
 .rodata.SD_Init.str1.4
                0x00003256       0xa0 ./source/sd_card.o
 .rodata.SD_WriteBlock.str1.4
                0x00003256       0x4f ./source/sd_card.o
 .rodata.SD_ReadBlock.str1.4
                0x00003256       0x41 ./source/sd_card.o
 .rodata.SD_AppendLine.str1.4
                0x00003256       0x27 ./source/sd_card.o
 .rodata.SD_Finalize.str1.4
                0x00003256       0x1f ./source/sd_card.o
 *fill*         0x00003256        0x2 ff
 .rodata.s_flexcommBaseAddrs
                0x00003258       0x24 ./drivers/fsl_flexcomm.o
 .rodata.FLEXCOMM_GetInstance.str1.4
                0x0000327c       0x41 ./drivers/fsl_flexcomm.o
 .rodata.FLEXCOMM0_DriverIRQHandler.str1.4
                0x0000327c       0x3c ./drivers/fsl_flexcomm.o
 .rodata.FLEXCOMM1_DriverIRQHandler.str1.4
                0x0000327c       0x3c ./drivers/fsl_flexcomm.o
 .rodata.FLEXCOMM2_DriverIRQHandler.str1.4
                0x0000327c       0x3c ./drivers/fsl_flexcomm.o
 .rodata.FLEXCOMM3_DriverIRQHandler.str1.4
                0x0000327c       0x3c ./drivers/fsl_flexcomm.o
 .rodata.FLEXCOMM4_DriverIRQHandler.str1.4
                0x0000327c       0x3c ./drivers/fsl_flexcomm.o
 .rodata.FLEXCOMM5_DriverIRQHandler.str1.4
                0x0000327c       0x3c ./drivers/fsl_flexcomm.o
 .rodata.FLEXCOMM6_DriverIRQHandler.str1.4
                0x0000327c       0x3c ./drivers/fsl_flexcomm.o
 .rodata.FLEXCOMM7_DriverIRQHandler.str1.4
                0x0000327c       0x3c ./drivers/fsl_flexcomm.o
 .rodata.FLEXCOMM8_DriverIRQHandler.str1.4
                0x0000327c       0x3c ./drivers/fsl_flexcomm.o
 .rodata.s_gpioClockName
                0x0000327c        0x8 ./drivers/fsl_gpio.o
 .rodata.GPIO_EnablePortClock.str1.4
                0x00003284       0x33 ./drivers/fsl_gpio.o
 .rodata.RESET_ClearPeripheralReset.str1.4
                0x00003284       0x1e ./drivers/fsl_reset.o
 .rodata.__num_Ciob_streams
                0x00003284        0x4 /Applications/MCUXpressoIDE_24.12.148/ide/plugins/com.nxp.mcuxpresso.tools.macosx_24.12.0.202407110909/tools/bin/../lib/gcc/arm-none-eabi/13.2.1/../../../../arm-none-eabi/lib/thumb/v8-m.main+fp/hard/libcr_semihost_nf.a(__ciob.o)
                0x00003284                __num_Ciob_streams
 .rodata._Csys_alloc.str1.1
                0x00003288       0x53 /Applications/MCUXpressoIDE_24.12.148/ide/plugins/com.nxp.mcuxpresso.tools.macosx_24.12.0.202407110909/tools/bin/../lib/gcc/arm-none-eabi/13.2.1/../../../../arm-none-eabi/lib/thumb/v8-m.main+fp/hard/libcr_c.a(alloc.o)
                                 0x18 (size before relaxing)
 .rodata._initio.str1.1
                0x000032db        0x4 /Applications/MCUXpressoIDE_24.12.148/ide/plugins/com.nxp.mcuxpresso.tools.macosx_24.12.0.202407110909/tools/bin/../lib/gcc/arm-none-eabi/13.2.1/../../../../arm-none-eabi/lib/thumb/v8-m.main+fp/hard/libcr_c.a(initio.o)
 .rodata.__vfprintf.str1.1
                0x000032db       0x38 /Applications/MCUXpressoIDE_24.12.148/ide/plugins/com.nxp.mcuxpresso.tools.macosx_24.12.0.202407110909/tools/bin/../lib/gcc/arm-none-eabi/13.2.1/../../../../arm-none-eabi/lib/thumb/v8-m.main+fp/hard/libcr_c.a(printf.o)
                0x00003314                        . = ALIGN (0x4)
 *fill*         0x000032db        0x1 ff

.glue_7         0x000032dc        0x0
 .glue_7        0x000032dc        0x0 linker stubs

.glue_7t        0x000032dc        0x0
 .glue_7t       0x000032dc        0x0 linker stubs

.vfp11_veneer   0x000032dc        0x0
 .vfp11_veneer  0x000032dc        0x0 linker stubs

.v4_bx          0x000032dc        0x0
 .v4_bx         0x000032dc        0x0 linker stubs

.iplt           0x000032dc        0x0
 .iplt          0x000032dc        0x0 ./utilities/fsl_assert.o

.rel.dyn        0x000032dc        0x0
 .rel.iplt      0x000032dc        0x0 ./utilities/fsl_assert.o

.ARM.extab
 *(SORT_BY_ALIGNMENT(.ARM.extab*) SORT_BY_ALIGNMENT(.gnu.linkonce.armextab.*))

.ARM.exidx      0x000032dc        0x0
                0x000032dc                        __exidx_start = .
 *(SORT_BY_ALIGNMENT(.ARM.exidx*) SORT_BY_ALIGNMENT(.gnu.linkonce.armexidx.*))
                0x000032dc                        __exidx_end = .
                0x000032dc                        _etext = .

.m_usb_data
 *(SORT_BY_ALIGNMENT(m_usb_global))

.data_RAM2      0x04000000        0x0 load address 0x000032dc
 FILL mask 0xff
                [!provide]                        PROVIDE (__start_data_RAM2 = .)
                [!provide]                        PROVIDE (__start_data_SRAMX = .)
 *(SORT_BY_ALIGNMENT(.ramfunc.$RAM2))
 *(SORT_BY_ALIGNMENT(.ramfunc.$SRAMX))
 *(SORT_BY_ALIGNMENT(.data.$RAM2))
 *(SORT_BY_ALIGNMENT(.data.$SRAMX))
 *(SORT_BY_ALIGNMENT(.data.$RAM2.*))
 *(SORT_BY_ALIGNMENT(.data.$SRAMX.*))
                0x04000000                        . = ALIGN (0x4)
                [!provide]                        PROVIDE (__end_data_RAM2 = .)
                [!provide]                        PROVIDE (__end_data_SRAMX = .)

.data_RAM3      0x40100000        0x0 load address 0x000032dc
 FILL mask 0xff
                [!provide]                        PROVIDE (__start_data_RAM3 = .)
                [!provide]                        PROVIDE (__start_data_USB_RAM = .)
 *(SORT_BY_ALIGNMENT(.ramfunc.$RAM3))
 *(SORT_BY_ALIGNMENT(.ramfunc.$USB_RAM))
 *(SORT_BY_ALIGNMENT(.data.$RAM3))
 *(SORT_BY_ALIGNMENT(.data.$USB_RAM))
 *(SORT_BY_ALIGNMENT(.data.$RAM3.*))
 *(SORT_BY_ALIGNMENT(.data.$USB_RAM.*))
                0x40100000                        . = ALIGN (0x4)
                [!provide]                        PROVIDE (__end_data_RAM3 = .)
                [!provide]                        PROVIDE (__end_data_USB_RAM = .)

.data_RAM4      0x20040000        0x0 load address 0x000032dc
 FILL mask 0xff
                [!provide]                        PROVIDE (__start_data_RAM4 = .)
                [!provide]                        PROVIDE (__start_data_SRAM4 = .)
 *(SORT_BY_ALIGNMENT(.ramfunc.$RAM4))
 *(SORT_BY_ALIGNMENT(.ramfunc.$SRAM4))
 *(SORT_BY_ALIGNMENT(.data.$RAM4))
 *(SORT_BY_ALIGNMENT(.data.$SRAM4))
 *(SORT_BY_ALIGNMENT(.data.$RAM4.*))
 *(SORT_BY_ALIGNMENT(.data.$SRAM4.*))
                0x20040000                        . = ALIGN (0x4)
                [!provide]                        PROVIDE (__end_data_RAM4 = .)
                [!provide]                        PROVIDE (__end_data_SRAM4 = .)

.uninit_RESERVED
                0x20000000        0x0
                0x20000000                        _start_uninit_RESERVED = .
 *(SORT_BY_ALIGNMENT(.bss.$RESERVED*))
                0x20000000                        . = ALIGN (0x4)
                0x20000000                        _end_uninit_RESERVED = .

.data           0x20000000        0x8 load address 0x000032dc
 FILL mask 0xff
                0x20000000                        _data = .
                [!provide]                        PROVIDE (__start_data_RAM = .)
                [!provide]                        PROVIDE (__start_data_SRAM = .)
 *(SORT_BY_ALIGNMENT(vtable))
 *(SORT_BY_ALIGNMENT(.ramfunc*))
 *(SORT_BY_ALIGNMENT(CodeQuickAccess))
 *(SORT_BY_ALIGNMENT(DataQuickAccess))
 *(SORT_BY_ALIGNMENT(RamFunction))
 *(SORT_BY_ALIGNMENT(.data*))
 .data.sector_actual
                0x20000000        0x4 ./source/sd_card.o
 .data.SystemCoreClock
                0x20000004        0x4 ./device/system_LPC55S69_cm33_core0.o
                0x20000004                SystemCoreClock
                0x20000008                        . = ALIGN (0x4)
                0x20000008                        _edata = .
                [!provide]                        PROVIDE (__end_data_RAM = .)
                [!provide]                        PROVIDE (__end_data_SRAM = .)

.igot.plt       0x20000008        0x0 load address 0x000032e4
 .igot.plt      0x20000008        0x0 ./utilities/fsl_assert.o

.bss_RAM2       0x04000000        0x0
                [!provide]                        PROVIDE (__start_bss_RAM2 = .)
                [!provide]                        PROVIDE (__start_bss_SRAMX = .)
 *(SORT_BY_ALIGNMENT(.bss.$RAM2))
 *(SORT_BY_ALIGNMENT(.bss.$SRAMX))
 *(SORT_BY_ALIGNMENT(.bss.$RAM2.*))
 *(SORT_BY_ALIGNMENT(.bss.$SRAMX.*))
                0x04000000                        . = ALIGN ((. != 0x0)?0x4:0x1)
                [!provide]                        PROVIDE (__end_bss_RAM2 = .)
                [!provide]                        PROVIDE (__end_bss_SRAMX = .)

.bss_RAM3       0x40100000        0x0
                [!provide]                        PROVIDE (__start_bss_RAM3 = .)
                [!provide]                        PROVIDE (__start_bss_USB_RAM = .)
 *(SORT_BY_ALIGNMENT(.bss.$RAM3))
 *(SORT_BY_ALIGNMENT(.bss.$USB_RAM))
 *(SORT_BY_ALIGNMENT(.bss.$RAM3.*))
 *(SORT_BY_ALIGNMENT(.bss.$USB_RAM.*))
                0x40100000                        . = ALIGN ((. != 0x0)?0x4:0x1)
                [!provide]                        PROVIDE (__end_bss_RAM3 = .)
                [!provide]                        PROVIDE (__end_bss_USB_RAM = .)

.bss_RAM4       0x20040000        0x0
                [!provide]                        PROVIDE (__start_bss_RAM4 = .)
                [!provide]                        PROVIDE (__start_bss_SRAM4 = .)
 *(SORT_BY_ALIGNMENT(.bss.$RAM4))
 *(SORT_BY_ALIGNMENT(.bss.$SRAM4))
 *(SORT_BY_ALIGNMENT(.bss.$RAM4.*))
 *(SORT_BY_ALIGNMENT(.bss.$SRAM4.*))
                0x20040000                        . = ALIGN ((. != 0x0)?0x4:0x1)
                [!provide]                        PROVIDE (__end_bss_RAM4 = .)
                [!provide]                        PROVIDE (__end_bss_SRAM4 = .)

.bss            0x20000008      0x30c
                0x20000008                        _bss = .
                [!provide]                        PROVIDE (__start_bss_RAM = .)
                [!provide]                        PROVIDE (__start_bss_SRAM = .)
 *(SORT_BY_ALIGNMENT(.bss*))
 .bss.current_block
                0x20000008      0x200 ./source/sd_card.o
 .bss.s_flexcommIrqHandler
                0x20000208       0x24 ./drivers/fsl_flexcomm.o
 .bss.s_flexcommHandle
                0x2000022c       0x24 ./drivers/fsl_flexcomm.o
 .bss.errno     0x20000250        0x4 /Applications/MCUXpressoIDE_24.12.148/ide/plugins/com.nxp.mcuxpresso.tools.macosx_24.12.0.202407110909/tools/bin/../lib/gcc/arm-none-eabi/13.2.1/../../../../arm-none-eabi/lib/thumb/v8-m.main+fp/hard/libcr_c.a(errno.o)
                0x20000250                errno
 .bss.__end_of_heap
                0x20000254        0x4 /Applications/MCUXpressoIDE_24.12.148/ide/plugins/com.nxp.mcuxpresso.tools.macosx_24.12.0.202407110909/tools/bin/../lib/gcc/arm-none-eabi/13.2.1/../../../../arm-none-eabi/lib/thumb/v8-m.main+fp/hard/libcr_c.a(__init_alloc.o)
                0x20000254                __end_of_heap
 .bss.__heaps   0x20000258        0x4 /Applications/MCUXpressoIDE_24.12.148/ide/plugins/com.nxp.mcuxpresso.tools.macosx_24.12.0.202407110909/tools/bin/../lib/gcc/arm-none-eabi/13.2.1/../../../../arm-none-eabi/lib/thumb/v8-m.main+fp/hard/libcr_c.a(__init_alloc.o)
                0x20000258                __heaps
 .bss.__Ciob    0x2000025c       0xb4 /Applications/MCUXpressoIDE_24.12.148/ide/plugins/com.nxp.mcuxpresso.tools.macosx_24.12.0.202407110909/tools/bin/../lib/gcc/arm-none-eabi/13.2.1/../../../../arm-none-eabi/lib/thumb/v8-m.main+fp/hard/libcr_semihost_nf.a(__ciob.o)
                0x2000025c                __Ciob
 .bss.write_pos
                0x20000310        0x2 ./source/sd_card.o
 *(SORT_BY_ALIGNMENT(COMMON))
                0x20000314                        . = ALIGN (0x4)
 *fill*         0x20000312        0x2 
                0x20000314                        _ebss = .
                [!provide]                        PROVIDE (__end_bss_RAM = .)
                [!provide]                        PROVIDE (__end_bss_SRAM = .)
                [!provide]                        PROVIDE (end = .)

.noinit_RAM2    0x04000000        0x0
                [!provide]                        PROVIDE (__start_noinit_RAM2 = .)
                [!provide]                        PROVIDE (__start_noinit_SRAMX = .)
 *(SORT_BY_ALIGNMENT(.noinit.$RAM2))
 *(SORT_BY_ALIGNMENT(.noinit.$SRAMX))
 *(SORT_BY_ALIGNMENT(.noinit.$RAM2.*))
 *(SORT_BY_ALIGNMENT(.noinit.$SRAMX.*))
                0x04000000                        . = ALIGN (0x4)
                [!provide]                        PROVIDE (__end_noinit_RAM2 = .)
                [!provide]                        PROVIDE (__end_noinit_SRAMX = .)

.noinit_RAM3    0x40100000        0x0
                [!provide]                        PROVIDE (__start_noinit_RAM3 = .)
                [!provide]                        PROVIDE (__start_noinit_USB_RAM = .)
 *(SORT_BY_ALIGNMENT(.noinit.$RAM3))
 *(SORT_BY_ALIGNMENT(.noinit.$USB_RAM))
 *(SORT_BY_ALIGNMENT(.noinit.$RAM3.*))
 *(SORT_BY_ALIGNMENT(.noinit.$USB_RAM.*))
                0x40100000                        . = ALIGN (0x4)
                [!provide]                        PROVIDE (__end_noinit_RAM3 = .)
                [!provide]                        PROVIDE (__end_noinit_USB_RAM = .)

.noinit_RAM4    0x20040000        0x0
                [!provide]                        PROVIDE (__start_noinit_RAM4 = .)
                [!provide]                        PROVIDE (__start_noinit_SRAM4 = .)
 *(SORT_BY_ALIGNMENT(.noinit.$RAM4))
 *(SORT_BY_ALIGNMENT(.noinit.$SRAM4))
 *(SORT_BY_ALIGNMENT(.noinit.$RAM4.*))
 *(SORT_BY_ALIGNMENT(.noinit.$SRAM4.*))
                0x20040000                        . = ALIGN (0x4)
                [!provide]                        PROVIDE (__end_noinit_RAM4 = .)
                [!provide]                        PROVIDE (__end_noinit_SRAM4 = .)

.noinit         0x20000314        0x0
                0x20000314                        _noinit = .
                [!provide]                        PROVIDE (__start_noinit_RAM = .)
                [!provide]                        PROVIDE (__start_noinit_SRAM = .)
 *(SORT_BY_ALIGNMENT(.noinit*))
                0x20000314                        . = ALIGN (0x4)
                0x20000314                        _end_noinit = .
                [!provide]                        PROVIDE (__end_noinit_RAM = .)
                [!provide]                        PROVIDE (__end_noinit_SRAM = .)
                0x00001000                        _HeapSize = 0x1000

.heap           0x20000314     0x1000
                0x20000314                        _pvHeapStart = .
                0x20001314                        . = (. + _HeapSize)
 *fill*         0x20000314     0x1000 
                0x20001314                        . = ALIGN (0x4)
                0x20001314                        _pvHeapLimit = .
                0x00001000                        _StackSize = 0x1000

.heap2stackfill
                0x20001314     0x1000
                0x20002314                        . = (. + _StackSize)
 *fill*         0x20001314     0x1000 

.stack          0x2003f000        0x0
                0x2003f000                        _vStackBase = .
                0x2003f000                        . = ALIGN (0x4)
                0x20040000                        _vStackTop = (. + _StackSize)
                [!provide]                        PROVIDE (__valid_user_code_checksum = (0x0 - ((((((_vStackTop + (ResetISR + 0x1)) + (NMI_Handler + 0x1)) + (HardFault_Handler + 0x1)) + (DEFINED (MemManage_Handler)?MemManage_Handler:0x0 + 0x1)) + (DEFINED (BusFault_Handler)?BusFault_Handler:0x0 + 0x1)) + (DEFINED (UsageFault_Handler)?UsageFault_Handler:0x0 + 0x1))))
                0x00000000                        _image_start = LOADADDR (.text)
                0x000032e4                        _image_end = (LOADADDR (.data) + SIZEOF (.data))
                0x000032e4                        _image_size = (_image_end - _image_start)
OUTPUT(SD_Card_SPI_v2.axf elf32-littlearm)
LOAD linker stubs

.debug_info     0x00000000    0x1368f
 .debug_info    0x00000000      0x135 ./utilities/fsl_assert.o
 .debug_info    0x00000135      0x9d0 ./startup/startup_lpc55s69_cm33_core0.o
 .debug_info    0x00000b05     0x1249 ./source/gpio.o
 .debug_info    0x00001d4e      0x16d ./source/main.o
 .debug_info    0x00001ebb      0x85b ./source/sd_card.o
 .debug_info    0x00002716       0x3c ./source/semihost_hardfault.o
 .debug_info    0x00002752     0x3338 ./drivers/fsl_clock.o
 .debug_info    0x00005a8a     0x1ac4 ./drivers/fsl_flexcomm.o
 .debug_info    0x0000754e     0x175f ./drivers/fsl_gpio.o
 .debug_info    0x00008cad     0x2a64 ./drivers/fsl_power.o
 .debug_info    0x0000b711      0xe91 ./drivers/fsl_reset.o
 .debug_info    0x0000c5a2     0x1449 ./device/system_LPC55S69_cm33_core0.o
 .debug_info    0x0000d9eb      0x94e ./board/board.o
 .debug_info    0x0000e339     0x176e ./board/clock_config.o
 .debug_info    0x0000faa7       0x85 /Applications/MCUXpressoIDE_24.12.148/ide/plugins/com.nxp.mcuxpresso.tools.macosx_24.12.0.202407110909/tools/bin/../lib/gcc/arm-none-eabi/13.2.1/../../../../arm-none-eabi/lib/thumb/v8-m.main+fp/hard/libcr_semihost_nf.a(_cr__main.o)
 .debug_info    0x0000fb2c      0x12b /Applications/MCUXpressoIDE_24.12.148/ide/plugins/com.nxp.mcuxpresso.tools.macosx_24.12.0.202407110909/tools/bin/../lib/gcc/arm-none-eabi/13.2.1/../../../../arm-none-eabi/lib/thumb/v8-m.main+fp/hard/libcr_c.a(memcpy.o)
 .debug_info    0x0000fc57       0xfc /Applications/MCUXpressoIDE_24.12.148/ide/plugins/com.nxp.mcuxpresso.tools.macosx_24.12.0.202407110909/tools/bin/../lib/gcc/arm-none-eabi/13.2.1/../../../../arm-none-eabi/lib/thumb/v8-m.main+fp/hard/libcr_c.a(memset.o)
 .debug_info    0x0000fd53      0x520 /Applications/MCUXpressoIDE_24.12.148/ide/plugins/com.nxp.mcuxpresso.tools.macosx_24.12.0.202407110909/tools/bin/../lib/gcc/arm-none-eabi/13.2.1/../../../../arm-none-eabi/lib/thumb/v8-m.main+fp/hard/libcr_c.a(alloc.o)
 .debug_info    0x00010273       0x44 /Applications/MCUXpressoIDE_24.12.148/ide/plugins/com.nxp.mcuxpresso.tools.macosx_24.12.0.202407110909/tools/bin/../lib/gcc/arm-none-eabi/13.2.1/../../../../arm-none-eabi/lib/thumb/v8-m.main+fp/hard/libcr_c.a(errno.o)
 .debug_info    0x000102b7      0x339 /Applications/MCUXpressoIDE_24.12.148/ide/plugins/com.nxp.mcuxpresso.tools.macosx_24.12.0.202407110909/tools/bin/../lib/gcc/arm-none-eabi/13.2.1/../../../../arm-none-eabi/lib/thumb/v8-m.main+fp/hard/libcr_c.a(initio.o)
 .debug_info    0x000105f0     0x1284 /Applications/MCUXpressoIDE_24.12.148/ide/plugins/com.nxp.mcuxpresso.tools.macosx_24.12.0.202407110909/tools/bin/../lib/gcc/arm-none-eabi/13.2.1/../../../../arm-none-eabi/lib/thumb/v8-m.main+fp/hard/libcr_c.a(printf.o)
 .debug_info    0x00011874      0x1fd /Applications/MCUXpressoIDE_24.12.148/ide/plugins/com.nxp.mcuxpresso.tools.macosx_24.12.0.202407110909/tools/bin/../lib/gcc/arm-none-eabi/13.2.1/../../../../arm-none-eabi/lib/thumb/v8-m.main+fp/hard/libcr_c.a(setvbuf.o)
 .debug_info    0x00011a71       0xe1 /Applications/MCUXpressoIDE_24.12.148/ide/plugins/com.nxp.mcuxpresso.tools.macosx_24.12.0.202407110909/tools/bin/../lib/gcc/arm-none-eabi/13.2.1/../../../../arm-none-eabi/lib/thumb/v8-m.main+fp/hard/libcr_c.a(strlen.o)
 .debug_info    0x00011b52       0xd4 /Applications/MCUXpressoIDE_24.12.148/ide/plugins/com.nxp.mcuxpresso.tools.macosx_24.12.0.202407110909/tools/bin/../lib/gcc/arm-none-eabi/13.2.1/../../../../arm-none-eabi/lib/thumb/v8-m.main+fp/hard/libcr_c.a(__init_alloc.o)
 .debug_info    0x00011c26      0x107 /Applications/MCUXpressoIDE_24.12.148/ide/plugins/com.nxp.mcuxpresso.tools.macosx_24.12.0.202407110909/tools/bin/../lib/gcc/arm-none-eabi/13.2.1/../../../../arm-none-eabi/lib/thumb/v8-m.main+fp/hard/libcr_c.a(_cr_sbrk.o)
 .debug_info    0x00011d2d      0x369 /Applications/MCUXpressoIDE_24.12.148/ide/plugins/com.nxp.mcuxpresso.tools.macosx_24.12.0.202407110909/tools/bin/../lib/gcc/arm-none-eabi/13.2.1/../../../../arm-none-eabi/lib/thumb/v8-m.main+fp/hard/libcr_c.a(_deferredlazyseek.o)
 .debug_info    0x00012096      0x24b /Applications/MCUXpressoIDE_24.12.148/ide/plugins/com.nxp.mcuxpresso.tools.macosx_24.12.0.202407110909/tools/bin/../lib/gcc/arm-none-eabi/13.2.1/../../../../arm-none-eabi/lib/thumb/v8-m.main+fp/hard/libcr_c.a(_fdopen.o)
 .debug_info    0x000122e1      0x1e3 /Applications/MCUXpressoIDE_24.12.148/ide/plugins/com.nxp.mcuxpresso.tools.macosx_24.12.0.202407110909/tools/bin/../lib/gcc/arm-none-eabi/13.2.1/../../../../arm-none-eabi/lib/thumb/v8-m.main+fp/hard/libcr_c.a(_fflush.o)
 .debug_info    0x000124c4      0x289 /Applications/MCUXpressoIDE_24.12.148/ide/plugins/com.nxp.mcuxpresso.tools.macosx_24.12.0.202407110909/tools/bin/../lib/gcc/arm-none-eabi/13.2.1/../../../../arm-none-eabi/lib/thumb/v8-m.main+fp/hard/libcr_c.a(_writebuf.o)
 .debug_info    0x0001274d      0x318 /Applications/MCUXpressoIDE_24.12.148/ide/plugins/com.nxp.mcuxpresso.tools.macosx_24.12.0.202407110909/tools/bin/../lib/gcc/arm-none-eabi/13.2.1/../../../../arm-none-eabi/lib/thumb/v8-m.main+fp/hard/libcr_c.a(fclose.o)
 .debug_info    0x00012a65      0x209 /Applications/MCUXpressoIDE_24.12.148/ide/plugins/com.nxp.mcuxpresso.tools.macosx_24.12.0.202407110909/tools/bin/../lib/gcc/arm-none-eabi/13.2.1/../../../../arm-none-eabi/lib/thumb/v8-m.main+fp/hard/libcr_c.a(fflush.o)
 .debug_info    0x00012c6e      0x276 /Applications/MCUXpressoIDE_24.12.148/ide/plugins/com.nxp.mcuxpresso.tools.macosx_24.12.0.202407110909/tools/bin/../lib/gcc/arm-none-eabi/13.2.1/../../../../arm-none-eabi/lib/thumb/v8-m.main+fp/hard/libcr_c.a(fseek.o)
 .debug_info    0x00012ee4      0x197 /Applications/MCUXpressoIDE_24.12.148/ide/plugins/com.nxp.mcuxpresso.tools.macosx_24.12.0.202407110909/tools/bin/../lib/gcc/arm-none-eabi/13.2.1/../../../../arm-none-eabi/lib/thumb/v8-m.main+fp/hard/libcr_c.a(ftell.o)
 .debug_info    0x0001307b      0x1d7 /Applications/MCUXpressoIDE_24.12.148/ide/plugins/com.nxp.mcuxpresso.tools.macosx_24.12.0.202407110909/tools/bin/../lib/gcc/arm-none-eabi/13.2.1/../../../../arm-none-eabi/lib/thumb/v8-m.main+fp/hard/libcr_c.a(remove.o)
 .debug_info    0x00013252       0x78 /Applications/MCUXpressoIDE_24.12.148/ide/plugins/com.nxp.mcuxpresso.tools.macosx_24.12.0.202407110909/tools/bin/../lib/gcc/arm-none-eabi/13.2.1/../../../../arm-none-eabi/lib/thumb/v8-m.main+fp/hard/libcr_c.a(_cr_check_heap.o)
 .debug_info    0x000132ca      0x23a /Applications/MCUXpressoIDE_24.12.148/ide/plugins/com.nxp.mcuxpresso.tools.macosx_24.12.0.202407110909/tools/bin/../lib/gcc/arm-none-eabi/13.2.1/../../../../arm-none-eabi/lib/thumb/v8-m.main+fp/hard/libcr_c.a(_do_fflush.o)
 .debug_info    0x00013504      0x18b /Applications/MCUXpressoIDE_24.12.148/ide/plugins/com.nxp.mcuxpresso.tools.macosx_24.12.0.202407110909/tools/bin/../lib/gcc/arm-none-eabi/13.2.1/../../../../arm-none-eabi/lib/thumb/v8-m.main+fp/hard/libcr_semihost_nf.a(__ciob.o)

.debug_abbrev   0x00000000     0x3403
 .debug_abbrev  0x00000000       0xbd ./utilities/fsl_assert.o
 .debug_abbrev  0x000000bd      0x147 ./startup/startup_lpc55s69_cm33_core0.o
 .debug_abbrev  0x00000204      0x25b ./source/gpio.o
 .debug_abbrev  0x0000045f       0xdb ./source/main.o
 .debug_abbrev  0x0000053a      0x210 ./source/sd_card.o
 .debug_abbrev  0x0000074a       0x31 ./source/semihost_hardfault.o
 .debug_abbrev  0x0000077b      0x3ca ./drivers/fsl_clock.o
 .debug_abbrev  0x00000b45      0x2cf ./drivers/fsl_flexcomm.o
 .debug_abbrev  0x00000e14      0x244 ./drivers/fsl_gpio.o
 .debug_abbrev  0x00001058      0x379 ./drivers/fsl_power.o
 .debug_abbrev  0x000013d1      0x193 ./drivers/fsl_reset.o
 .debug_abbrev  0x00001564      0x247 ./device/system_LPC55S69_cm33_core0.o
 .debug_abbrev  0x000017ab      0x120 ./board/board.o
 .debug_abbrev  0x000018cb      0x248 ./board/clock_config.o
 .debug_abbrev  0x00001b13       0x70 /Applications/MCUXpressoIDE_24.12.148/ide/plugins/com.nxp.mcuxpresso.tools.macosx_24.12.0.202407110909/tools/bin/../lib/gcc/arm-none-eabi/13.2.1/../../../../arm-none-eabi/lib/thumb/v8-m.main+fp/hard/libcr_semihost_nf.a(_cr__main.o)
 .debug_abbrev  0x00001b83       0xb6 /Applications/MCUXpressoIDE_24.12.148/ide/plugins/com.nxp.mcuxpresso.tools.macosx_24.12.0.202407110909/tools/bin/../lib/gcc/arm-none-eabi/13.2.1/../../../../arm-none-eabi/lib/thumb/v8-m.main+fp/hard/libcr_c.a(memcpy.o)
 .debug_abbrev  0x00001c39       0xa8 /Applications/MCUXpressoIDE_24.12.148/ide/plugins/com.nxp.mcuxpresso.tools.macosx_24.12.0.202407110909/tools/bin/../lib/gcc/arm-none-eabi/13.2.1/../../../../arm-none-eabi/lib/thumb/v8-m.main+fp/hard/libcr_c.a(memset.o)
 .debug_abbrev  0x00001ce1      0x284 /Applications/MCUXpressoIDE_24.12.148/ide/plugins/com.nxp.mcuxpresso.tools.macosx_24.12.0.202407110909/tools/bin/../lib/gcc/arm-none-eabi/13.2.1/../../../../arm-none-eabi/lib/thumb/v8-m.main+fp/hard/libcr_c.a(alloc.o)
 .debug_abbrev  0x00001f65       0x44 /Applications/MCUXpressoIDE_24.12.148/ide/plugins/com.nxp.mcuxpresso.tools.macosx_24.12.0.202407110909/tools/bin/../lib/gcc/arm-none-eabi/13.2.1/../../../../arm-none-eabi/lib/thumb/v8-m.main+fp/hard/libcr_c.a(errno.o)
 .debug_abbrev  0x00001fa9      0x169 /Applications/MCUXpressoIDE_24.12.148/ide/plugins/com.nxp.mcuxpresso.tools.macosx_24.12.0.202407110909/tools/bin/../lib/gcc/arm-none-eabi/13.2.1/../../../../arm-none-eabi/lib/thumb/v8-m.main+fp/hard/libcr_c.a(initio.o)
 .debug_abbrev  0x00002112      0x3c7 /Applications/MCUXpressoIDE_24.12.148/ide/plugins/com.nxp.mcuxpresso.tools.macosx_24.12.0.202407110909/tools/bin/../lib/gcc/arm-none-eabi/13.2.1/../../../../arm-none-eabi/lib/thumb/v8-m.main+fp/hard/libcr_c.a(printf.o)
 .debug_abbrev  0x000024d9       0xe1 /Applications/MCUXpressoIDE_24.12.148/ide/plugins/com.nxp.mcuxpresso.tools.macosx_24.12.0.202407110909/tools/bin/../lib/gcc/arm-none-eabi/13.2.1/../../../../arm-none-eabi/lib/thumb/v8-m.main+fp/hard/libcr_c.a(setvbuf.o)
 .debug_abbrev  0x000025ba       0xa7 /Applications/MCUXpressoIDE_24.12.148/ide/plugins/com.nxp.mcuxpresso.tools.macosx_24.12.0.202407110909/tools/bin/../lib/gcc/arm-none-eabi/13.2.1/../../../../arm-none-eabi/lib/thumb/v8-m.main+fp/hard/libcr_c.a(strlen.o)
 .debug_abbrev  0x00002661       0xaf /Applications/MCUXpressoIDE_24.12.148/ide/plugins/com.nxp.mcuxpresso.tools.macosx_24.12.0.202407110909/tools/bin/../lib/gcc/arm-none-eabi/13.2.1/../../../../arm-none-eabi/lib/thumb/v8-m.main+fp/hard/libcr_c.a(__init_alloc.o)
 .debug_abbrev  0x00002710       0xd3 /Applications/MCUXpressoIDE_24.12.148/ide/plugins/com.nxp.mcuxpresso.tools.macosx_24.12.0.202407110909/tools/bin/../lib/gcc/arm-none-eabi/13.2.1/../../../../arm-none-eabi/lib/thumb/v8-m.main+fp/hard/libcr_c.a(_cr_sbrk.o)
 .debug_abbrev  0x000027e3      0x152 /Applications/MCUXpressoIDE_24.12.148/ide/plugins/com.nxp.mcuxpresso.tools.macosx_24.12.0.202407110909/tools/bin/../lib/gcc/arm-none-eabi/13.2.1/../../../../arm-none-eabi/lib/thumb/v8-m.main+fp/hard/libcr_c.a(_deferredlazyseek.o)
 .debug_abbrev  0x00002935      0x119 /Applications/MCUXpressoIDE_24.12.148/ide/plugins/com.nxp.mcuxpresso.tools.macosx_24.12.0.202407110909/tools/bin/../lib/gcc/arm-none-eabi/13.2.1/../../../../arm-none-eabi/lib/thumb/v8-m.main+fp/hard/libcr_c.a(_fdopen.o)
 .debug_abbrev  0x00002a4e       0xf1 /Applications/MCUXpressoIDE_24.12.148/ide/plugins/com.nxp.mcuxpresso.tools.macosx_24.12.0.202407110909/tools/bin/../lib/gcc/arm-none-eabi/13.2.1/../../../../arm-none-eabi/lib/thumb/v8-m.main+fp/hard/libcr_c.a(_fflush.o)
 .debug_abbrev  0x00002b3f      0x126 /Applications/MCUXpressoIDE_24.12.148/ide/plugins/com.nxp.mcuxpresso.tools.macosx_24.12.0.202407110909/tools/bin/../lib/gcc/arm-none-eabi/13.2.1/../../../../arm-none-eabi/lib/thumb/v8-m.main+fp/hard/libcr_c.a(_writebuf.o)
 .debug_abbrev  0x00002c65      0x155 /Applications/MCUXpressoIDE_24.12.148/ide/plugins/com.nxp.mcuxpresso.tools.macosx_24.12.0.202407110909/tools/bin/../lib/gcc/arm-none-eabi/13.2.1/../../../../arm-none-eabi/lib/thumb/v8-m.main+fp/hard/libcr_c.a(fclose.o)
 .debug_abbrev  0x00002dba      0x125 /Applications/MCUXpressoIDE_24.12.148/ide/plugins/com.nxp.mcuxpresso.tools.macosx_24.12.0.202407110909/tools/bin/../lib/gcc/arm-none-eabi/13.2.1/../../../../arm-none-eabi/lib/thumb/v8-m.main+fp/hard/libcr_c.a(fflush.o)
 .debug_abbrev  0x00002edf      0x11b /Applications/MCUXpressoIDE_24.12.148/ide/plugins/com.nxp.mcuxpresso.tools.macosx_24.12.0.202407110909/tools/bin/../lib/gcc/arm-none-eabi/13.2.1/../../../../arm-none-eabi/lib/thumb/v8-m.main+fp/hard/libcr_c.a(fseek.o)
 .debug_abbrev  0x00002ffa       0xc2 /Applications/MCUXpressoIDE_24.12.148/ide/plugins/com.nxp.mcuxpresso.tools.macosx_24.12.0.202407110909/tools/bin/../lib/gcc/arm-none-eabi/13.2.1/../../../../arm-none-eabi/lib/thumb/v8-m.main+fp/hard/libcr_c.a(ftell.o)
 .debug_abbrev  0x000030bc       0xfb /Applications/MCUXpressoIDE_24.12.148/ide/plugins/com.nxp.mcuxpresso.tools.macosx_24.12.0.202407110909/tools/bin/../lib/gcc/arm-none-eabi/13.2.1/../../../../arm-none-eabi/lib/thumb/v8-m.main+fp/hard/libcr_c.a(remove.o)
 .debug_abbrev  0x000031b7       0x6b /Applications/MCUXpressoIDE_24.12.148/ide/plugins/com.nxp.mcuxpresso.tools.macosx_24.12.0.202407110909/tools/bin/../lib/gcc/arm-none-eabi/13.2.1/../../../../arm-none-eabi/lib/thumb/v8-m.main+fp/hard/libcr_c.a(_cr_check_heap.o)
 .debug_abbrev  0x00003222      0x12c /Applications/MCUXpressoIDE_24.12.148/ide/plugins/com.nxp.mcuxpresso.tools.macosx_24.12.0.202407110909/tools/bin/../lib/gcc/arm-none-eabi/13.2.1/../../../../arm-none-eabi/lib/thumb/v8-m.main+fp/hard/libcr_c.a(_do_fflush.o)
 .debug_abbrev  0x0000334e       0xb5 /Applications/MCUXpressoIDE_24.12.148/ide/plugins/com.nxp.mcuxpresso.tools.macosx_24.12.0.202407110909/tools/bin/../lib/gcc/arm-none-eabi/13.2.1/../../../../arm-none-eabi/lib/thumb/v8-m.main+fp/hard/libcr_semihost_nf.a(__ciob.o)

.debug_aranges  0x00000000      0xbd0
 .debug_aranges
                0x00000000       0x28 ./utilities/fsl_assert.o
 .debug_aranges
                0x00000028      0x268 ./startup/startup_lpc55s69_cm33_core0.o
 .debug_aranges
                0x00000290       0x60 ./source/gpio.o
 .debug_aranges
                0x000002f0       0x20 ./source/main.o
 .debug_aranges
                0x00000310       0x58 ./source/sd_card.o
 .debug_aranges
                0x00000368       0x20 ./source/semihost_hardfault.o
 .debug_aranges
                0x00000388      0x228 ./drivers/fsl_clock.o
 .debug_aranges
                0x000005b0       0x90 ./drivers/fsl_flexcomm.o
 .debug_aranges
                0x00000640       0x38 ./drivers/fsl_gpio.o
 .debug_aranges
                0x00000678       0xc8 ./drivers/fsl_power.o
 .debug_aranges
                0x00000740       0x30 ./drivers/fsl_reset.o
 .debug_aranges
                0x00000770       0x88 ./device/system_LPC55S69_cm33_core0.o
 .debug_aranges
                0x000007f8       0x30 ./board/board.o
 .debug_aranges
                0x00000828       0x50 ./board/clock_config.o
 .debug_aranges
                0x00000878       0x20 /Applications/MCUXpressoIDE_24.12.148/ide/plugins/com.nxp.mcuxpresso.tools.macosx_24.12.0.202407110909/tools/bin/../lib/gcc/arm-none-eabi/13.2.1/../../../../arm-none-eabi/lib/thumb/v8-m.main+fp/hard/libcr_semihost_nf.a(_cr__main.o)
 .debug_aranges
                0x00000898       0x20 /Applications/MCUXpressoIDE_24.12.148/ide/plugins/com.nxp.mcuxpresso.tools.macosx_24.12.0.202407110909/tools/bin/../lib/gcc/arm-none-eabi/13.2.1/../../../../arm-none-eabi/lib/thumb/v8-m.main+fp/hard/libcr_c.a(memcpy.o)
 .debug_aranges
                0x000008b8       0x20 /Applications/MCUXpressoIDE_24.12.148/ide/plugins/com.nxp.mcuxpresso.tools.macosx_24.12.0.202407110909/tools/bin/../lib/gcc/arm-none-eabi/13.2.1/../../../../arm-none-eabi/lib/thumb/v8-m.main+fp/hard/libcr_c.a(memset.o)
 .debug_aranges
                0x000008d8       0x40 /Applications/MCUXpressoIDE_24.12.148/ide/plugins/com.nxp.mcuxpresso.tools.macosx_24.12.0.202407110909/tools/bin/../lib/gcc/arm-none-eabi/13.2.1/../../../../arm-none-eabi/lib/thumb/v8-m.main+fp/hard/libcr_c.a(alloc.o)
 .debug_aranges
                0x00000918       0x18 /Applications/MCUXpressoIDE_24.12.148/ide/plugins/com.nxp.mcuxpresso.tools.macosx_24.12.0.202407110909/tools/bin/../lib/gcc/arm-none-eabi/13.2.1/../../../../arm-none-eabi/lib/thumb/v8-m.main+fp/hard/libcr_c.a(errno.o)
 .debug_aranges
                0x00000930       0x28 /Applications/MCUXpressoIDE_24.12.148/ide/plugins/com.nxp.mcuxpresso.tools.macosx_24.12.0.202407110909/tools/bin/../lib/gcc/arm-none-eabi/13.2.1/../../../../arm-none-eabi/lib/thumb/v8-m.main+fp/hard/libcr_c.a(initio.o)
 .debug_aranges
                0x00000958       0x70 /Applications/MCUXpressoIDE_24.12.148/ide/plugins/com.nxp.mcuxpresso.tools.macosx_24.12.0.202407110909/tools/bin/../lib/gcc/arm-none-eabi/13.2.1/../../../../arm-none-eabi/lib/thumb/v8-m.main+fp/hard/libcr_c.a(printf.o)
 .debug_aranges
                0x000009c8       0x20 /Applications/MCUXpressoIDE_24.12.148/ide/plugins/com.nxp.mcuxpresso.tools.macosx_24.12.0.202407110909/tools/bin/../lib/gcc/arm-none-eabi/13.2.1/../../../../arm-none-eabi/lib/thumb/v8-m.main+fp/hard/libcr_c.a(setvbuf.o)
 .debug_aranges
                0x000009e8       0x20 /Applications/MCUXpressoIDE_24.12.148/ide/plugins/com.nxp.mcuxpresso.tools.macosx_24.12.0.202407110909/tools/bin/../lib/gcc/arm-none-eabi/13.2.1/../../../../arm-none-eabi/lib/thumb/v8-m.main+fp/hard/libcr_c.a(strlen.o)
 .debug_aranges
                0x00000a08       0x20 /Applications/MCUXpressoIDE_24.12.148/ide/plugins/com.nxp.mcuxpresso.tools.macosx_24.12.0.202407110909/tools/bin/../lib/gcc/arm-none-eabi/13.2.1/../../../../arm-none-eabi/lib/thumb/v8-m.main+fp/hard/libcr_c.a(__init_alloc.o)
 .debug_aranges
                0x00000a28       0x20 /Applications/MCUXpressoIDE_24.12.148/ide/plugins/com.nxp.mcuxpresso.tools.macosx_24.12.0.202407110909/tools/bin/../lib/gcc/arm-none-eabi/13.2.1/../../../../arm-none-eabi/lib/thumb/v8-m.main+fp/hard/libcr_c.a(_cr_sbrk.o)
 .debug_aranges
                0x00000a48       0x28 /Applications/MCUXpressoIDE_24.12.148/ide/plugins/com.nxp.mcuxpresso.tools.macosx_24.12.0.202407110909/tools/bin/../lib/gcc/arm-none-eabi/13.2.1/../../../../arm-none-eabi/lib/thumb/v8-m.main+fp/hard/libcr_c.a(_deferredlazyseek.o)
 .debug_aranges
                0x00000a70       0x20 /Applications/MCUXpressoIDE_24.12.148/ide/plugins/com.nxp.mcuxpresso.tools.macosx_24.12.0.202407110909/tools/bin/../lib/gcc/arm-none-eabi/13.2.1/../../../../arm-none-eabi/lib/thumb/v8-m.main+fp/hard/libcr_c.a(_fdopen.o)
 .debug_aranges
                0x00000a90       0x20 /Applications/MCUXpressoIDE_24.12.148/ide/plugins/com.nxp.mcuxpresso.tools.macosx_24.12.0.202407110909/tools/bin/../lib/gcc/arm-none-eabi/13.2.1/../../../../arm-none-eabi/lib/thumb/v8-m.main+fp/hard/libcr_c.a(_fflush.o)
 .debug_aranges
                0x00000ab0       0x20 /Applications/MCUXpressoIDE_24.12.148/ide/plugins/com.nxp.mcuxpresso.tools.macosx_24.12.0.202407110909/tools/bin/../lib/gcc/arm-none-eabi/13.2.1/../../../../arm-none-eabi/lib/thumb/v8-m.main+fp/hard/libcr_c.a(_writebuf.o)
 .debug_aranges
                0x00000ad0       0x20 /Applications/MCUXpressoIDE_24.12.148/ide/plugins/com.nxp.mcuxpresso.tools.macosx_24.12.0.202407110909/tools/bin/../lib/gcc/arm-none-eabi/13.2.1/../../../../arm-none-eabi/lib/thumb/v8-m.main+fp/hard/libcr_c.a(fclose.o)
 .debug_aranges
                0x00000af0       0x20 /Applications/MCUXpressoIDE_24.12.148/ide/plugins/com.nxp.mcuxpresso.tools.macosx_24.12.0.202407110909/tools/bin/../lib/gcc/arm-none-eabi/13.2.1/../../../../arm-none-eabi/lib/thumb/v8-m.main+fp/hard/libcr_c.a(fflush.o)
 .debug_aranges
                0x00000b10       0x20 /Applications/MCUXpressoIDE_24.12.148/ide/plugins/com.nxp.mcuxpresso.tools.macosx_24.12.0.202407110909/tools/bin/../lib/gcc/arm-none-eabi/13.2.1/../../../../arm-none-eabi/lib/thumb/v8-m.main+fp/hard/libcr_c.a(fseek.o)
 .debug_aranges
                0x00000b30       0x20 /Applications/MCUXpressoIDE_24.12.148/ide/plugins/com.nxp.mcuxpresso.tools.macosx_24.12.0.202407110909/tools/bin/../lib/gcc/arm-none-eabi/13.2.1/../../../../arm-none-eabi/lib/thumb/v8-m.main+fp/hard/libcr_c.a(ftell.o)
 .debug_aranges
                0x00000b50       0x28 /Applications/MCUXpressoIDE_24.12.148/ide/plugins/com.nxp.mcuxpresso.tools.macosx_24.12.0.202407110909/tools/bin/../lib/gcc/arm-none-eabi/13.2.1/../../../../arm-none-eabi/lib/thumb/v8-m.main+fp/hard/libcr_c.a(remove.o)
 .debug_aranges
                0x00000b78       0x20 /Applications/MCUXpressoIDE_24.12.148/ide/plugins/com.nxp.mcuxpresso.tools.macosx_24.12.0.202407110909/tools/bin/../lib/gcc/arm-none-eabi/13.2.1/../../../../arm-none-eabi/lib/thumb/v8-m.main+fp/hard/libcr_c.a(_cr_check_heap.o)
 .debug_aranges
                0x00000b98       0x20 /Applications/MCUXpressoIDE_24.12.148/ide/plugins/com.nxp.mcuxpresso.tools.macosx_24.12.0.202407110909/tools/bin/../lib/gcc/arm-none-eabi/13.2.1/../../../../arm-none-eabi/lib/thumb/v8-m.main+fp/hard/libcr_c.a(_do_fflush.o)
 .debug_aranges
                0x00000bb8       0x18 /Applications/MCUXpressoIDE_24.12.148/ide/plugins/com.nxp.mcuxpresso.tools.macosx_24.12.0.202407110909/tools/bin/../lib/gcc/arm-none-eabi/13.2.1/../../../../arm-none-eabi/lib/thumb/v8-m.main+fp/hard/libcr_semihost_nf.a(__ciob.o)

.debug_ranges   0x00000000      0xb80
 .debug_ranges  0x00000000       0x18 ./utilities/fsl_assert.o
 .debug_ranges  0x00000018      0x258 ./startup/startup_lpc55s69_cm33_core0.o
 .debug_ranges  0x00000270       0x50 ./source/gpio.o
 .debug_ranges  0x000002c0       0x10 ./source/main.o
 .debug_ranges  0x000002d0       0x48 ./source/sd_card.o
 .debug_ranges  0x00000318       0x10 ./source/semihost_hardfault.o
 .debug_ranges  0x00000328      0x218 ./drivers/fsl_clock.o
 .debug_ranges  0x00000540       0x80 ./drivers/fsl_flexcomm.o
 .debug_ranges  0x000005c0       0x28 ./drivers/fsl_gpio.o
 .debug_ranges  0x000005e8       0xb8 ./drivers/fsl_power.o
 .debug_ranges  0x000006a0       0x20 ./drivers/fsl_reset.o
 .debug_ranges  0x000006c0       0x78 ./device/system_LPC55S69_cm33_core0.o
 .debug_ranges  0x00000738       0x20 ./board/board.o
 .debug_ranges  0x00000758       0x40 ./board/clock_config.o
 .debug_ranges  0x00000798       0x10 /Applications/MCUXpressoIDE_24.12.148/ide/plugins/com.nxp.mcuxpresso.tools.macosx_24.12.0.202407110909/tools/bin/../lib/gcc/arm-none-eabi/13.2.1/../../../../arm-none-eabi/lib/thumb/v8-m.main+fp/hard/libcr_semihost_nf.a(_cr__main.o)
 .debug_ranges  0x000007a8       0x10 /Applications/MCUXpressoIDE_24.12.148/ide/plugins/com.nxp.mcuxpresso.tools.macosx_24.12.0.202407110909/tools/bin/../lib/gcc/arm-none-eabi/13.2.1/../../../../arm-none-eabi/lib/thumb/v8-m.main+fp/hard/libcr_c.a(memcpy.o)
 .debug_ranges  0x000007b8       0x10 /Applications/MCUXpressoIDE_24.12.148/ide/plugins/com.nxp.mcuxpresso.tools.macosx_24.12.0.202407110909/tools/bin/../lib/gcc/arm-none-eabi/13.2.1/../../../../arm-none-eabi/lib/thumb/v8-m.main+fp/hard/libcr_c.a(memset.o)
 .debug_ranges  0x000007c8       0x48 /Applications/MCUXpressoIDE_24.12.148/ide/plugins/com.nxp.mcuxpresso.tools.macosx_24.12.0.202407110909/tools/bin/../lib/gcc/arm-none-eabi/13.2.1/../../../../arm-none-eabi/lib/thumb/v8-m.main+fp/hard/libcr_c.a(alloc.o)
 .debug_ranges  0x00000810       0x18 /Applications/MCUXpressoIDE_24.12.148/ide/plugins/com.nxp.mcuxpresso.tools.macosx_24.12.0.202407110909/tools/bin/../lib/gcc/arm-none-eabi/13.2.1/../../../../arm-none-eabi/lib/thumb/v8-m.main+fp/hard/libcr_c.a(initio.o)
 .debug_ranges  0x00000828      0x210 /Applications/MCUXpressoIDE_24.12.148/ide/plugins/com.nxp.mcuxpresso.tools.macosx_24.12.0.202407110909/tools/bin/../lib/gcc/arm-none-eabi/13.2.1/../../../../arm-none-eabi/lib/thumb/v8-m.main+fp/hard/libcr_c.a(printf.o)
 .debug_ranges  0x00000a38       0x10 /Applications/MCUXpressoIDE_24.12.148/ide/plugins/com.nxp.mcuxpresso.tools.macosx_24.12.0.202407110909/tools/bin/../lib/gcc/arm-none-eabi/13.2.1/../../../../arm-none-eabi/lib/thumb/v8-m.main+fp/hard/libcr_c.a(setvbuf.o)
 .debug_ranges  0x00000a48       0x10 /Applications/MCUXpressoIDE_24.12.148/ide/plugins/com.nxp.mcuxpresso.tools.macosx_24.12.0.202407110909/tools/bin/../lib/gcc/arm-none-eabi/13.2.1/../../../../arm-none-eabi/lib/thumb/v8-m.main+fp/hard/libcr_c.a(strlen.o)
 .debug_ranges  0x00000a58       0x10 /Applications/MCUXpressoIDE_24.12.148/ide/plugins/com.nxp.mcuxpresso.tools.macosx_24.12.0.202407110909/tools/bin/../lib/gcc/arm-none-eabi/13.2.1/../../../../arm-none-eabi/lib/thumb/v8-m.main+fp/hard/libcr_c.a(__init_alloc.o)
 .debug_ranges  0x00000a68       0x10 /Applications/MCUXpressoIDE_24.12.148/ide/plugins/com.nxp.mcuxpresso.tools.macosx_24.12.0.202407110909/tools/bin/../lib/gcc/arm-none-eabi/13.2.1/../../../../arm-none-eabi/lib/thumb/v8-m.main+fp/hard/libcr_c.a(_cr_sbrk.o)
 .debug_ranges  0x00000a78       0x30 /Applications/MCUXpressoIDE_24.12.148/ide/plugins/com.nxp.mcuxpresso.tools.macosx_24.12.0.202407110909/tools/bin/../lib/gcc/arm-none-eabi/13.2.1/../../../../arm-none-eabi/lib/thumb/v8-m.main+fp/hard/libcr_c.a(_deferredlazyseek.o)
 .debug_ranges  0x00000aa8       0x10 /Applications/MCUXpressoIDE_24.12.148/ide/plugins/com.nxp.mcuxpresso.tools.macosx_24.12.0.202407110909/tools/bin/../lib/gcc/arm-none-eabi/13.2.1/../../../../arm-none-eabi/lib/thumb/v8-m.main+fp/hard/libcr_c.a(_fdopen.o)
 .debug_ranges  0x00000ab8       0x10 /Applications/MCUXpressoIDE_24.12.148/ide/plugins/com.nxp.mcuxpresso.tools.macosx_24.12.0.202407110909/tools/bin/../lib/gcc/arm-none-eabi/13.2.1/../../../../arm-none-eabi/lib/thumb/v8-m.main+fp/hard/libcr_c.a(_fflush.o)
 .debug_ranges  0x00000ac8       0x10 /Applications/MCUXpressoIDE_24.12.148/ide/plugins/com.nxp.mcuxpresso.tools.macosx_24.12.0.202407110909/tools/bin/../lib/gcc/arm-none-eabi/13.2.1/../../../../arm-none-eabi/lib/thumb/v8-m.main+fp/hard/libcr_c.a(_writebuf.o)
 .debug_ranges  0x00000ad8       0x10 /Applications/MCUXpressoIDE_24.12.148/ide/plugins/com.nxp.mcuxpresso.tools.macosx_24.12.0.202407110909/tools/bin/../lib/gcc/arm-none-eabi/13.2.1/../../../../arm-none-eabi/lib/thumb/v8-m.main+fp/hard/libcr_c.a(fclose.o)
 .debug_ranges  0x00000ae8       0x28 /Applications/MCUXpressoIDE_24.12.148/ide/plugins/com.nxp.mcuxpresso.tools.macosx_24.12.0.202407110909/tools/bin/../lib/gcc/arm-none-eabi/13.2.1/../../../../arm-none-eabi/lib/thumb/v8-m.main+fp/hard/libcr_c.a(fflush.o)
 .debug_ranges  0x00000b10       0x10 /Applications/MCUXpressoIDE_24.12.148/ide/plugins/com.nxp.mcuxpresso.tools.macosx_24.12.0.202407110909/tools/bin/../lib/gcc/arm-none-eabi/13.2.1/../../../../arm-none-eabi/lib/thumb/v8-m.main+fp/hard/libcr_c.a(fseek.o)
 .debug_ranges  0x00000b20       0x10 /Applications/MCUXpressoIDE_24.12.148/ide/plugins/com.nxp.mcuxpresso.tools.macosx_24.12.0.202407110909/tools/bin/../lib/gcc/arm-none-eabi/13.2.1/../../../../arm-none-eabi/lib/thumb/v8-m.main+fp/hard/libcr_c.a(ftell.o)
 .debug_ranges  0x00000b30       0x18 /Applications/MCUXpressoIDE_24.12.148/ide/plugins/com.nxp.mcuxpresso.tools.macosx_24.12.0.202407110909/tools/bin/../lib/gcc/arm-none-eabi/13.2.1/../../../../arm-none-eabi/lib/thumb/v8-m.main+fp/hard/libcr_c.a(remove.o)
 .debug_ranges  0x00000b48       0x10 /Applications/MCUXpressoIDE_24.12.148/ide/plugins/com.nxp.mcuxpresso.tools.macosx_24.12.0.202407110909/tools/bin/../lib/gcc/arm-none-eabi/13.2.1/../../../../arm-none-eabi/lib/thumb/v8-m.main+fp/hard/libcr_c.a(_cr_check_heap.o)
 .debug_ranges  0x00000b58       0x28 /Applications/MCUXpressoIDE_24.12.148/ide/plugins/com.nxp.mcuxpresso.tools.macosx_24.12.0.202407110909/tools/bin/../lib/gcc/arm-none-eabi/13.2.1/../../../../arm-none-eabi/lib/thumb/v8-m.main+fp/hard/libcr_c.a(_do_fflush.o)

.debug_macro    0x00000000     0x3359
 .debug_macro   0x00000000      0x34b ./utilities/fsl_assert.o
 .debug_macro   0x0000034b       0x1c ./utilities/fsl_assert.o
 .debug_macro   0x00000367       0x22 ./utilities/fsl_assert.o
 .debug_macro   0x00000389       0x16 ./utilities/fsl_assert.o
 .debug_macro   0x0000039f       0x29 ./startup/startup_lpc55s69_cm33_core0.o
 .debug_macro   0x000003c8      0x31c ./source/gpio.o
 .debug_macro   0x000006e4       0x34 ./source/gpio.o
 .debug_macro   0x00000718       0xfe ./source/gpio.o
 .debug_macro   0x00000816      0x386 ./source/main.o
 .debug_macro   0x00000b9c       0x35 ./source/main.o
 .debug_macro   0x00000bd1       0x10 ./source/main.o
 .debug_macro   0x00000be1      0x1f0 ./source/main.o
 .debug_macro   0x00000dd1       0x3a ./source/main.o
 .debug_macro   0x00000e0b      0x380 ./source/sd_card.o
 .debug_macro   0x0000118b       0x11 ./source/semihost_hardfault.o
 .debug_macro   0x0000119c      0x399 ./drivers/fsl_clock.o
 .debug_macro   0x00001535      0x304 ./drivers/fsl_clock.o
 .debug_macro   0x00001839      0x303 ./drivers/fsl_flexcomm.o
 .debug_macro   0x00001b3c       0x10 ./drivers/fsl_flexcomm.o
 .debug_macro   0x00001b4c      0x30a ./drivers/fsl_gpio.o
 .debug_macro   0x00001e56      0x5ce ./drivers/fsl_power.o
 .debug_macro   0x00002424      0x2fa ./drivers/fsl_reset.o
 .debug_macro   0x0000271e      0x27f ./device/system_LPC55S69_cm33_core0.o
 .debug_macro   0x0000299d      0x375 ./board/board.o
 .debug_macro   0x00002d12      0x31a ./board/clock_config.o
 .debug_macro   0x0000302c      0x2fe ./board/clock_config.o
 .debug_macro   0x0000332a       0x2f ./board/clock_config.o

.debug_line     0x00000000     0xc0c0
 .debug_line    0x00000000      0x957 ./utilities/fsl_assert.o
 .debug_line    0x00000957      0x794 ./startup/startup_lpc55s69_cm33_core0.o
 .debug_line    0x000010eb      0x8cd ./source/gpio.o
 .debug_line    0x000019b8      0x9ef ./source/main.o
 .debug_line    0x000023a7      0xc2f ./source/sd_card.o
 .debug_line    0x00002fd6       0x59 ./source/semihost_hardfault.o
 .debug_line    0x0000302f     0x1bf1 ./drivers/fsl_clock.o
 .debug_line    0x00004c20      0xa3e ./drivers/fsl_flexcomm.o
 .debug_line    0x0000565e      0x828 ./drivers/fsl_gpio.o
 .debug_line    0x00005e86     0x131a ./drivers/fsl_power.o
 .debug_line    0x000071a0      0x80f ./drivers/fsl_reset.o
 .debug_line    0x000079af      0xb31 ./device/system_LPC55S69_cm33_core0.o
 .debug_line    0x000084e0      0x995 ./board/board.o
 .debug_line    0x00008e75      0x8f3 ./board/clock_config.o
 .debug_line    0x00009768       0xc4 /Applications/MCUXpressoIDE_24.12.148/ide/plugins/com.nxp.mcuxpresso.tools.macosx_24.12.0.202407110909/tools/bin/../lib/gcc/arm-none-eabi/13.2.1/../../../../arm-none-eabi/lib/thumb/v8-m.main+fp/hard/libcr_semihost_nf.a(_cr__main.o)
 .debug_line    0x0000982c       0x9b /Applications/MCUXpressoIDE_24.12.148/ide/plugins/com.nxp.mcuxpresso.tools.macosx_24.12.0.202407110909/tools/bin/../lib/gcc/arm-none-eabi/13.2.1/../../../../arm-none-eabi/lib/thumb/v8-m.main+fp/hard/libcr_c.a(memcpy.o)
 .debug_line    0x000098c7       0x7b /Applications/MCUXpressoIDE_24.12.148/ide/plugins/com.nxp.mcuxpresso.tools.macosx_24.12.0.202407110909/tools/bin/../lib/gcc/arm-none-eabi/13.2.1/../../../../arm-none-eabi/lib/thumb/v8-m.main+fp/hard/libcr_c.a(memset.o)
 .debug_line    0x00009942      0x37d /Applications/MCUXpressoIDE_24.12.148/ide/plugins/com.nxp.mcuxpresso.tools.macosx_24.12.0.202407110909/tools/bin/../lib/gcc/arm-none-eabi/13.2.1/../../../../arm-none-eabi/lib/thumb/v8-m.main+fp/hard/libcr_c.a(alloc.o)
 .debug_line    0x00009cbf       0x4e /Applications/MCUXpressoIDE_24.12.148/ide/plugins/com.nxp.mcuxpresso.tools.macosx_24.12.0.202407110909/tools/bin/../lib/gcc/arm-none-eabi/13.2.1/../../../../arm-none-eabi/lib/thumb/v8-m.main+fp/hard/libcr_c.a(errno.o)
 .debug_line    0x00009d0d      0x149 /Applications/MCUXpressoIDE_24.12.148/ide/plugins/com.nxp.mcuxpresso.tools.macosx_24.12.0.202407110909/tools/bin/../lib/gcc/arm-none-eabi/13.2.1/../../../../arm-none-eabi/lib/thumb/v8-m.main+fp/hard/libcr_c.a(initio.o)
 .debug_line    0x00009e56     0x1071 /Applications/MCUXpressoIDE_24.12.148/ide/plugins/com.nxp.mcuxpresso.tools.macosx_24.12.0.202407110909/tools/bin/../lib/gcc/arm-none-eabi/13.2.1/../../../../arm-none-eabi/lib/thumb/v8-m.main+fp/hard/libcr_c.a(printf.o)
 .debug_line    0x0000aec7       0xec /Applications/MCUXpressoIDE_24.12.148/ide/plugins/com.nxp.mcuxpresso.tools.macosx_24.12.0.202407110909/tools/bin/../lib/gcc/arm-none-eabi/13.2.1/../../../../arm-none-eabi/lib/thumb/v8-m.main+fp/hard/libcr_c.a(setvbuf.o)
 .debug_line    0x0000afb3      0x109 /Applications/MCUXpressoIDE_24.12.148/ide/plugins/com.nxp.mcuxpresso.tools.macosx_24.12.0.202407110909/tools/bin/../lib/gcc/arm-none-eabi/13.2.1/../../../../arm-none-eabi/lib/thumb/v8-m.main+fp/hard/libcr_c.a(strlen.o)
 .debug_line    0x0000b0bc       0x59 /Applications/MCUXpressoIDE_24.12.148/ide/plugins/com.nxp.mcuxpresso.tools.macosx_24.12.0.202407110909/tools/bin/../lib/gcc/arm-none-eabi/13.2.1/../../../../arm-none-eabi/lib/thumb/v8-m.main+fp/hard/libcr_c.a(__init_alloc.o)
 .debug_line    0x0000b115       0xfb /Applications/MCUXpressoIDE_24.12.148/ide/plugins/com.nxp.mcuxpresso.tools.macosx_24.12.0.202407110909/tools/bin/../lib/gcc/arm-none-eabi/13.2.1/../../../../arm-none-eabi/lib/thumb/v8-m.main+fp/hard/libcr_c.a(_cr_sbrk.o)
 .debug_line    0x0000b210      0x2e9 /Applications/MCUXpressoIDE_24.12.148/ide/plugins/com.nxp.mcuxpresso.tools.macosx_24.12.0.202407110909/tools/bin/../lib/gcc/arm-none-eabi/13.2.1/../../../../arm-none-eabi/lib/thumb/v8-m.main+fp/hard/libcr_c.a(_deferredlazyseek.o)
 .debug_line    0x0000b4f9      0x11c /Applications/MCUXpressoIDE_24.12.148/ide/plugins/com.nxp.mcuxpresso.tools.macosx_24.12.0.202407110909/tools/bin/../lib/gcc/arm-none-eabi/13.2.1/../../../../arm-none-eabi/lib/thumb/v8-m.main+fp/hard/libcr_c.a(_fdopen.o)
 .debug_line    0x0000b615      0x11f /Applications/MCUXpressoIDE_24.12.148/ide/plugins/com.nxp.mcuxpresso.tools.macosx_24.12.0.202407110909/tools/bin/../lib/gcc/arm-none-eabi/13.2.1/../../../../arm-none-eabi/lib/thumb/v8-m.main+fp/hard/libcr_c.a(_fflush.o)
 .debug_line    0x0000b734      0x12d /Applications/MCUXpressoIDE_24.12.148/ide/plugins/com.nxp.mcuxpresso.tools.macosx_24.12.0.202407110909/tools/bin/../lib/gcc/arm-none-eabi/13.2.1/../../../../arm-none-eabi/lib/thumb/v8-m.main+fp/hard/libcr_c.a(_writebuf.o)
 .debug_line    0x0000b861      0x10f /Applications/MCUXpressoIDE_24.12.148/ide/plugins/com.nxp.mcuxpresso.tools.macosx_24.12.0.202407110909/tools/bin/../lib/gcc/arm-none-eabi/13.2.1/../../../../arm-none-eabi/lib/thumb/v8-m.main+fp/hard/libcr_c.a(fclose.o)
 .debug_line    0x0000b970       0xe1 /Applications/MCUXpressoIDE_24.12.148/ide/plugins/com.nxp.mcuxpresso.tools.macosx_24.12.0.202407110909/tools/bin/../lib/gcc/arm-none-eabi/13.2.1/../../../../arm-none-eabi/lib/thumb/v8-m.main+fp/hard/libcr_c.a(fflush.o)
 .debug_line    0x0000ba51      0x232 /Applications/MCUXpressoIDE_24.12.148/ide/plugins/com.nxp.mcuxpresso.tools.macosx_24.12.0.202407110909/tools/bin/../lib/gcc/arm-none-eabi/13.2.1/../../../../arm-none-eabi/lib/thumb/v8-m.main+fp/hard/libcr_c.a(fseek.o)
 .debug_line    0x0000bc83      0x10a /Applications/MCUXpressoIDE_24.12.148/ide/plugins/com.nxp.mcuxpresso.tools.macosx_24.12.0.202407110909/tools/bin/../lib/gcc/arm-none-eabi/13.2.1/../../../../arm-none-eabi/lib/thumb/v8-m.main+fp/hard/libcr_c.a(ftell.o)
 .debug_line    0x0000bd8d       0xec /Applications/MCUXpressoIDE_24.12.148/ide/plugins/com.nxp.mcuxpresso.tools.macosx_24.12.0.202407110909/tools/bin/../lib/gcc/arm-none-eabi/13.2.1/../../../../arm-none-eabi/lib/thumb/v8-m.main+fp/hard/libcr_c.a(remove.o)
 .debug_line    0x0000be79       0x61 /Applications/MCUXpressoIDE_24.12.148/ide/plugins/com.nxp.mcuxpresso.tools.macosx_24.12.0.202407110909/tools/bin/../lib/gcc/arm-none-eabi/13.2.1/../../../../arm-none-eabi/lib/thumb/v8-m.main+fp/hard/libcr_c.a(_cr_check_heap.o)
 .debug_line    0x0000beda       0xfc /Applications/MCUXpressoIDE_24.12.148/ide/plugins/com.nxp.mcuxpresso.tools.macosx_24.12.0.202407110909/tools/bin/../lib/gcc/arm-none-eabi/13.2.1/../../../../arm-none-eabi/lib/thumb/v8-m.main+fp/hard/libcr_c.a(_do_fflush.o)
 .debug_line    0x0000bfd6       0xea /Applications/MCUXpressoIDE_24.12.148/ide/plugins/com.nxp.mcuxpresso.tools.macosx_24.12.0.202407110909/tools/bin/../lib/gcc/arm-none-eabi/13.2.1/../../../../arm-none-eabi/lib/thumb/v8-m.main+fp/hard/libcr_semihost_nf.a(__ciob.o)

.debug_str      0x00000000    0xc09de
 .debug_str     0x00000000    0xc09de ./utilities/fsl_assert.o
                              0xb620c (size before relaxing)
 .debug_str     0x000c09de     0x3676 ./startup/startup_lpc55s69_cm33_core0.o
 .debug_str     0x000c09de    0xb68d4 ./source/gpio.o
 .debug_str     0x000c09de    0xb788a ./source/main.o
 .debug_str     0x000c09de    0xb6f4a ./source/sd_card.o
 .debug_str     0x000c09de     0x2f78 ./source/semihost_hardfault.o
 .debug_str     0x000c09de    0xba417 ./drivers/fsl_clock.o
 .debug_str     0x000c09de    0xb7a4f ./drivers/fsl_flexcomm.o
 .debug_str     0x000c09de    0xb73e6 ./drivers/fsl_gpio.o
 .debug_str     0x000c09de    0xba83c ./drivers/fsl_power.o
 .debug_str     0x000c09de    0xb6294 ./drivers/fsl_reset.o
 .debug_str     0x000c09de    0xb2ed9 ./device/system_LPC55S69_cm33_core0.o
 .debug_str     0x000c09de    0xb8cf9 ./board/board.o
 .debug_str     0x000c09de    0xb8421 ./board/clock_config.o
 .debug_str     0x000c09de      0x19b /Applications/MCUXpressoIDE_24.12.148/ide/plugins/com.nxp.mcuxpresso.tools.macosx_24.12.0.202407110909/tools/bin/../lib/gcc/arm-none-eabi/13.2.1/../../../../arm-none-eabi/lib/thumb/v8-m.main+fp/hard/libcr_semihost_nf.a(_cr__main.o)
 .debug_str     0x000c09de      0x1e7 /Applications/MCUXpressoIDE_24.12.148/ide/plugins/com.nxp.mcuxpresso.tools.macosx_24.12.0.202407110909/tools/bin/../lib/gcc/arm-none-eabi/13.2.1/../../../../arm-none-eabi/lib/thumb/v8-m.main+fp/hard/libcr_c.a(memcpy.o)
 .debug_str     0x000c09de      0x1b0 /Applications/MCUXpressoIDE_24.12.148/ide/plugins/com.nxp.mcuxpresso.tools.macosx_24.12.0.202407110909/tools/bin/../lib/gcc/arm-none-eabi/13.2.1/../../../../arm-none-eabi/lib/thumb/v8-m.main+fp/hard/libcr_c.a(memset.o)
 .debug_str     0x000c09de      0x263 /Applications/MCUXpressoIDE_24.12.148/ide/plugins/com.nxp.mcuxpresso.tools.macosx_24.12.0.202407110909/tools/bin/../lib/gcc/arm-none-eabi/13.2.1/../../../../arm-none-eabi/lib/thumb/v8-m.main+fp/hard/libcr_c.a(alloc.o)
 .debug_str     0x000c09de      0x144 /Applications/MCUXpressoIDE_24.12.148/ide/plugins/com.nxp.mcuxpresso.tools.macosx_24.12.0.202407110909/tools/bin/../lib/gcc/arm-none-eabi/13.2.1/../../../../arm-none-eabi/lib/thumb/v8-m.main+fp/hard/libcr_c.a(errno.o)
 .debug_str     0x000c09de      0x26d /Applications/MCUXpressoIDE_24.12.148/ide/plugins/com.nxp.mcuxpresso.tools.macosx_24.12.0.202407110909/tools/bin/../lib/gcc/arm-none-eabi/13.2.1/../../../../arm-none-eabi/lib/thumb/v8-m.main+fp/hard/libcr_c.a(initio.o)
 .debug_str     0x000c09de      0x437 /Applications/MCUXpressoIDE_24.12.148/ide/plugins/com.nxp.mcuxpresso.tools.macosx_24.12.0.202407110909/tools/bin/../lib/gcc/arm-none-eabi/13.2.1/../../../../arm-none-eabi/lib/thumb/v8-m.main+fp/hard/libcr_c.a(printf.o)
 .debug_str     0x000c09de      0x263 /Applications/MCUXpressoIDE_24.12.148/ide/plugins/com.nxp.mcuxpresso.tools.macosx_24.12.0.202407110909/tools/bin/../lib/gcc/arm-none-eabi/13.2.1/../../../../arm-none-eabi/lib/thumb/v8-m.main+fp/hard/libcr_c.a(setvbuf.o)
 .debug_str     0x000c09de      0x1aa /Applications/MCUXpressoIDE_24.12.148/ide/plugins/com.nxp.mcuxpresso.tools.macosx_24.12.0.202407110909/tools/bin/../lib/gcc/arm-none-eabi/13.2.1/../../../../arm-none-eabi/lib/thumb/v8-m.main+fp/hard/libcr_c.a(strlen.o)